Practica_1/avocado_standarized.csv
Date,AveragePrice,Total Volume,4046,4225,Total Bags,Small Bags,type,region
2015-12-27,0.43414634146341463,0.14090439088570492,0.006975124786471996,0.3858166042944047,0.07767232470571467,0.13191161776567972,conventional,Albany
2015-12-20,0.44390243902439025,0.12034675995211558,0.004536515559371046,0.3162692412878396,0.08489478891022322,0.14424553080595823,conventional,Albany
2015-12-13,0.23902439024390243,0.25947464842408385,0.00534669412563352,0.7733334136308309,0.07274666288465768,0.12330401987899595,conventional,Albany
2015-12-06,0.3121951219512195,0.17331362243408768,0.007616028375760846,0.509958141386889,0.05189985666531301,0.08704650120564018,conventional,Albany
2015-11-29,0.4097560975609756,0.1119182902896139,0.006334221197183147,0.3105982069096469,0.05522926896273074,0.09178197560631199,conventional,Albany
2015-11-22,0.39999999999999997,0.12276896373276978,0.007967697813217578,0.34056523297846564,0.05969444499271269,0.1005244960298277,conventional,Albany
2015-11-15,0.26829268292682923,0.18311315871428774,0.009210011982461606,0.5219766220921088,0.07429629224093053,0.12567436353742972,conventional,Albany
2015-11-08,0.2634146341463414,0.24016403072631828,0.004734787958870756,0.7213692896080396,0.06099221827240842,0.09608401135741118,conventional,Albany
2015-11-01,0.28292682926829266,0.21904132873120472,0.006876964138060025,0.6186372144892585,0.10171020100169056,0.17025583612799305,conventional,Albany
2015-10-25,0.3073170731707317,0.16309285815148117,0.005667616876096234,0.458811209719587,0.0770386655343265,0.12359931624938039,conventional,Albany
2015-10-18,0.33170731707317075,0.18616546933262246,0.0062224028300407914,0.5356021391253336,0.07328529550800397,0.12078418818259495,conventional,Albany
2015-10-11,0.4097560975609756,0.14145909487990532,0.01064380333154146,0.3732269249789928,0.0904172245978363,0.15127070198509382,conventional,Albany
2015-10-04,0.424390243902439,0.13381103256715363,0.015261121453450393,0.35340820366468334,0.07820711697044647,0.12848274547737357,conventional,Albany
2015-09-27,0.26829268292682923,0.23439857951849233,0.008106360662002411,0.7043215404649793,0.05389416382487572,0.09028878175835037,conventional,Albany
2015-09-20,0.43414634146341463,0.1530338376904265,0.0069165244267963095,0.42023780340055183,0.08276740885913574,0.13015578493408958,conventional,Albany
2015-09-13,0.4097560975609756,0.16698602139345378,0.006631932553744469,0.465467069287766,0.08293995706479068,0.13285561556030953,conventional,Albany
2015-09-06,0.32682926829268294,0.21763900716265516,0.005916887062776393,0.6381002651234432,0.0713601148035018,0.11902114926096946,conventional,Albany
2015-08-30,0.3073170731707317,0.23196154995300006,0.004635618119419594,0.6685664346068989,0.09205009149431122,0.15667772264863367,conventional,Albany
2015-08-23,0.43902439024390244,0.1755099032179355,0.004932656681954789,0.48131588232543443,0.09717321919668451,0.16475559625718753,conventional,Albany
2015-08-16,0.43414634146341463,0.17562343578360654,0.003630732961995884,0.48650371470393605,0.09326909276707751,0.1578851260322149,conventional,Albany
2015-08-09,0.33170731707317075,0.24392560689130593,0.003933355714947936,0.7153193455092681,0.08239703752950266,0.13977269538891499,conventional,Albany
2015-08-02,0.49268292682926823,0.16483755651122445,0.003430845856833468,0.43952294784394136,0.10580652398335214,0.18043620149515635,conventional,Albany
2015-07-26,0.32682926829268294,0.23429690758069177,0.00436475124450075,0.6514657599662185,0.1178247923013492,0.20026076846664065,conventional,Albany
2015-07-19,0.39999999999999997,0.21202506449381137,0.007011186546272418,0.5813260139802666,0.10080923500860195,0.17023989073727652,conventional,Albany
2015-07-12,0.2975609756097561,0.2722909134390073,0.004522857840640661,0.6709105311112655,0.2182029247278101,0.3724180924375765,conventional,Albany
2015-07-05,0.44390243902439025,0.23977700086760492,0.005849607660163665,0.5143802190421265,0.2670296013948897,0.4547991869690587,conventional,Albany
2015-06-28,0.45365853658536587,0.19646965336458447,0.004468899759745254,0.4077161407889088,0.23812081071577942,0.4034147054219388,conventional,Albany
2015-06-21,0.4048780487804878,0.23010678935944417,0.00540933124946597,0.5433439987303549,0.1953728858714189,0.3321240900969771,conventional,Albany
2015-06-14,0.4292682926829268,0.1966815852133289,0.005722651427433446,0.3925197213015564,0.25902406127569033,0.4345600398389454,conventional,Albany
2015-06-07,0.3073170731707317,0.2694086710458594,0.004418305648980482,0.702986783504249,0.2034069160928977,0.34213580229310053,conventional,Albany
2015-05-31,0.38536585365853654,0.2087449858921126,0.006205650258790223,0.49928291973037053,0.21149667616961915,0.35604968890389393,conventional,Albany
2015-05-24,0.3658536585365853,0.22268625342467394,0.004576815921536069,0.5057099314306606,0.26217261947556597,0.4409791328497894,conventional,Albany
2015-05-17,0.4829268292682926,0.2411065992160081,0.007740831667607457,0.5806583166716027,0.23807937056700929,0.4030110110588951,conventional,Albany
2015-05-10,0.39999999999999997,0.26432364648766066,0.00955656818531977,0.722681161781981,0.15023214967824491,0.25352481294446816,conventional,Albany
2015-05-03,0.3707317073170731,0.12983677777314823,0.00618883040813704,0.3223003390916086,0.1122680613182022,0.18708159639732297,conventional,Albany
2015-04-26,0.38048780487804873,0.10872439891710711,0.005891320889783555,0.2539414262819378,0.11412509798496383,0.18516324323727615,conventional,Albany
2015-04-19,0.3658536585365853,0.10758066100025904,0.005208434953264363,0.24047808657676184,0.12773139924537846,0.20856218418735464,conventional,Albany
2015-04-12,0.33658536585365845,0.1060422057807075,0.005814756929610271,0.21520307945626316,0.15276026668521944,0.25203667869163776,conventional,Albany
2015-04-05,0.3512195121951219,0.10384104896095739,0.006470731105084372,0.25207032927169704,0.09582087710039706,0.15131501177275794,conventional,Albany
2015-03-29,0.28292682926829266,0.14872902280484654,0.009434456069577667,0.41534981132449783,0.06862702981931292,0.11052133608268666,conventional,Albany
2015-03-22,0.33170731707317075,0.10161107520830723,0.01441010428980199,0.2431140881014696,0.0870748622539279,0.14186184821490586,conventional,Albany
2015-03-15,0.32682926829268294,0.09436058553459815,0.01431880614045652,0.21572043150930484,0.09262132251054782,0.1531614573535159,conventional,Albany
2015-03-08,0.3073170731707317,0.08878514597808196,0.0053532875070895665,0.21517821084894767,0.08200496370816453,0.13534493636485873,conventional,Albany
2015-03-01,0.26829268292682923,0.12192545344992389,0.004234969276860797,0.3233155592460915,0.08173220893587146,0.137775228559544,conventional,Albany
2015-02-22,0.3073170731707317,0.10013552524472046,0.007322555621564126,0.24837525098872199,0.0837692959041861,0.13799141126060427,conventional,Albany
2015-02-15,0.3024390243902439,0.09111391436806784,0.006638189538187453,0.21287464096391007,0.09210635721354654,0.15301242927874245,conventional,Albany
2015-02-08,0.26829268292682923,0.11238913525194512,0.009132304272443903,0.27711004110759535,0.09486168055343319,0.15505512582216505,conventional,Albany
2015-02-01,0.26829268292682923,0.15548193717526454,0.009108958319737289,0.42522626181613105,0.08326594099369368,0.14060798854875634,conventional,Albany
2015-01-25,0.3024390243902439,0.0989768077941545,0.006333548403157019,0.23519722718570973,0.09686474015821027,0.15490563778419786,conventional,Albany
2015-01-18,0.3560975609756097,0.09757940618975858,0.006150279310439947,0.22346547939731534,0.10646769083969976,0.17863575223377293,conventional,Albany
2015-01-11,0.39024390243902435,0.09029566282976088,0.00674711489101746,0.22417412842970688,0.07524218149874193,0.12320942078214901,conventional,Albany
2015-01-04,0.38048780487804873,0.08958885726518477,0.01896942756665875,0.20041844442964452,0.08677835084462435,0.1408549887837975,conventional,Albany
2016-12-25,0.5268292682926828,0.160902968928208,0.021545488613297505,0.4129204105374879,0.10210075654171598,0.16891872312377562,conventional,Albany
2016-12-18,0.5317073170731706,0.15123172510614,0.022507382232451682,0.3964083637873401,0.08488675095033246,0.1360977427919551,conventional,Albany
2016-12-11,0.5121951219512194,0.15746804324042282,0.015631629123638684,0.40063106747965527,0.11451431386500746,0.18669522731457694,conventional,Albany
2016-12-04,0.5073170731707317,0.24807908895090924,0.04393869769951539,0.7067080765584682,0.05987646012890565,0.09929256127591336,conventional,Albany
2016-11-27,0.5268292682926828,0.12758374168852774,0.01879779781059368,0.33375073861889254,0.07371327221685416,0.1222579102553547,conventional,Albany
2016-11-20,0.5463414634146341,0.15375975204434944,0.024729419062542262,0.4031303270894944,0.08488389300903797,0.14164413230319975,conventional,Albany
2016-11-13,0.5756097560975609,0.13952370398095607,0.02370677214282879,0.35310361636311854,0.09121030330705784,0.1501115947368558,conventional,Albany
2016-11-06,0.5804878048780486,0.1254011884832337,0.02161041323681879,0.3048304612807829,0.0973972103456403,0.16058986293250146,conventional,Albany
2016-10-30,0.49756097560975604,0.12803007468659333,0.021442887524313094,0.3251943789862394,0.0824795605843811,0.14033661026444666,conventional,Albany
2016-10-23,0.3658536585365853,0.20206070941446344,0.028411620767536883,0.5493578798059824,0.09175831355027667,0.15577818796273254,conventional,Albany
2016-10-16,0.4682926829268292,0.1515005001121598,0.027096241167055432,0.383915679125532,0.09639443019393543,0.15998117830611194,conventional,Albany
2016-10-09,0.33658536585365845,0.2218448736620196,0.024499525343814568,0.6176370855409241,0.0908273391735959,0.14940233149210067,conventional,Albany
2016-10-02,0.521951219512195,0.16560006309854028,0.02764658668042755,0.4075033760374319,0.12299150360846348,0.20461493337969763,conventional,Albany
2016-09-25,0.5756097560975609,0.2125437473218867,0.05152626688797105,0.5627376864968422,0.08685944492885557,0.14698583819322777,conventional,Albany
2016-09-18,0.4634146341463414,0.17445900766036224,0.04456836562856791,0.449084254274779,0.08455237181887688,0.13734715614723175,conventional,Albany
2016-09-11,0.45365853658536587,0.17876292201678906,0.042109370742475304,0.4499861132563139,0.1041376648886997,0.16618730835825185,conventional,Albany
2016-09-04,0.4878048780487804,0.20947560056893236,0.09917744202365678,0.46029418641394687,0.13986291348716975,0.23519742616862466,conventional,Albany
2016-08-28,0.3609756097560975,0.3190040182709019,0.23489237650361056,0.6725774363087335,0.13778501154474318,0.22028618603272698,conventional,Albany
2016-08-21,0.4829268292682926,0.2082160238532162,0.09769211465217559,0.44931324384413407,0.1510914969012325,0.2424159352101978,conventional,Albany
2016-08-14,0.3707317073170731,0.24257955741276394,0.16147473759350997,0.5169994289430913,0.12084161726968184,0.19065198402823805,conventional,Albany
2016-08-07,0.5073170731707317,0.21875950703452743,0.09870473694089976,0.48925463611771997,0.14242425406169276,0.22380582439126556,conventional,Albany
2016-07-31,0.5707317073170731,0.2756541921488047,0.06252712200917826,0.6866527846463628,0.1728344463377313,0.28829312411754143,conventional,Albany
2016-07-24,0.49756097560975604,0.21576805900846865,0.07791385410730661,0.46191581799296877,0.19229604413590187,0.2857795785847883,conventional,Albany
2016-07-17,0.424390243902439,0.1957958159526631,0.06239283232156326,0.45529169955321536,0.13944583267950483,0.206059831092316,conventional,Albany
2016-07-10,0.32682926829268294,0.28892834329190453,0.14108652198455401,0.6842892750411289,0.12531697471552541,0.1667519898391064,conventional,Albany
2016-07-03,0.4780487804878048,0.2543952027538094,0.05633822432163861,0.5818406737054508,0.2256431283346928,0.33535364500132697,conventional,Albany
2016-06-26,0.5170731707317072,0.2921274840904503,0.053305537969467263,0.7556715303333243,0.1649513511408678,0.25266928140410205,conventional,Albany
2016-06-19,0.4780487804878048,0.24760806827557255,0.045525482410136583,0.6048829616740046,0.18439562266994056,0.28405165018695205,conventional,Albany
2016-06-12,0.45853658536585357,0.24448255122632634,0.0506697328133084,0.5935260851144027,0.17871662538578856,0.2816276441559147,conventional,Albany
2016-06-05,0.5024390243902439,0.25428430588322065,0.028852502692858092,0.6522217372883158,0.17378899873009165,0.2665578700392394,conventional,Albany
2016-05-29,0.5121951219512194,0.28054270367449063,0.017363266388085087,0.7430608083501841,0.180862135501963,0.2992814914950505,conventional,Albany
2016-05-22,0.43902439024390244,0.21695961282693518,0.006250727458540751,0.5291016552148265,0.2071752010003509,0.3460684875996223,conventional,Albany
2016-05-15,0.44878048780487806,0.21269978047076019,0.006066247336576649,0.537388002703664,0.1794399524652914,0.30361971101739105,conventional,Albany
2016-05-08,0.4048780487804878,0.2638109598658976,0.007010177355233228,0.681143219088888,0.20478899864078096,0.3480010996186752,conventional,Albany
2016-04-24,0.3609756097560975,0.22492503479172418,0.006422491773411046,0.6204485843315021,0.1243313422115875,0.20643102138966837,conventional,Albany
2016-04-17,0.38048780487804873,0.18965818263508757,0.006045928956987605,0.49625695577072143,0.13814037868258014,0.22450266862978957,conventional,Albany
2016-04-10,0.49756097560975604,0.15411950245896075,0.006540567124996384,0.3976779380736253,0.11712352495621321,0.19427450082111097,conventional,Albany
2016-04-03,0.19999999999999996,0.17924850490745559,0.004549904160490979,0.4992118564450787,0.09401823062889623,0.15421415978293418,conventional,Albany
2016-03-27,0.5121951219512194,0.20304672294476023,0.005439539701239085,0.553671414138122,0.12090752854078608,0.19989126470099863,conventional,Albany
2016-03-20,0.4292682926829268,0.2423023481824807,0.005146672461665879,0.687835921038275,0.11149864993532568,0.1883704132661971,conventional,Albany
2016-03-13,0.3609756097560975,0.23760865845162973,0.005702871283065304,0.6809969123250519,0.10037750725180275,0.16585598153769068,conventional,Albany
2016-03-06,0.4048780487804878,0.1988831813155927,0.006541845433646026,0.5292075770607999,0.13317783155669113,0.22195109947302016,conventional,Albany
2016-02-28,0.39999999999999997,0.1927085604103619,0.005418750365831752,0.5112585357420694,0.13212566260699082,0.2106614562036079,conventional,Albany
2016-02-21,0.4097560975609756,0.21905461702724477,0.005847656557487895,0.5985823476815515,0.1289497753434866,0.18828715992812922,conventional,Albany
2016-02-14,0.33658536585365845,0.21508062580274762,0.011039608057112139,0.5464930304133857,0.1716755511428148,0.2708180491397078,conventional,Albany
2016-01-31,0.3512195121951219,0.22393251988022436,0.009326539907786851,0.5659674880155985,0.18488156200066966,0.30340368163739534,conventional,Albany
2016-01-24,0.38048780487804873,0.21086564419122347,0.0036692167802903648,0.5016413280828217,0.22035432934790442,0.36684134535554463,conventional,Albany
2016-01-17,0.39999999999999997,0.2633231805626625,0.008090482722985806,0.7128537399976479,0.161698835326405,0.27567940013440123,conventional,Albany
2016-01-10,0.4097560975609756,0.17359832143122989,0.005706571650209004,0.4725529219550835,0.10241727354008097,0.173155444101363,conventional,Albany
2016-01-03,0.28780487804878047,0.32716353721437824,0.006322312742920694,0.9900390954345205,0.07350437457035988,0.1235220424328312,conventional,Albany
2017-12-31,0.5024390243902439,0.24913877015875693,0.017645368923240257,0.7165526442202098,0.08695232802092656,0.0852002089459468,conventional,Albany
2017-12-24,0.49268292682926823,0.16902389690285402,0.018917016912023434,0.41513024490264405,0.13946833896719896,0.1052270064016144,conventional,Albany
2017-12-17,0.4829268292682926,0.1550513524553158,0.01735102153680957,0.360003344154602,0.15368498931531852,0.1366723901420075,conventional,Albany
2017-12-10,0.4146341463414634,0.20259922584803325,0.021664304038311585,0.5324259716115283,0.12372706624913334,0.11143696948036885,conventional,Albany
2017-12-03,0.4634146341463414,0.30724613858041067,0.025377790665521125,0.8966231123593437,0.08494337391222959,0.1082600037011705,conventional,Albany
2017-11-26,0.5170731707317072,0.13813774568604256,0.016234519850451344,0.3477070577249263,0.10204636634645518,0.07756512657190505,conventional,Albany
2017-11-19,0.5902439024390242,0.21346591113881422,0.018131799004130283,0.5710285684325976,0.124499067641308,0.11554275426880341,conventional,Albany
2017-11-12,0.39999999999999997,0.24929598937041744,0.0303362826380792,0.6854666725236607,0.10819987119615827,0.12274884430414545,conventional,Albany
2017-11-05,0.5756097560975609,0.15592855570696404,0.0167078977272345,0.39328753069608013,0.11655390153195476,0.15144165497210246,conventional,Albany
2017-10-29,0.5999999999999999,0.15231609399125876,0.01991308846770488,0.40799741819928614,0.07885274377100532,0.07744108983065841,conventional,Albany
2017-10-22,0.5463414634146341,0.15291321071215888,0.025288981854072322,0.4062602290745903,0.07653486407050684,0.07821888759128162,conventional,Albany
2017-10-15,0.5902439024390242,0.16141508448270322,0.022762976682977436,0.4488774409848819,0.06049654407914497,0.05951954391276277,conventional,Albany
2017-10-08,0.6536585365853658,0.12142658226321734,0.024757609132236996,0.32480632952109156,0.05182170983304175,0.03293643109345057,conventional,Albany
2017-10-01,0.6097560975609755,0.15621006990588177,0.02967707905127969,0.40679834039242807,0.08305882956050846,0.07772856682674918,conventional,Albany
2017-09-24,0.5853658536585364,0.15035559809665036,0.01687784549823425,0.3969281956160401,0.08871264123700273,0.08266075215327937,conventional,Albany
2017-09-17,0.473170731707317,0.17576732277097565,0.02681891546948576,0.4742368313284938,0.0817626638727909,0.08110347010032257,conventional,Albany
2017-09-10,0.6536585365853658,0.21867773459459838,0.022662057579058346,0.6175003436260555,0.08024974120001917,0.06990459290114272,conventional,Albany
