Practica_1/avocado_standarized.csv
Date,AveragePrice,Total Volume,4046,4225,Total Bags,Small Bags,type,region
2017-09-03,0.6439024390243901,0.16300254166666026,0.03187953757520996,0.42013797471762443,0.09054904714004475,0.07076058440470259,conventional,Albany
2017-08-27,0.5707317073170731,0.16558095430919342,0.01450678479135648,0.42391290177679475,0.11978408968005436,0.1440595523546206,conventional,Albany
2017-08-20,0.5707317073170731,0.16371130203842243,0.010453268063342213,0.41821862835814766,0.12421639938514965,0.1318446164604575,conventional,Albany
2017-08-13,0.5268292682926828,0.2920917923862105,0.013101048953166135,0.8403261117542784,0.11013201813256578,0.12728668785257136,conventional,Albany
2017-08-06,0.5317073170731706,0.20394483604406152,0.016529943707323833,0.5420723697728101,0.12178518445019147,0.09073862576183321,conventional,Albany
2017-07-30,0.5707317073170731,0.18343427423181735,0.012889455231949105,0.5192484437636476,0.07211720131454581,0.08513351428285375,conventional,Albany
2017-07-23,0.5121951219512194,0.1852279745559661,0.012820224726660608,0.5139036061606129,0.0807121025150687,0.049833945621004745,conventional,Albany
2017-07-16,0.4634146341463414,0.22486223935638788,0.016609804358225143,0.6143301275738301,0.09591152742583173,0.07589592014180359,conventional,Albany
2017-07-09,0.5268292682926828,0.22237985387135398,0.019507393669950128,0.5804731128552988,0.1429722643049116,0.12592642336760212,conventional,Albany
2017-07-02,0.5463414634146341,0.2156822451694134,0.01889521838557691,0.5665808428119806,0.1318597847559376,0.10041487146865175,conventional,Albany
2017-06-25,0.5317073170731706,0.1959605908235596,0.014967446861045832,0.5262975249004902,0.11312035299861899,0.07185146377920172,conventional,Albany
2017-06-18,0.5560975609756097,0.21304055388077878,0.016510432680566144,0.5820701592299375,0.10492065149272506,0.05941375237820136,conventional,Albany
2017-06-11,0.5902439024390242,0.2017727816908454,0.013387524649491132,0.543686349472658,0.11483449260065602,0.04146460866868099,conventional,Albany
2017-06-04,0.6146341463414633,0.1861644370187152,0.012938098240038108,0.5141856629290543,0.09151458474425578,0.043453336197370816,conventional,Albany
2017-05-28,0.6634146341463414,0.26748911628152977,0.01578139307385462,0.7559076049759887,0.1136706853191396,0.09416596483949355,conventional,Albany
2017-05-21,0.45853658536585357,0.22001967678163709,0.01552149274156165,0.6151084228768515,0.09644042518664366,0.08185137025335233,conventional,Albany
2017-05-14,0.648780487804878,0.21231865896185637,0.018870930521233717,0.5701321649575108,0.11860402785742552,0.0878200059764551,conventional,Albany
2017-05-07,0.5024390243902439,0.2791831462586517,0.01664176207446619,0.6220118349064558,0.3287238908084232,0.14720064100470678,conventional,Albany
2017-04-30,0.33658536585365845,0.27420416449926505,0.017311730365683738,0.7046213099166938,0.20380577752481027,0.16171324637269194,conventional,Albany
2017-04-23,0.43902439024390244,0.1960134365099602,0.029855234909398193,0.43582298086038296,0.20802517060346593,0.12627538211059017,conventional,Albany
2017-04-16,0.5756097560975609,0.19856116526891,0.029353868801128138,0.509825792217472,0.1250801228307444,0.1100842177275641,conventional,Albany
2017-04-09,0.5365853658536585,0.2313954685416943,0.02494807712103363,0.6218984028827746,0.12421184454121155,0.10918928267360045,conventional,Albany
2017-04-02,0.5756097560975609,0.2032484414750606,0.03048295173577495,0.48189388260600335,0.17842198950045954,0.09708964422000284,conventional,Albany
2017-03-26,0.3512195121951219,0.26986682074354407,0.021423712894568465,0.7145595422475837,0.16828781898085635,0.11119916850920256,conventional,Albany
2017-03-19,0.5658536585365853,0.203585590804341,0.015696015511939068,0.5103601484464559,0.1631520984746542,0.12729128748450882,conventional,Albany
2017-03-12,0.5365853658536585,0.2100401444914401,0.013770748126773234,0.47585215719227053,0.23591001450315896,0.16850107654385496,conventional,Albany
2017-03-05,0.3609756097560975,0.2356084953460324,0.021013106700422987,0.6432147669931941,0.11957483479089827,0.2035688237560564,conventional,Albany
2017-02-26,0.4682926829268292,0.19391364413025106,0.021464013256733493,0.5240103215347969,0.09958005231997404,0.1672794143012676,conventional,Albany
2017-02-19,0.5999999999999999,0.20951691508934778,0.018182729511908118,0.5787905496458172,0.09784412091556649,0.1653425092924064,conventional,Albany
2017-02-12,0.4780487804878048,0.2133405838376498,0.02562288952923929,0.5743900106134399,0.10861489785851779,0.17863299245461045,conventional,Albany
2017-01-29,0.424390243902439,0.20940604018288472,0.025866373687294757,0.5548685789751867,0.11414135252607625,0.19002367430558206,conventional,Albany
2017-01-22,0.5609756097560975,0.2824469714073428,0.02771871020002839,0.7876694218155076,0.09997891375188657,0.16957601052763757,conventional,Albany
2017-01-15,0.5414634146341463,0.194254461468521,0.02238823041042454,0.5098189905470952,0.11284232889706418,0.19279694572173667,conventional,Albany
2017-01-08,0.5414634146341463,0.20128719880017887,0.022575401708493148,0.5359236597521074,0.11319742810290481,0.19328680652307537,conventional,Albany
2017-01-01,0.5024390243902439,0.28523419699277297,0.03260205107986806,0.8291477790420698,0.07032938041351015,0.12061553501155503,conventional,Albany
2018-03-25,0.5512195121951219,0.3279506216583367,0.11008047289346509,0.7725920315597506,0.21366978328141853,0.2955079534535646,conventional,Albany
2018-03-18,0.44390243902439025,0.23110672814542588,0.08904334744630936,0.4324557289194272,0.27665952389734594,0.41022430718427244,conventional,Albany
2018-03-11,0.33170731707317075,0.3175226038857569,0.10645855353321147,0.7860937015115296,0.1590151391402116,0.22201687420972574,conventional,Albany
2018-03-04,0.3121951219512195,0.306259070772081,0.0807495463686279,0.7444256060217456,0.19963872049611003,0.24728403233173282,conventional,Albany
2018-02-25,0.4097560975609756,0.22885373598905678,0.06976046514287791,0.4231441004720076,0.30489589457626154,0.4618997921119686,conventional,Albany
2018-02-18,0.4829268292682926,0.18789360674159847,0.03700185489313003,0.43687808997759703,0.16427580526738228,0.2403717054561294,conventional,Albany
2018-02-11,0.49268292682926823,0.26734689856771277,0.055057964569320994,0.6769679145370118,0.16086110128445705,0.20337901227810418,conventional,Albany
2018-01-28,0.5512195121951219,0.20545346398093145,0.02086448650005147,0.5287393954165244,0.14147738238656138,0.1780791967693412,conventional,Albany
2018-01-21,0.6097560975609755,0.2967612337223041,0.021081126176464453,0.8255589768587337,0.1380146292656225,0.1536858153943855,conventional,Albany
2018-01-14,0.4780487804878048,0.2090146174990342,0.019493601392414517,0.54250881028866,0.14052408034351738,0.15351731554441012,conventional,Albany
2018-01-07,0.33658536585365845,0.21624924907399795,0.01978438297050673,0.5398302274733637,0.17294429845623832,0.13236345494300214,conventional,Albany
2015-12-27,0.2585365853658536,0.13798990515604997,0.2050827570291838,0.02105641277070294,0.21042575198017371,0.36061405699649246,conventional,Boise
2015-12-20,0.28780487804878047,0.12611688951871264,0.17242513316275765,0.018039234301957325,0.19591098263077247,0.335778497671283,conventional,Boise
2015-12-13,0.26829268292682923,0.1282188563468647,0.18265422625659422,0.021154115931637546,0.19530697460031468,0.33489720819206714,conventional,Boise
2015-12-06,0.1317073170731707,0.20912215385839295,0.23945398728015618,0.08875117080836437,0.3848539471429116,0.655210363400054,conventional,Boise
2015-11-29,0.3024390243902439,0.10759032521556088,0.1627487403613846,0.0197650164586253,0.1434149772735615,0.243176867653717,conventional,Boise
2015-11-22,0.3170731707317073,0.11595085983731568,0.17094929218704483,0.02306878614273022,0.1567219091833781,0.2687820987231268,conventional,Boise
2015-11-15,0.27804878048780485,0.15059408457334916,0.16432805705831577,0.08562821219511159,0.22895155262572908,0.3863729157726132,conventional,Boise
2015-11-08,0.32682926829268294,0.12247905923784001,0.21469039028108663,0.03295891082585032,0.11610306129274865,0.1959110498644565,conventional,Boise
2015-11-01,0.34146341463414626,0.11751015901214325,0.20476479457243604,0.03088751879315696,0.11041236431142235,0.18907277706304607,conventional,Boise
2015-10-25,0.32682926829268294,0.13132326587132664,0.19861942665838683,0.07148711437717246,0.12245814031437889,0.20945159968299334,conventional,Boise
2015-10-18,0.3512195121951219,0.11884037235606563,0.19924277032359375,0.06425722216947778,0.07967636672781173,0.13673172539400064,conventional,Boise
2015-10-11,0.24390243902439018,0.17751325112175734,0.1756947102915284,0.23675395949321887,0.12297757114465281,0.20764992385309328,conventional,Boise
2015-10-04,0.33170731707317075,0.1304927583508869,0.2365169049590975,0.07667360059174533,0.05330435619022493,0.08374626529051811,conventional,Boise
2015-09-27,0.26829268292682923,0.14079716202410578,0.31626264264074344,0.04076779522437719,0.06933285200838699,0.11647249320442712,conventional,Boise
2015-09-20,0.28780487804878047,0.16224535039776042,0.23431330268532283,0.15298182395293247,0.09729325273105316,0.16253596720523758,conventional,Boise
2015-09-13,0.3121951219512195,0.14084337454454915,0.3077281158605137,0.03113110361352909,0.06682804508509564,0.11472478638925979,conventional,Boise
2015-09-06,0.3512195121951219,0.14140515098722048,0.29693528865218505,0.03827477047905015,0.06194623480077603,0.10631941898675935,conventional,Boise
2015-08-30,0.3658536585365853,0.13181829333603814,0.2753528636468531,0.04116370912089828,0.04859000340362946,0.08341524511208613,conventional,Boise
2015-08-23,0.2975609756097561,0.1552626473444153,0.2964278001182772,0.10529361252300878,0.06626931756202246,0.1137656098092364,conventional,Boise
2015-08-16,0.33170731707317075,0.14038821196795778,0.310758716551204,0.03725480332545001,0.05445190893062892,0.09338034770457668,conventional,Boise
2015-08-09,0.32195121951219513,0.13442576451685392,0.30100495243682635,0.035666259038782275,0.06771757931300629,0.11604748721340652,conventional,Boise
2015-08-02,0.3073170731707317,0.1486517749748088,0.3441426888482372,0.03642358252480839,0.053911400783308125,0.09180098741832012,conventional,Boise
2015-07-26,0.3073170731707317,0.14878830398007312,0.3429794952564657,0.03440702895952865,0.058157765682930525,0.09748214614533211,conventional,Boise
2015-07-19,0.3170731707317073,0.1402925142723438,0.3089577815020665,0.03755301406103649,0.06404441026426043,0.09742710388314726,conventional,Boise
2015-07-12,0.2975609756097561,0.1638373541557345,0.3487007338164443,0.04111220063794,0.0854874544861685,0.1277937206131432,conventional,Boise
2015-07-05,0.34634146341463407,0.18660697022303713,0.4167940826419814,0.056837379146362034,0.05928093661166588,0.10053354197263802,conventional,Boise
2015-06-28,0.2926829268292683,0.1651611100467052,0.3976974970043846,0.04657202898078387,0.050202150225719305,0.08615785231532438,conventional,Boise
2015-06-21,0.3024390243902439,0.17859581894856985,0.35516937926004766,0.10942711514236038,0.06507416223693209,0.1076553054224601,conventional,Boise
2015-06-14,0.26829268292682923,0.19223694670363173,0.39554401788555643,0.12668415735097613,0.06966267629590445,0.11959104365801981,conventional,Boise
2015-06-07,0.33170731707317075,0.17717741964001807,0.4120559979923826,0.0512785723293879,0.050126146849418914,0.08591805817031854,conventional,Boise
2015-05-31,0.2585365853658536,0.16825578946348824,0.3860059515359551,0.052580879654361784,0.0702531091052134,0.120515109714254,conventional,Boise
2015-05-24,0.28780487804878047,0.18257725601167457,0.36886571636753124,0.10513774091020521,0.06704783863277518,0.11452332251039939,conventional,Boise
2015-05-17,0.25365853658536586,0.17110706243941884,0.41255500932156125,0.052386961197887515,0.056748086139422345,0.09729478780441322,conventional,Boise
2015-05-10,0.3024390243902439,0.21020540257310172,0.4205319244129368,0.11262815126348114,0.084805210312774,0.1449353222755115,conventional,Boise
2015-05-03,0.27317073170731704,0.1875350423897742,0.44996545202675836,0.056272061147016696,0.05675523099265858,0.09735780276195632,conventional,Boise
2015-04-26,0.25365853658536586,0.19334275257542002,0.467891847014712,0.056577711209577886,0.06412014570856447,0.11000173099481914,conventional,Boise
2015-04-19,0.26829268292682923,0.1968214088374461,0.3824404795944936,0.15325651224513223,0.0710932545351286,0.12194850834702874,conventional,Boise
2015-04-12,0.3658536585365853,0.14531847729657285,0.2991857846695808,0.060268184194901875,0.051333805667672684,0.08812557485816651,conventional,Boise
2015-04-05,0.3170731707317073,0.16828891136502278,0.3857788162727345,0.06419423586775853,0.058175002641362925,0.0998213656276558,conventional,Boise
2015-03-29,0.2634146341463414,0.16354360593880965,0.4005340638979399,0.05044232112669671,0.04277570046131638,0.07343373716568534,conventional,Boise
2015-03-22,0.3560975609756097,0.1347159765095433,0.2975588341555998,0.04668900354111965,0.029577638252686844,0.05077641020498873,conventional,Boise
2015-03-15,0.27317073170731704,0.14459801004582,0.34630249223091103,0.049725099155600964,0.039706628753693775,0.06816501210239823,conventional,Boise
2015-03-08,0.34146341463414626,0.14335035985035138,0.3086768227167557,0.05105659698260898,0.043408823768711816,0.07452063019250534,conventional,Boise
2015-03-01,0.3024390243902439,0.16464706164914958,0.273006359921929,0.1681894378561135,0.06464288103346015,0.09933288471589836,conventional,Boise
2015-02-22,0.26829268292682923,0.16857804711555352,0.34226377697147153,0.11601623331996617,0.06669068528162912,0.1109308566461845,conventional,Boise
2015-02-15,0.34146341463414626,0.1342829976998948,0.2795315873431297,0.05554917111727356,0.04769957606906429,0.05592416494832084,conventional,Boise
2015-02-08,0.3073170731707317,0.15349890608770228,0.36485175992825325,0.06835140263196304,0.027214478044803765,0.02105742165178609,conventional,Boise
2015-02-01,0.2292682926829268,0.2492789452088851,0.4541110742569495,0.25883423620784207,0.059345508222788314,0.07462534847961466,conventional,Boise
2015-01-25,0.28780487804878047,0.14492951459479914,0.34932851792222364,0.05353445967105422,0.04045808869281427,0.0308103278908955,conventional,Boise
2015-01-18,0.3121951219512195,0.13790380578336076,0.3387850954593804,0.04493615640441032,0.0349735207273532,0.017159386905859796,conventional,Boise
2015-01-11,0.3609756097560975,0.1257906563598982,0.256417546737319,0.07791837712144808,0.04397433890235942,0.05052097731139554,conventional,Boise
2015-01-04,0.27804878048780485,0.17560265772070757,0.2998112812756713,0.1768733996590663,0.06926595831996278,0.09297849319430793,conventional,Boise
2016-12-25,0.28780487804878047,0.15613058173502403,0.18477763148245455,0.020494566457279133,0.3048250712185574,0.5128497617620639,conventional,Boise
2016-12-18,0.28292682926829266,0.14131063935439353,0.1932626406223614,0.01655937503985354,0.2482498905274518,0.4210828116200808,conventional,Boise
2016-12-11,0.17560975609756097,0.21582441895497897,0.20393227924450613,0.0735616238421219,0.4783910612170132,0.8155237884531146,conventional,Boise
2016-12-04,0.27804878048780485,0.15899187035226747,0.23006003341095135,0.021229005156516358,0.28140683231949354,0.47955961897262317,conventional,Boise
2016-11-27,0.38048780487804873,0.11389912496460755,0.1599536848592414,0.015496259789800047,0.18267112303071098,0.31342167999716664,conventional,Boise
2016-11-20,0.4048780487804878,0.13714828378801308,0.19399558243442444,0.017453723843680612,0.21528871771408278,0.36937298277391845,conventional,Boise
2016-11-13,0.4097560975609756,0.14743986041183132,0.21553198832836926,0.02155335981261398,0.23270769128268065,0.3967223942740102,conventional,Boise
2016-11-06,0.45365853658536587,0.13069221457624164,0.1677628723999034,0.020501934933520757,0.21497112898773238,0.3612032698476801,conventional,Boise
2016-10-30,0.43902439024390244,0.1311346379599351,0.17380274621065586,0.021383318053191897,0.21100502095630108,0.3512571790671977,conventional,Boise
2016-10-23,0.3560975609756097,0.15499551964782193,0.18794972075683947,0.026707042137765,0.2860428596524868,0.47399069126488497,conventional,Boise
2016-10-16,0.3170731707317073,0.17070514090349034,0.2387449969354232,0.014217687460412154,0.30028853596687854,0.4969709123875908,conventional,Boise
2016-10-09,0.28780487804878047,0.18482805175547506,0.25624820448094277,0.014803693873820514,0.3348754308234863,0.44302412920918066,conventional,Boise
2016-10-02,0.224390243902439,0.23320399465068112,0.18530685126340626,0.05805608260628673,0.5665849861090656,0.8582163455280308,conventional,Boise
2016-09-25,0.2292682926829268,0.19212585215591182,0.26469123127361927,0.01659345424247105,0.35845719755099437,0.5299752647126511,conventional,Boise
2016-09-18,0.2585365853658536,0.18074984075459777,0.2672283375461453,0.015582485131973663,0.2992632495274796,0.4339462956174247,conventional,Boise
2016-09-11,0.2195121951219512,0.19710259357447849,0.2811815474128042,0.012638141216847172,0.35576215891028845,0.5964029958322735,conventional,Boise
2016-09-04,0.27804878048780485,0.17483114584186044,0.25050590746794643,0.014564005843768468,0.2976404747362008,0.4844916509780888,conventional,Boise
2016-08-28,0.26829268292682923,0.17245196978342517,0.2478421813597033,0.014044386567267813,0.3024179701632715,0.4929508340742574,conventional,Boise
2016-08-21,0.224390243902439,0.1843415683356554,0.275470669880828,0.014724482754223058,0.3241605623571085,0.5323009919412914,conventional,Boise
2016-08-14,0.23902439024390243,0.1948277471130518,0.2928401932533561,0.013882138388485905,0.32806406361205737,0.5522701406766763,conventional,Boise
2016-08-07,0.15609756097560973,0.15512581084139143,0.22051046228350332,0.01418516697392268,0.32090643895066756,0.5468083843930808,conventional,Boise
2016-07-31,0.16585365853658535,0.15272930508778984,0.20686727590408382,0.013606883290421408,0.3300014798777265,0.5665188804925163,conventional,Boise
