Practica_1/avocado_standarized.csv
Date,AveragePrice,Total Volume,4046,4225,Total Bags,Small Bags,type,region
2016-07-24,0.1463414634146341,0.1438560399160206,0.18158979882785825,0.011939552988554774,0.3295710024702437,0.557549291572355,conventional,Boise
2016-07-17,0.1268292682926829,0.15148240167259455,0.18616930592549882,0.011436441932864682,0.3551093872564933,0.5784797633826675,conventional,Boise
2016-06-12,0.11219512195121951,0.15075527929175886,0.23407459536485284,0.018271978960166302,0.27997661132293117,0.4767455641532898,conventional,Boise
2016-06-05,0.09268292682926828,0.2105557962701708,0.2104499713726142,0.03841958937749129,0.5290218133262409,0.9077669538216885,conventional,Boise
2016-05-29,0.09268292682926828,0.18112623997647906,0.19978436951462622,0.032379280978420286,0.4311716192854236,0.7258734356076827,conventional,Boise
2016-05-22,0.1024390243902439,0.16673396108708102,0.2160518562723578,0.022821871337902734,0.3631381481487105,0.6225850207466399,conventional,Boise
2016-05-15,0.06829268292682925,0.20878880432285624,0.2294434849654083,0.04393701936633939,0.4896328626095629,0.8013921859306151,conventional,Boise
2016-05-08,0.08292682926829266,0.2335338079619824,0.2906489031102595,0.0382410455300981,0.516257533019716,0.880668528904317,conventional,Boise
2016-05-01,0.09268292682926828,0.18120682635362106,0.21691532012548956,0.027830309660214058,0.4145518868619634,0.7092310473315926,conventional,Boise
2016-04-24,0.1024390243902439,0.17456623652196138,0.24515134165220723,0.0201921046777071,0.3544188371912117,0.6082459748237613,conventional,Boise
2016-04-17,0.11219512195121951,0.24051973974180335,0.27749012842965165,0.06430249578792392,0.48710215559329023,0.8270110625747727,conventional,Boise
2016-04-10,0.18536585365853653,0.19067751574405004,0.2983498380921176,0.02340858625864202,0.30283710511624184,0.5161210199959799,conventional,Boise
2016-04-03,0.18536585365853653,0.21429459563682204,0.3091669531647895,0.037992997113541135,0.3574141382891702,0.6120020342638849,conventional,Boise
2016-03-27,0.18048780487804877,0.2222399863189854,0.27065803965313434,0.04882380697993083,0.40219468456857277,0.6863215072196589,conventional,Boise
2016-03-20,0.24390243902439018,0.18229383093382215,0.2809350356816312,0.01911248120684305,0.2628010986283579,0.45002277584414363,conventional,Boise
2016-03-13,0.19024390243902434,0.21977385428695914,0.3065996384404904,0.03486444129237405,0.38586378283718725,0.649832780380914,conventional,Boise
2016-03-06,0.20487804878048776,0.21379144144560674,0.2806510493232029,0.038068736547217055,0.38427512472011155,0.6513322603925233,conventional,Boise
2016-02-28,0.2195121951219512,0.197450856751356,0.2566263820030289,0.03798399907043839,0.3367898942481341,0.5706171525487863,conventional,Boise
2016-02-21,0.1463414634146341,0.20616973608367822,0.25436666870747526,0.06436470273157917,0.37660762546965126,0.6456642872770655,conventional,Boise
2016-02-14,0.24390243902439018,0.17128894736422476,0.2559523769476546,0.037569097177448496,0.2510279880870289,0.42949323861771244,conventional,Boise
2016-02-07,0.18536585365853653,0.271543825667923,0.288127876614958,0.10501701126101554,0.4293879959856642,0.7291296683772698,conventional,Boise
2016-01-31,0.24390243902439018,0.18377564067322946,0.24352688047612286,0.03394607409002861,0.30657556026143373,0.5204830042833306,conventional,Boise
2016-01-24,0.224390243902439,0.12816029998778575,0.12112553058218886,0.029816043156598544,0.2814061178341699,0.45804376733773766,conventional,Boise
2016-01-17,0.23414634146341462,0.20273035167837877,0.23078806382662367,0.055860347537015964,0.36882598718874227,0.6184602241461971,conventional,Boise
2016-01-10,0.23902439024390243,0.1972298097904519,0.21396437824749268,0.05913917776307232,0.36319521766393487,0.6222448013043329,conventional,Boise
2016-01-03,0.16097560975609754,0.23286890994921522,0.2951459929396995,0.07281216478746906,0.4155602935855919,0.712576206318637,conventional,Boise
2017-12-31,0.33658536585365845,0.1747518773122596,0.25698336651329207,0.01208869378171456,0.2990238076334004,0.4410255891323576,conventional,Boise
2017-12-24,0.3609756097560975,0.15576927186748904,0.26317360978888393,0.016636177234525845,0.2213942627364377,0.27701222014881033,conventional,Boise
2017-12-17,0.4146341463414634,0.1427796000802745,0.21508780971232,0.012413331840744557,0.22071684133897765,0.28881303584753815,conventional,Boise
2017-12-10,0.3121951219512195,0.1875993972780342,0.3576945097989086,0.013718473195042151,0.22906461992819244,0.3009724695163226,conventional,Boise
2017-12-03,0.34146341463414626,0.19012463477228156,0.26011562638133023,0.01075514128344686,0.3516339520210601,0.537834962446305,conventional,Boise
2017-11-26,0.4878048780487804,0.11991630701692096,0.19044780497585007,0.012094220138895778,0.17461128202691625,0.22292882790185795,conventional,Boise
2017-11-19,0.4780487804878048,0.13292126583561298,0.2097569935257031,0.014772377849793614,0.19363445376837868,0.21468015462736004,conventional,Boise
2017-11-12,0.38536585365853654,0.17954012260418886,0.2548274653359698,0.014503145064041979,0.33289657440904696,0.4973888656096406,conventional,Boise
2017-11-05,0.3756097560975609,0.17795374166239045,0.2735007962517299,0.013099521190745762,0.30343602243876877,0.45323178572583955,conventional,Boise
2017-10-29,0.4878048780487804,0.15031428357623497,0.2268952103120486,0.015446380873702903,0.24881120805982312,0.3384899806984112,conventional,Boise
2017-10-22,0.4829268292682926,0.18396778284473075,0.335902173057425,0.020886725264946317,0.24035732840005034,0.35959937819109045,conventional,Boise
2017-10-15,0.6780487804878048,0.1273428171938778,0.2078451147416572,0.02062216862757879,0.17182255649815023,0.2071120735585405,conventional,Boise
2017-10-08,0.7073170731707316,0.12300525379689997,0.19479331431120356,0.018990476244457703,0.16385041856783022,0.2028342625356452,conventional,Boise
2017-10-01,0.6634146341463414,0.12853015390021263,0.22538021272401518,0.014278760792337919,0.16040829621061098,0.19434840157423935,conventional,Boise
2017-09-24,0.6536585365853658,0.12428833212710017,0.20019571578220044,0.013719961060437094,0.1725538322268784,0.2078056980547083,conventional,Boise
2017-09-17,0.6292682926829267,0.1433201591775331,0.2364665126865406,0.018689856583946077,0.1969557387952402,0.23394065340224807,conventional,Boise
2017-09-10,0.6439024390243901,0.14583017553268005,0.24517562951655042,0.019955675781377313,0.18809808561695493,0.2097335571207592,conventional,Boise
2017-09-03,0.6048780487804877,0.141163633461177,0.20271290735155303,0.02246690916510913,0.21908870790777174,0.2784036088098897,conventional,Boise
2017-08-27,0.4195121951219512,0.2058455236244269,0.3054436437447985,0.017813645567790692,0.3559585530636193,0.5443320958790211,conventional,Boise
2017-08-20,0.45365853658536587,0.19316565583001366,0.2844939815210393,0.020124867332002284,0.31778002979582415,0.4457964806989478,conventional,Boise
2017-08-13,0.521951219512195,0.1551376055768848,0.24659414844123717,0.02583593237439228,0.22214884854884906,0.25525519447933775,conventional,Boise
2017-08-06,0.5365853658536585,0.1617120394619782,0.25063293098007927,0.026942408273098403,0.2233657956763099,0.2534452393119503,conventional,Boise
2017-07-30,0.5365853658536585,0.15800170560221605,0.24709760021098823,0.02460603449863896,0.2193146638913675,0.23921459138173098,conventional,Boise
2017-07-23,0.521951219512195,0.15528469932660408,0.2441544627436944,0.022172736921308927,0.21705278197810796,0.2438363015524831,conventional,Boise
2017-07-16,0.5121951219512194,0.15849429504897639,0.24051229228325435,0.025106665778670812,0.2143646202586419,0.23333457523395645,conventional,Boise
2017-07-02,0.3560975609756097,0.21376350307773412,0.2767491803686777,0.024108166397197716,0.3953320530351738,0.6774462107542154,conventional,Boise
2017-06-25,0.3707317073170731,0.208630025658272,0.27813964378247497,0.025319359679414604,0.37947199713205587,0.6494681828893386,conventional,Boise
2017-06-18,0.3756097560975609,0.20387490226787724,0.27229171810737657,0.023119373566158292,0.3640028540116252,0.6238341274597873,conventional,Boise
2017-06-11,0.3756097560975609,0.20308658783288033,0.2708041032362065,0.02124452146706362,0.36791448253713027,0.6311886322856445,conventional,Boise
2017-06-04,0.3658536585365853,0.21607364588913824,0.2846092311377149,0.026622304660986328,0.39698697966601565,0.6811650131756457,conventional,Boise
2017-05-28,0.3756097560975609,0.2203690162006732,0.2734040484707728,0.025140390727622863,0.41100786103546244,0.7050945983302416,conventional,Boise
2017-05-21,0.4146341463414634,0.18987624247489837,0.23757857393232637,0.024304635480063314,0.33455462691317955,0.5740739292708464,conventional,Boise
2017-05-14,0.3707317073170731,0.20730113016189078,0.26230409078951705,0.019688568517618455,0.3870888572352043,0.6292949638169953,conventional,Boise
2017-05-07,0.3170731707317073,0.2666416524560604,0.4073798776725902,0.023275741134093517,0.42820659450305354,0.7034436371068253,conventional,Boise
2017-04-30,0.28780487804878047,0.23948461442647265,0.278045990854038,0.015552586122608611,0.5026397106834578,0.8626407314886663,conventional,Boise
2017-04-23,0.34146341463414626,0.20552166259118654,0.28133716467104747,0.019045102159672048,0.35186830320720847,0.6024174745536862,conventional,Boise
2017-04-16,0.34634146341463407,0.21816170942573104,0.2893230952023731,0.025190057091520727,0.3867481370465016,0.6634360385148647,conventional,Boise
2017-04-09,0.3756097560975609,0.2095900775920079,0.2643520085256459,0.029158973457898373,0.37350122190386936,0.6408056960615345,conventional,Boise
2017-04-02,0.3707317073170731,0.2082656847413923,0.27613680324609663,0.025623734428780135,0.3601529391559481,0.6161567284719209,conventional,Boise
2017-03-26,0.3512195121951219,0.2091160478314522,0.29311065645185924,0.029337588156024653,0.3455100983122874,0.5847533547032233,conventional,Boise
2017-03-19,0.34634146341463407,0.1903034666836171,0.22802133295298044,0.02754116781846342,0.35647610836991867,0.5985852145444654,conventional,Boise
2017-03-12,0.2634146341463414,0.24751711483110678,0.22244124657968337,0.06670964944474281,0.5387471196194008,0.8956949131597156,conventional,Boise
2017-03-05,0.32682926829268294,0.20586869577702566,0.19668642214192053,0.03724268785009119,0.42161868257658763,0.5004195630932279,conventional,Boise
2017-02-26,0.2292682926829268,0.23048933853651757,0.21328391436946756,0.03684068079052415,0.505139158966822,0.5865553371752525,conventional,Boise
2017-02-19,0.24390243902439018,0.23641541339548539,0.22500963777442426,0.05095528043428666,0.5104049158019235,0.6903576842447734,conventional,Boise
2017-02-12,0.2634146341463414,0.21459148472371997,0.2798866880301197,0.029056664999312747,0.38244952540758925,0.6386881788385961,conventional,Boise
2017-02-05,0.224390243902439,0.2987255294106562,0.24764599462168455,0.08030129982754933,0.5769654754439879,0.9419906685733673,conventional,Boise
2017-01-29,0.23902439024390243,0.23072931857376303,0.24003844345065292,0.046285225213225284,0.47658841474551233,0.5564680714249246,conventional,Boise
2017-01-22,0.27804878048780485,0.19379644355559045,0.2304419785795838,0.03986643219797396,0.3583629747989416,0.5355820627233409,conventional,Boise
2017-01-15,0.27317073170731704,0.2066206376198865,0.24278088645995297,0.03382173105345121,0.38618637296080305,0.5975691558494822,conventional,Boise
2017-01-08,0.28292682926829266,0.22777608812639794,0.23949368212769764,0.050747050129727696,0.43659661703702757,0.6172302825661224,conventional,Boise
2017-01-01,0.23414634146341462,0.22936159050316893,0.18734057304558382,0.06666288796090174,0.49937415551183895,0.8140347342738967,conventional,Boise
2018-03-25,0.4097560975609756,0.18835428231373702,0.271549828134766,0.014361018493458354,0.3059006395626064,0.38037698890001487,conventional,Boise
2018-03-18,0.28780487804878047,0.2612862934389181,0.3306471807575526,0.04714946245548803,0.49573921142790695,0.31487424376301404,conventional,Boise
2018-03-11,0.39999999999999997,0.1768693068848946,0.19106993761180996,0.016152691831902388,0.3362655513312603,0.4395466541434021,conventional,Boise
2018-03-04,0.38048780487804873,0.19984332110583136,0.2990869512271427,0.013007415237725467,0.30971983154936766,0.40760650332760373,conventional,Boise
2018-02-25,0.3170731707317073,0.24841177956267535,0.2833554121906241,0.05327146174981473,0.46218260440796355,0.26963364391581385,conventional,Boise
2018-02-18,0.39512195121951216,0.17735702029575268,0.26758902242355215,0.016742453334164648,0.26901756749720523,0.32242438626727754,conventional,Boise
2018-02-11,0.34146341463414626,0.20431405299684352,0.3250181822585561,0.019953762811583814,0.28063563472330794,0.30453580437826694,conventional,Boise
2018-02-04,0.3073170731707317,0.28249729121928946,0.2663075516419875,0.06030453062097834,0.5190563506536782,0.2678629389409593,conventional,Boise
2018-01-28,0.33170731707317075,0.23049348975627224,0.4484427845868271,0.013969497342389003,0.26291595214413027,0.3176361694203897,conventional,Boise
2018-01-21,0.39512195121951216,0.19469706056522,0.3344547912690174,0.015283282486123886,0.27254319532662297,0.3444084804333957,conventional,Boise
2018-01-14,0.34634146341463407,0.24386450269364743,0.3319244802161553,0.05253560603591566,0.4114002920994624,0.29339457589936985,conventional,Boise
2018-01-07,0.4195121951219512,0.1880416669128479,0.30905822965016727,0.01883410867652248,0.2642853525775192,0.33399675357977854,conventional,Boise
