Practica_1/avocado_standarized.csv
Date,AveragePrice,Total Volume,4046,4225,Total Bags,Small Bags,type,region
2015-12-27,0.44390243902439025,0.2111818177804737,0.009202543968771593,0.28016384940534983,0.49332246482075215,0.846894658156121,conventional,BuffaloRochester
2015-12-20,0.45365853658536587,0.19939681239476026,0.007837512169161948,0.2722843976766628,0.45695989531361036,0.7844704466748571,conventional,BuffaloRochester
2015-12-13,0.44390243902439025,0.2161021113960273,0.009561210464100047,0.2889521034874148,0.501947731647529,0.8617017932891677,conventional,BuffaloRochester
2015-12-06,0.38536585365853654,0.23803239036436444,0.011691209071416414,0.4123324203035529,0.4318675279906324,0.7413939736542282,conventional,BuffaloRochester
2015-11-29,0.4634146341463414,0.1754682811997605,0.010190743834347347,0.2528146162228341,0.3810193937216924,0.6541021587452572,conventional,BuffaloRochester
2015-11-22,0.4682926829268292,0.19802361525687034,0.011516686301038996,0.2747638190812361,0.4433591313144538,0.7611217950339614,conventional,BuffaloRochester
2015-11-15,0.44878048780487806,0.2188047750975663,0.01213572408447871,0.29372673439052077,0.5031346703913977,0.8523596341820728,conventional,BuffaloRochester
2015-11-08,0.4195121951219512,0.2437016167375599,0.008671171246936263,0.35076249558954187,0.5375418721891142,0.9028410546588063,conventional,BuffaloRochester
2015-11-01,0.38536585365853654,0.26017945525322256,0.014674781459680463,0.4383883442041975,0.48494458853727973,0.8119331624416748,conventional,BuffaloRochester
2015-10-25,0.44878048780487806,0.21847713623470796,0.01039850262961545,0.2596389588343071,0.5473263914534694,0.9104390333352191,conventional,BuffaloRochester
2015-10-18,0.4146341463414634,0.23281795317762366,0.010336471020406515,0.288374174057579,0.5696901393255311,0.9602110372461329,conventional,BuffaloRochester
2015-10-11,0.4195121951219512,0.23956113744036273,0.014602927057690068,0.3603609986552531,0.5003645214810458,0.8406534175801919,conventional,BuffaloRochester
2015-10-04,0.43414634146341463,0.2170405286659625,0.02031858142725179,0.27173629640545893,0.512872480177721,0.8607633150528629,conventional,BuffaloRochester
2015-09-27,0.424390243902439,0.19912931130803024,0.012837986488950369,0.4271788371694282,0.25398434973485,0.42572951312435975,conventional,BuffaloRochester
2015-09-20,0.5365853658536585,0.13297061922602946,0.009723555662604562,0.2822102311292615,0.17200296404236504,0.28269092573878907,conventional,BuffaloRochester
2015-09-13,0.5609756097560975,0.16024727388410326,0.010581098928306396,0.3434045052564159,0.20423053904970415,0.34377449783135017,conventional,BuffaloRochester
2015-09-06,0.5463414634146341,0.1670482018332709,0.009901442403112614,0.34992100143260185,0.2242241604819775,0.384724867649424,conventional,BuffaloRochester
2015-08-30,0.45853658536585357,0.18372301462808574,0.009460224080778342,0.4364449085954693,0.18293521466845514,0.31404784322491847,conventional,BuffaloRochester
2015-08-23,0.5121951219512194,0.15126414415565254,0.00865946463088165,0.30930107168818877,0.21292037748760342,0.3655238574475937,conventional,BuffaloRochester
2015-08-16,0.5170731707317072,0.15311967349360747,0.008280614314769376,0.32547112194969885,0.19980340936320512,0.34300574601353734,conventional,BuffaloRochester
2015-08-09,0.5024390243902439,0.1795469973755286,0.007668102633383098,0.3988136753250986,0.21480929806193175,0.3687665979634976,conventional,BuffaloRochester
2015-08-02,0.5024390243902439,0.17149229123982593,0.009740779189673419,0.31614093061020904,0.2824258670123108,0.48484505603194966,conventional,BuffaloRochester
2015-07-26,0.4634146341463414,0.20150000921395075,0.011298095521950241,0.3231890198367883,0.3910783646609843,0.6713705569280346,conventional,BuffaloRochester
2015-06-21,0.5170731707317072,0.23846626970316606,0.008442421278052987,0.3389893709730215,0.4834425617656933,0.82993366870783,conventional,BuffaloRochester
2015-03-15,0.5024390243902439,0.2269521259154126,0.023551020325780325,0.323707151247894,0.48368512953306325,0.8286465383706662,conventional,BuffaloRochester
2015-03-08,0.44390243902439025,0.27595815368417353,0.007215446812604662,0.43908721583542226,0.5588760467098353,0.9539119946288565,conventional,BuffaloRochester
2015-02-22,0.473170731707317,0.24042450329282877,0.011499597332775363,0.32161953439732244,0.5565127078806212,0.9469927683053468,conventional,BuffaloRochester
2015-02-15,0.4878048780487804,0.21991049311285188,0.010231582431733272,0.30658210395502966,0.4943976759221393,0.8468325631249654,conventional,BuffaloRochester
2015-02-08,0.44878048780487806,0.29141022360204766,0.012261065611546223,0.46947056081189276,0.5761771302000352,0.9800014136202154,conventional,BuffaloRochester
2015-01-25,0.5170731707317072,0.25032158225520046,0.008888887393791053,0.3826469550480439,0.5238047308038111,0.8878782986452091,conventional,BuffaloRochester
2015-01-18,0.5268292682926828,0.23491890965599413,0.010934652189036283,0.43828157214942703,0.38780378911215463,0.6657150028188077,conventional,BuffaloRochester
2015-01-11,0.5365853658536585,0.23312011365468624,0.01104895989407531,0.36123387968695314,0.47793941718181804,0.820486331350432,conventional,BuffaloRochester
2015-01-04,0.4682926829268292,0.255154788112409,0.021986706935631775,0.39458927121518933,0.5107041065311907,0.8767340037450203,conventional,BuffaloRochester
2016-12-25,0.473170731707317,0.2261226287447544,0.0080555647130298,0.4565237938016945,0.33367750686776687,0.5473752123688396,conventional,BuffaloRochester
2016-12-18,0.44878048780487806,0.18725629567069293,0.008585928243825938,0.3692410044366729,0.28479572552010285,0.4553166455620221,conventional,BuffaloRochester
2016-12-11,0.5024390243902439,0.19537814613861776,0.006511098746652009,0.44609910033739125,0.22374572324714645,0.3574804810785708,conventional,BuffaloRochester
2016-12-04,0.5951219512195121,0.1584021994699749,0.006460908312302913,0.3843186072446292,0.15161896569139718,0.24045419218887437,conventional,BuffaloRochester
2016-11-27,0.5512195121951219,0.1607257623621732,0.006769384373282273,0.35837668217353047,0.1934535996708366,0.3318068688143575,conventional,BuffaloRochester
2016-11-20,0.5804878048780486,0.1726184798202509,0.009596128474056054,0.370417126606009,0.22274240723144884,0.38238549484603573,conventional,BuffaloRochester
2016-11-13,0.5658536585365853,0.19170732574096475,0.012728051945081168,0.4004309141586688,0.2578649874594429,0.44268099666664673,conventional,BuffaloRochester
2016-11-06,0.5853658536585364,0.17924283816302858,0.008892049525713852,0.40156537609694654,0.21088614846058332,0.3587735909372532,conventional,BuffaloRochester
2016-10-30,0.5902439024390242,0.1561187430712793,0.007602707054043526,0.39731057702254047,0.12391470795724983,0.21272638430139487,conventional,BuffaloRochester
2016-10-23,0.5658536585365853,0.2430553443033745,0.007882118413094186,0.3611538183585586,0.522655570471429,0.8972512752862849,conventional,BuffaloRochester
2016-10-09,0.45365853658536587,0.29646047894928546,0.007515916624673106,0.4868620777119181,0.5815313939046006,0.998324354085186,conventional,BuffaloRochester
2016-09-18,0.5365853658536585,0.26977244089547125,0.018117603050178996,0.4960929363236122,0.44784136568153726,0.7564491822697681,conventional,BuffaloRochester
2016-09-11,0.45853658536585357,0.27237989011216135,0.01115405032095639,0.5759021069591007,0.3669665391340134,0.6130798813478945,conventional,BuffaloRochester
2016-09-04,0.5073170731707317,0.20951390600412878,0.02078825893689125,0.4803036379017414,0.21902788734459833,0.37251238489229427,conventional,BuffaloRochester
2016-08-28,0.4682926829268292,0.2516235277693649,0.018045546809980766,0.45518514005064414,0.4255688039989029,0.7056661792590023,conventional,BuffaloRochester
2016-08-21,0.43414634146341463,0.26308816441782207,0.010383499322832812,0.5015187563145715,0.42416385792066374,0.7054774410285023,conventional,BuffaloRochester
2016-08-14,0.473170731707317,0.25092660606134753,0.017800851622678273,0.5160554137753665,0.34629451388696003,0.5769341337306189,conventional,BuffaloRochester
2016-08-07,0.5170731707317072,0.22893243345138978,0.01198656564888629,0.5282667501760642,0.24944129480459315,0.40031547342248336,conventional,BuffaloRochester
2016-07-31,0.49268292682926823,0.2372211453821513,0.012057612698045332,0.4580671353206492,0.3714350196586171,0.6269926947112359,conventional,BuffaloRochester
2016-07-24,0.4878048780487804,0.2285185853952138,0.0077830158530456375,0.45288341228466694,0.3481945982944699,0.5304433539228192,conventional,BuffaloRochester
2016-05-29,0.3658536585365853,0.323616550557343,0.009703708238833805,0.5783626820686714,0.5715522667002236,0.9726837058498579,conventional,BuffaloRochester
2017-12-31,0.4048780487804878,0.25351813128691525,0.03986015303372918,0.4437528074602988,0.4191050338974165,0.5733827579117119,conventional,BuffaloRochester
2017-12-24,0.4097560975609756,0.2795833106645253,0.049994584008089676,0.5137896781818002,0.42333576943058465,0.6629064675577994,conventional,BuffaloRochester
2017-12-17,0.39999999999999997,0.2378008884796338,0.050884959622266523,0.4061617465555917,0.3878146850133399,0.594899529472985,conventional,BuffaloRochester
2017-12-10,0.39512195121951216,0.27937208166780286,0.05338264016486145,0.4491209549545209,0.4991875855317079,0.7922537905183494,conventional,BuffaloRochester
2017-12-03,0.33658536585365845,0.3364847826936395,0.05251157373923446,0.6196675967006231,0.5177696518964986,0.8383135848136098,conventional,BuffaloRochester
2017-11-26,0.38536585365853654,0.2252935928207356,0.0427426044798663,0.3578599677770866,0.4087659847112644,0.6201990383396188,conventional,BuffaloRochester
2017-11-19,0.4195121951219512,0.24678988262964266,0.059676830117490025,0.39534709065634704,0.4260118742102146,0.5657240640937246,conventional,BuffaloRochester
2017-11-12,0.45365853658536587,0.2599441975029996,0.06998403459776001,0.39183997936826653,0.47047072347265584,0.6949123931103033,conventional,BuffaloRochester
2017-11-05,0.45365853658536587,0.2537873675395745,0.0653108072922799,0.38343842858742067,0.4621484877337606,0.3050279649955744,conventional,BuffaloRochester
2017-10-29,0.44878048780487806,0.26737051000282525,0.07658656605256271,0.38184676686849683,0.504597221848854,0.23894765940829416,conventional,BuffaloRochester
2017-10-22,0.5170731707317072,0.19949171938184956,0.1644397408666529,0.28332322529541215,0.23595172258392544,0.3333149348055835,conventional,BuffaloRochester
2017-10-15,0.5170731707317072,0.1906403085151379,0.17677642852673583,0.28619841889504033,0.18021427593476785,0.22748062366716082,conventional,BuffaloRochester
2017-10-08,0.5121951219512194,0.22522122102660017,0.1707333925840606,0.2237250764833664,0.40754876965180714,0.3875777126980966,conventional,BuffaloRochester
2017-10-01,0.5317073170731706,0.21131024202335988,0.153341196052852,0.3036787826143637,0.27330367564295416,0.26042809387726124,conventional,BuffaloRochester
2017-09-24,0.4780487804878048,0.2666823080527052,0.08067621181978,0.370949994969598,0.5101676173638152,0.7668368377162459,conventional,BuffaloRochester
2017-09-17,0.45365853658536587,0.3087455635486182,0.047148867115779106,0.4209487196564023,0.6625379536836675,0.9350311188098728,conventional,BuffaloRochester
2017-09-10,0.49756097560975604,0.31213739562180737,0.019244129367526522,0.47456146938752386,0.6459373337426143,0.9698023430831731,conventional,BuffaloRochester
2017-09-03,0.5463414634146341,0.29694603987582624,0.019470928233734027,0.4790283955568088,0.5781593804197619,0.868230664182252,conventional,BuffaloRochester
2017-08-20,0.43902439024390244,0.31194494595254646,0.01762175385292319,0.5094208802778483,0.6035468301813962,0.9951478482691815,conventional,BuffaloRochester
2017-07-02,0.43902439024390244,0.3167765703927056,0.013148817329021172,0.5697149249903289,0.5522842944247549,0.84626450858069,conventional,BuffaloRochester
2017-06-25,0.49756097560975604,0.2543838473008297,0.013150297475878652,0.5473564882975845,0.32717533318013575,0.4958072055074153,conventional,BuffaloRochester
2017-06-18,0.5170731707317072,0.2847657900483929,0.014292028938216654,0.5871634058797607,0.39864949770342084,0.622228242629358,conventional,BuffaloRochester
2017-06-11,0.5756097560975609,0.25038470715242206,0.01168912340993542,0.535288553780666,0.3278962488716714,0.4639683999153054,conventional,BuffaloRochester
2017-06-04,0.5658536585365853,0.3187410857223146,0.009781819625267184,0.5704396571391325,0.5642571036140365,0.9133167163963539,conventional,BuffaloRochester
2017-05-21,0.6195121951219511,0.3065103842981804,0.009999804889732422,0.5112845379611143,0.5888134283229662,0.969597812783021,conventional,BuffaloRochester
2017-04-09,0.5463414634146341,0.3796755226533929,0.013147404461566306,0.5712878821157164,0.806570603519501,0.5878876972264679,conventional,BuffaloRochester
2017-04-02,0.5365853658536585,0.3674167510766321,0.025934460442738838,0.5175923078776097,0.8074961299455893,0.9912810910204299,conventional,BuffaloRochester
2017-03-12,0.5073170731707317,0.364363759570401,0.00980469462215551,0.6070304473940392,0.7038777172658325,0.8702075859889692,conventional,BuffaloRochester
2017-03-05,0.6048780487804877,0.3083418409543834,0.009559663037839955,0.5333908877455156,0.56906871571531,0.9759305860345054,conventional,BuffaloRochester
2017-02-26,0.6097560975609755,0.2684232944752075,0.008046078317261406,0.5053729653440725,0.4440913894605019,0.7592152475958873,conventional,BuffaloRochester
2017-02-19,0.6048780487804877,0.24099969981629427,0.009155448386942683,0.4424623322077514,0.4105150447834935,0.6781697328579767,conventional,BuffaloRochester
2017-02-12,0.5463414634146341,0.2969596795978773,0.011930656465315114,0.503399489024513,0.5568682536397892,0.889754795154625,conventional,BuffaloRochester
2017-01-01,0.4829268292682926,0.2312042268993461,0.008648632647061,0.4147031566835622,0.4057302258818557,0.6923270933193258,conventional,BuffaloRochester
2018-03-25,0.3756097560975609,0.35913067484095285,0.12289854467924209,0.5874298754869217,0.5567091020339522,0.31494707126869037,conventional,BuffaloRochester
2018-03-18,0.34146341463414626,0.3652057762927003,0.10966677184679943,0.4982270312550925,0.711572099026594,0.34634354558948194,conventional,BuffaloRochester
2018-03-11,0.3512195121951219,0.4065339803584049,0.12149146325299949,0.5898963312073391,0.7484294496203447,0.6290275718803648,conventional,BuffaloRochester
2018-03-04,0.3658536585365853,0.36922971393900744,0.09105136849668885,0.5338226521129815,0.7077413859639894,0.36007666666513344,conventional,BuffaloRochester
2018-02-25,0.38536585365853654,0.3321982199965047,0.08653853528703748,0.48919788468051284,0.6194300175468664,0.666064268203925,conventional,BuffaloRochester
2018-02-18,0.4097560975609756,0.31628982340337775,0.07368325799161564,0.46801131911311894,0.5984315618175827,0.49200055011597976,conventional,BuffaloRochester
2018-02-11,0.4048780487804878,0.3315989288271616,0.08577847987572149,0.5285118228618312,0.5682714394048123,0.6322355085146087,conventional,BuffaloRochester
2018-02-04,0.4292682926829268,0.41417732038413413,0.09068166817933192,0.7040046251358563,0.6763267166336022,0.22899114279542018,conventional,BuffaloRochester
2018-01-28,0.4048780487804878,0.34824859269806596,0.05449604699869949,0.5389649983208377,0.664214493495549,0.18491654964436413,conventional,BuffaloRochester
2018-01-21,0.4146341463414634,0.3553855058778526,0.05563851853446623,0.5382213490262984,0.6929639539474912,0.4038539702719655,conventional,BuffaloRochester
2018-01-14,0.4292682926829268,0.34919904630887705,0.05543425826813399,0.5733018142038716,0.624050504824071,0.4245955505307132,conventional,BuffaloRochester
2018-01-07,0.4097560975609756,0.3553624215817566,0.05816506194078201,0.6539704042317727,0.5436539368900473,0.18778825318398024,conventional,BuffaloRochester
2015-12-27,0.25365853658536586,0.34398825516700016,0.22249480098416308,0.4460495756749595,0.3360763913418311,0.5386233393603843,conventional,Charlotte
2015-12-20,0.2634146341463414,0.30713168352146086,0.19847450682515902,0.39336737947227546,0.31307639428908307,0.5101490112094563,conventional,Charlotte
2015-12-13,0.24878048780487802,0.3449721381771054,0.21346045552192333,0.4431301712178816,0.3485937276583788,0.5487833130259584,conventional,Charlotte
2015-12-06,0.26829268292682923,0.34270519880092565,0.2295395599523393,0.44688915686210606,0.27185505664930854,0.4320881976357585,conventional,Charlotte
2015-11-29,0.24878048780487802,0.3048056167189343,0.2146960417509061,0.37884269578537333,0.2750001317332315,0.4197363460309239,conventional,Charlotte
2015-11-22,0.27317073170731704,0.2932952507607989,0.20203123244428087,0.38007854512270645,0.2297346285404199,0.3408092684423393,conventional,Charlotte
2015-11-15,0.27804878048780485,0.3716255388047127,0.19204151946494039,0.5685385194180604,0.2110609294328746,0.3239996068847904,conventional,Charlotte
2015-11-08,0.28780487804878047,0.36073326530750754,0.20762921513867297,0.3858248229794434,0.2654584481682427,0.43046483420396703,conventional,Charlotte
2015-11-01,0.32682926829268294,0.37714448662996447,0.22452213122309245,0.3335629841761973,0.3337872696756085,0.5036296462223759,conventional,Charlotte
2015-10-25,0.4048780487804878,0.30933407033224936,0.1553741104821982,0.27176095246057513,0.308902460339143,0.4633244514440621,conventional,Charlotte
2015-10-18,0.39999999999999997,0.3436977576406769,0.15343081221713217,0.3862700489861969,0.30843250761752994,0.47800417677244134,conventional,Charlotte
2015-10-11,0.34146341463414626,0.3674861796779255,0.1543496470186142,0.3235705510344916,0.35541920595494936,0.5075388734060168,conventional,Charlotte
2015-10-04,0.38048780487804873,0.3221108877774407,0.15910865556242554,0.3164980183049954,0.3398339589694299,0.46592447005723936,conventional,Charlotte
2015-09-27,0.3170731707317073,0.37052526789259727,0.16414774825931366,0.3840820366468332,0.28240595073391483,0.4147836156817398,conventional,Charlotte
2015-09-20,0.3707317073170731,0.3544118581503171,0.1744061078932868,0.33233287374824466,0.4229166344776143,0.5970391249292231,conventional,Charlotte
