Practica_1/avocado_standarized.csv
Date,AveragePrice,Total Volume,4046,4225,Total Bags,Small Bags,type,region
2015-09-13,0.3658536585365853,0.3755711084505722,0.20266520625510062,0.29485857485167405,0.5614810601997647,0.8725538582402635,conventional,Charlotte
2015-09-06,0.27804878048780485,0.499999857233183,0.23633060829326283,0.44060292556847086,0.5898242464345619,0.9076254384790795,conventional,Charlotte
2015-08-30,0.3707317073170731,0.39303116070278793,0.22546653219756732,0.29545442951698225,0.5866250490873745,0.9716118382873669,conventional,Charlotte
2015-08-16,0.39024390243902435,0.3919299672973936,0.21615930147833032,0.2980555724810085,0.5625282277521997,0.93172015042023,conventional,Charlotte
2015-08-09,0.3756097560975609,0.3799239369149018,0.2012717152681858,0.31020541044538186,0.5514600462932903,0.8859381738939917,conventional,Charlotte
2015-08-02,0.39024390243902435,0.3936791463387768,0.20318594883132315,0.34494933464076555,0.5421149355029633,0.8988856778347263,conventional,Charlotte
2015-07-26,0.38536585365853654,0.3817634324411059,0.2079007548076179,0.28062515852851533,0.5727231295243108,0.9514131679183032,conventional,Charlotte
2015-07-19,0.3658536585365853,0.4118064248010824,0.22459284187523842,0.3476798510434188,0.5859268183048639,0.9578094160905245,conventional,Charlotte
2015-05-31,0.3658536585365853,0.427303938495001,0.30738707656866976,0.30649963370170996,0.5461622269292912,0.9044532256528833,conventional,Charlotte
2015-05-24,0.3707317073170731,0.4666128267375101,0.2935314218357993,0.41949032816642556,0.568703077850946,0.9147633006406827,conventional,Charlotte
2015-05-17,0.3756097560975609,0.4188897674783209,0.2983191586845262,0.3289194979800456,0.5339602465724576,0.8828838649664587,conventional,Charlotte
2015-05-10,0.3658536585365853,0.42321033064201774,0.3204273722212766,0.3036931653131815,0.5707545438363986,0.9469043020510832,conventional,Charlotte
2015-05-03,0.27317073170731704,0.5741590260245677,0.33776487059816096,0.4920343229291394,0.5735065626816634,0.8988643662067495,conventional,Charlotte
2015-04-26,0.3707317073170731,0.39987226103783524,0.26562668408754664,0.3173893205272995,0.5349921420011001,0.9000130476225958,conventional,Charlotte
2015-04-19,0.3609756097560975,0.39724243037707113,0.25788504506710785,0.29724943283988164,0.5771105159646833,0.9687139168457074,conventional,Charlotte
2015-04-12,0.3560975609756097,0.4478939445498515,0.3282789457855846,0.35701691490401855,0.5821582654654144,0.9473293080421038,conventional,Charlotte
2015-04-05,0.3658536585365853,0.3905984141418044,0.29005765172009884,0.28658051689860836,0.5193260688633458,0.8655059955435699,conventional,Charlotte
2015-03-29,0.38536585365853654,0.39250755791055886,0.23210088680980584,0.3595042007399651,0.4721045727864508,0.7950618658161641,conventional,Charlotte
2015-03-22,0.3658536585365853,0.4014857457107302,0.2801410714513984,0.3168927277390539,0.5306093997153312,0.8654051102830752,conventional,Charlotte
2015-03-15,0.3658536585365853,0.4038312946927402,0.26332088440120327,0.34430353020862714,0.4686138654272251,0.7823668816687955,conventional,Charlotte
2015-03-08,0.39512195121951216,0.349893200537058,0.20170465822399872,0.2780511513952635,0.4814942495988388,0.8055175958153161,conventional,Charlotte
2015-03-01,0.3609756097560975,0.3867043064424273,0.30588741868443203,0.2834500481076478,0.4976889525654086,0.8106673437324878,conventional,Charlotte
2015-02-22,0.3121951219512195,0.4429216838129248,0.3006014778593578,0.34361634894836257,0.41951827434646694,0.6887137757903279,conventional,Charlotte
2015-02-15,0.38048780487804873,0.3442084894552539,0.1899151539453651,0.2734252361809188,0.4425204148551859,0.6197232830762216,conventional,Charlotte
2015-02-08,0.3560975609756097,0.32958229262729977,0.2119934281479528,0.25199416473362257,0.458023763960485,0.6427418344650728,conventional,Charlotte
2015-02-01,0.2634146341463414,0.5577243689800039,0.35601232289538254,0.5045272909938799,0.43825127573587297,0.5128611075208428,conventional,Charlotte
2015-01-25,0.3609756097560975,0.3672084872368772,0.25151308012505896,0.3117485394121373,0.4850445271719215,0.6381743999511826,conventional,Charlotte
2015-01-18,0.39512195121951216,0.33514310407610903,0.17804060850182898,0.28677408110141717,0.42025205077382777,0.5212414835898165,conventional,Charlotte
2015-01-11,0.39999999999999997,0.35111438396107497,0.21251107587165513,0.2700742799085742,0.4415143302088592,0.5952270232669316,conventional,Charlotte
2015-01-04,0.3658536585365853,0.36443257317617533,0.1979294763845933,0.3345624754679337,0.4536763886982354,0.6796574071476134,conventional,Charlotte
2016-12-25,0.39512195121951216,0.34200004054577604,0.24305074414383263,0.35986844435879384,0.5497100931144067,0.7857384118789481,conventional,Charlotte
2016-12-18,0.39024390243902435,0.3174902287644958,0.24060379227080766,0.32787331605520126,0.48810797230762054,0.6838818624400341,conventional,Charlotte
2016-12-11,0.43414634146341463,0.3200842579003917,0.2943128720971461,0.2902835304636897,0.4680101253287637,0.7097708907999849,conventional,Charlotte
2016-12-04,0.43902439024390244,0.3396933241379789,0.263882061898396,0.32793899468477805,0.5339269336942437,0.7361977694544882,conventional,Charlotte
2016-11-27,0.5365853658536585,0.2885411596843114,0.26222826690277257,0.2433445655362196,0.44536299471521995,0.6746940976449731,conventional,Charlotte
2016-11-20,0.5512195121951219,0.2976656285615516,0.2963300431462809,0.20481154413504718,0.4353261728209604,0.6550124259056791,conventional,Charlotte
2016-11-13,0.5853658536585364,0.31629342551999023,0.33235614486331855,0.18844445798480677,0.4052709011294316,0.589316956190499,conventional,Charlotte
2016-11-06,0.5512195121951219,0.31191553598825295,0.24786229790108447,0.19484901000270652,0.46841639954590886,0.7031560067896699,conventional,Charlotte
2016-10-30,0.5560975609756097,0.31380350633984605,0.26492233602159404,0.20817574949448003,0.4225781470555479,0.6172503676255826,conventional,Charlotte
2016-10-23,0.5268292682926828,0.3682433050544483,0.3699149386512767,0.2816303178788991,0.470839129967649,0.7215359826906651,conventional,Charlotte
2016-10-16,0.4634146341463414,0.418990846384728,0.3870524153641935,0.3993619182977687,0.5306702202785045,0.7485675596238789,conventional,Charlotte
2016-10-09,0.521951219512195,0.39129351282738983,0.2914938651276728,0.3697672128313512,0.5653427640632815,0.8387296981828847,conventional,Charlotte
2016-10-02,0.5073170731707317,0.391678038775775,0.31193926822884954,0.3747534748742045,0.5574393953453602,0.8177012542123046,conventional,Charlotte
2016-09-25,0.5024390243902439,0.41522511899998565,0.3640541626102794,0.37971444320534387,0.5709785349853543,0.8532849268068236,conventional,Charlotte
2016-09-18,0.4829268292682926,0.40171010925461287,0.2900846307605466,0.38396435357916653,0.6171774239428139,0.8809247284032331,conventional,Charlotte
2016-09-11,0.4780487804878048,0.39734135679916094,0.23171463575940618,0.4219458020232136,0.616957541084469,0.9385502972052175,conventional,Charlotte
2016-09-04,0.43414634146341463,0.4499996672434959,0.39619723360552334,0.4017205392024191,0.6315744818351484,0.9563117759316899,conventional,Charlotte
2016-08-28,0.4682926829268292,0.41270644877931845,0.3691932997788526,0.404717241809301,0.5445653522309938,0.8998111237805417,conventional,Charlotte
2016-08-21,0.45853658536585357,0.42502360100215275,0.2960739777399368,0.44618752205229073,0.5883693756943347,0.9827243957271872,conventional,Charlotte
2016-08-14,0.4682926829268292,0.42866593392879104,0.2679305326712143,0.4727464861578923,0.5865723557947573,0.9331092392653406,conventional,Charlotte
2016-08-07,0.4829268292682926,0.43114895637346984,0.32724667791129747,0.45432954659781866,0.5308479485027557,0.8530219811810659,conventional,Charlotte
2016-07-31,0.5073170731707317,0.4126724263486308,0.2679061102480659,0.4886166252662216,0.4862344131677501,0.7769992645188531,conventional,Charlotte
2016-07-24,0.49756097560975604,0.42571922682675467,0.23043377049246502,0.4854421581700106,0.5742988375948959,0.8819771241905222,conventional,Charlotte
2016-07-17,0.4829268292682926,0.43133663982745685,0.25700281026064714,0.48975817227780866,0.5660979750503511,0.8966416707335079,conventional,Charlotte
2016-07-10,0.39999999999999997,0.5121542113564326,0.29190978639462467,0.5604545924736685,0.6279463253617907,0.9598467463966867,conventional,Charlotte
2016-07-03,0.3707317073170731,0.5127723477456142,0.3042419663347325,0.5151562471216891,0.671926737389401,0.9936673800695802,conventional,Charlotte
2016-06-26,0.4097560975609756,0.44024054495455806,0.24682135098386032,0.48216857089820314,0.5047109143259755,0.8017308721622762,conventional,Charlotte
2016-06-19,0.3756097560975609,0.5241435929316545,0.37069309222189556,0.5505430000184213,0.5326174607173736,0.8100062233020113,conventional,Charlotte
2016-06-12,0.39512195121951216,0.4590745191608114,0.2838976841756827,0.5306401080331978,0.40927800275630577,0.6258881697619889,conventional,Charlotte
2016-06-05,0.39512195121951216,0.4606156320395709,0.2518336664785086,0.550513738665654,0.475611177444127,0.7031169099182017,conventional,Charlotte
2016-05-29,0.3756097560975609,0.5159910366160205,0.33469921733870944,0.6526098576041967,0.46331274156860425,0.6917952225462919,conventional,Charlotte
2016-05-22,0.39999999999999997,0.44676861257032835,0.2489893624536529,0.6785317319178302,0.44526439574056,0.6988332726948523,conventional,Charlotte
2016-05-15,0.33170731707317075,0.4738155005096007,0.2143113381267665,0.735381155688818,0.558659468346112,0.7909711064920585,conventional,Charlotte
2016-05-08,0.2975609756097561,0.5568744671365833,0.37578096248567794,0.806361049667781,0.5836391256092884,0.8761063073066226,conventional,Charlotte
2016-05-01,0.2926829268292683,0.5484476228193824,0.3605498476457928,0.800095719340408,0.5745815058510543,0.7983458496984404,conventional,Charlotte
2016-04-24,0.33170731707317075,0.4772822741796306,0.21409113264201507,0.754503626849027,0.5413644579811627,0.7478245657449157,conventional,Charlotte
2016-04-17,0.34146341463414626,0.46642182670054444,0.24994769026446859,0.71428109886653,0.5105827333368402,0.776938856019408,conventional,Charlotte
2016-04-10,0.32195121951219513,0.46235189617505074,0.2633423465306367,0.662960370350952,0.5445989330412041,0.7511373739873335,conventional,Charlotte
2016-04-03,0.33170731707317075,0.42227593280708314,0.23983896002190616,0.6201480355217236,0.4871896800454341,0.7321937898529359,conventional,Charlotte
2016-03-27,0.34146341463414626,0.41701097813126453,0.22106565191386351,0.6441480128494891,0.45237361402127435,0.6958490314938331,conventional,Charlotte
2016-03-20,0.34634146341463407,0.45088591971492675,0.22593674794242768,0.7208340831702587,0.45918444536871056,0.6964857738750412,conventional,Charlotte
2016-03-13,0.2975609756097561,0.5184555213386204,0.26458089305333443,0.793130525471547,0.5528308756973265,0.7802462980245654,conventional,Charlotte
2016-03-06,0.3170731707317073,0.4577797339516205,0.26108384426433007,0.6958442502504575,0.4440415541091792,0.6764586697772444,conventional,Charlotte
2016-02-28,0.2975609756097561,0.47239749655531127,0.23857989328141158,0.7575004711573751,0.47994828197984957,0.6615836134125881,conventional,Charlotte
2016-02-21,0.3073170731707317,0.42401226283494003,0.24487946558624918,0.6121074692259841,0.4510778055762185,0.7041576533045826,conventional,Charlotte
2016-02-14,0.27317073170731704,0.4481259296453472,0.3076718030005268,0.622508923649833,0.4661557679819657,0.6869935134457208,conventional,Charlotte
2016-01-31,0.24878048780487802,0.47014503153795867,0.2449541457231493,0.7703168019679499,0.3847920548517527,0.5468936309049883,conventional,Charlotte
2016-01-24,0.23414634146341462,0.4565831503483719,0.09040225682028125,0.7812140698219806,0.47887003431583697,0.6460436035908407,conventional,Charlotte
2016-01-17,0.2634146341463414,0.4539847064232131,0.20182333909020755,0.7380867326334226,0.3884391451861864,0.5784129153985098,conventional,Charlotte
2016-01-10,0.24878048780487802,0.4307863506225193,0.1431406294257232,0.671698037009589,0.4513162650529777,0.6441825925089474,conventional,Charlotte
2016-01-03,0.25365853658536586,0.44779870810087696,0.2883385284245384,0.6217081686644211,0.3721894268496975,0.5848333882989349,conventional,Charlotte
2017-12-24,0.43414634146341463,0.4007426554105208,0.358716820321609,0.4161218009122741,0.5952400451876242,0.969089400132868,conventional,Charlotte
2017-12-03,0.39999999999999997,0.4848634337655427,0.3957778138096356,0.6678531802768564,0.5643808881963541,0.9091632487568345,conventional,Charlotte
2017-11-26,0.4682926829268292,0.37410932999379054,0.3051995540721195,0.40217710132646745,0.5764467590990375,0.949440692422459,conventional,Charlotte
2017-11-19,0.4682926829268292,0.3929962816711985,0.319859735901433,0.4202298681184455,0.6103133634387679,0.9999753153086023,conventional,Charlotte
2017-11-12,0.4878048780487804,0.41811006298059294,0.3611625611653869,0.46518465826565913,0.594416064988156,0.9508512462166111,conventional,Charlotte
2017-10-29,0.5121951219512194,0.40225192030703566,0.35625399050956746,0.44545272909938805,0.5598439063913481,0.8738937310236434,conventional,Charlotte
2017-10-22,0.5853658536585364,0.3693328135449776,0.29968768901307175,0.46081352228751515,0.4822833986387804,0.7774103182929969,conventional,Charlotte
2017-10-15,0.6146341463414633,0.3848965710419652,0.30455077879272496,0.48263505212488433,0.5034390411392611,0.7542568443673137,conventional,Charlotte
2017-10-08,0.648780487804878,0.39295391287275017,0.33651616488566877,0.4681541541910334,0.5190369702392749,0.8086778495984751,conventional,Charlotte
2017-10-01,0.6439024390243901,0.3957840783238965,0.29317719578104323,0.5253265864541901,0.515865905751705,0.8051482453707388,conventional,Charlotte
2017-09-24,0.6243902439024389,0.4103763405776657,0.3202979939300523,0.5067207588396917,0.5578430795532073,0.8881867806271475,conventional,Charlotte
2017-09-17,0.5707317073170731,0.42250752254831647,0.3768835373356953,0.4576469904734105,0.5953406089969242,0.9529969745154325,conventional,Charlotte
2017-09-10,0.6097560975609755,0.41235019066069123,0.30921774911376204,0.48824933506587,0.6030746446931469,0.9702275023952582,conventional,Charlotte
2017-07-30,0.4682926829268292,0.4667884299223698,0.3689628005455014,0.5794830447110637,0.6228530274216788,0.9783895492682676,conventional,Charlotte
2017-06-18,0.4829268292682926,0.44313352780516646,0.30610311644920846,0.5583272283618319,0.6359351643865504,0.9531866326723202,conventional,Charlotte
2017-04-09,0.5365853658536585,0.4419497273230671,0.33858554475123104,0.5348667793665661,0.6146724383981917,0.9864557704759132,conventional,Charlotte
2017-03-19,0.5024390243902439,0.45388470375896467,0.28519335091119863,0.6320575477994471,0.6057192228078719,0.9686761998638201,conventional,Charlotte
2017-03-12,0.5414634146341463,0.45452884567295854,0.3230043079001493,0.6210759675730365,0.563591828467078,0.9044507725158499,conventional,Charlotte
2017-03-05,0.473170731707317,0.4447043801101049,0.29205793563917787,0.6211229416090769,0.5387197905557722,0.8652930325848659,conventional,Charlotte
2017-02-26,0.39999999999999997,0.5303642286801974,0.3386196554083557,0.8403362434091107,0.5308106166445965,0.8425089091037601,conventional,Charlotte
2017-02-19,0.43414634146341463,0.4359293385084035,0.30955582811189103,0.5596929470929237,0.5706997070878105,0.9147602342193911,conventional,Charlotte
2017-02-12,0.39512195121951216,0.4539496077503668,0.3967725397772648,0.5248350240679941,0.5789592467395578,0.9117293834147392,conventional,Charlotte
2017-01-29,0.43414634146341463,0.4689880272891962,0.32881381703635576,0.6102775364916702,0.6202945447884503,0.9019683511592069,conventional,Charlotte
2017-01-22,0.3609756097560975,0.5439858083633988,0.2864907669111824,0.8230011236926269,0.612941597701715,0.836563884824603,conventional,Charlotte
2017-01-15,0.45365853658536587,0.43228318382389586,0.26606400020452936,0.5985411125548916,0.562246273981365,0.8068767870528334,conventional,Charlotte
2017-01-08,0.4097560975609756,0.48157303202477153,0.38174023557210035,0.5682349240267589,0.6445177407152409,0.974191005235761,conventional,Charlotte
2017-01-01,0.3756097560975609,0.4765489139871001,0.3213622195205804,0.6700473566299991,0.5329886358429958,0.7040543149070545,conventional,Charlotte
