Practica_1/avocado_standarized.csv
Date,AveragePrice,Total Volume,4046,4225,Total Bags,Small Bags,type,region
2015-12-27,0.20975609756097557,0.35781583638501063,0.017717156045828037,0.7116546621907898,0.44985157013955057,0.21542590828548566,conventional,CincinnatiDayton
2015-12-20,0.19999999999999996,0.3851211981553561,0.018381069190810444,0.7717823493819691,0.5023346254502709,0.1858013655080654,conventional,CincinnatiDayton
2015-12-13,0.17073170731707316,0.4553200813366717,0.025583665637516073,0.8753238232755995,0.6739816864908061,0.24278697218648565,conventional,CincinnatiDayton
2015-12-06,0.19024390243902434,0.4555985205579934,0.019610667552960665,0.9209084055892727,0.5282189997544849,0.20758460907958143,conventional,CincinnatiDayton
2015-11-29,0.21463414634146338,0.3102911131807663,0.016142481627677133,0.6666596996779126,0.34811421869556236,0.19602328088373033,conventional,CincinnatiDayton
2015-11-22,0.2195121951219512,0.38395143274957005,0.017262616401776447,0.8189724801582523,0.42101235246882807,0.21165298352825807,conventional,CincinnatiDayton
2015-11-15,0.21463414634146338,0.42531038659123516,0.01803087990021119,0.9160418104346126,0.5076936226201052,0.24123367648120797,conventional,CincinnatiDayton
2015-10-25,0.27804878048780485,0.4471833391915317,0.01523642991269152,0.9396643659071942,0.5323263972586627,0.1904718317773545,conventional,CincinnatiDayton
2015-10-18,0.2634146341463414,0.40844488125721423,0.01545609716222208,0.9333722540027122,0.3847306984245867,0.26700204116333276,conventional,CincinnatiDayton
2015-09-27,0.3121951219512195,0.4435173289374039,0.014940198702987677,0.9843855611874017,0.43877151036213596,0.18926381510951495,conventional,CincinnatiDayton
2015-09-20,0.2975609756097561,0.4620385779221397,0.021043651549209168,0.9851284311238768,0.4206064354943448,0.189400884141251,conventional,CincinnatiDayton
2015-09-13,0.2975609756097561,0.4754449970301207,0.014768703505727834,0.990943717594646,0.5017473185142527,0.26481184975578254,conventional,CincinnatiDayton
2015-07-26,0.28780487804878047,0.4755817896048933,0.01664566427981773,0.988561007440744,0.6155099045081434,0.37977428379514405,conventional,CincinnatiDayton
2015-04-26,0.3024390243902439,0.47087779869909563,0.05528462887672328,0.9831544588491858,0.5410793783370371,0.3299823481458347,conventional,CincinnatiDayton
2015-04-12,0.28292682926829266,0.41479969584957316,0.07519596807996022,0.8560917460312962,0.4967873613976619,0.5859829896411689,conventional,CincinnatiDayton
2015-04-05,0.3024390243902439,0.4306814499582429,0.05057103392967553,0.9571479887602398,0.4559335371462259,0.5606564962671687,conventional,CincinnatiDayton
2015-03-29,0.24878048780487802,0.43550600194993117,0.02028157775581479,0.865640086777978,0.6316431617368816,0.7142791433829465,conventional,CincinnatiDayton
2015-03-22,0.2634146341463414,0.46703502116144674,0.0199702759599257,0.9746296986434919,0.4360370857179653,0.17351789509803428,conventional,CincinnatiDayton
2015-03-15,0.24390243902439018,0.43032995805488955,0.023888359250480544,0.9298035025768413,0.5165410050718634,0.3000556095501238,conventional,CincinnatiDayton
2015-02-22,0.23902439024390243,0.4019159570405423,0.029815270944246235,0.9512345031734045,0.3674361346129646,0.2864825556658956,conventional,CincinnatiDayton
2015-02-15,0.24390243902439018,0.37309540005974684,0.029597958473807123,0.8705148297669436,0.35382974404188455,0.3274335387682278,conventional,CincinnatiDayton
2015-02-08,0.23902439024390243,0.4097026349504985,0.0285676417021958,0.9984764966863112,0.33275966115890765,0.2725078005924632,conventional,CincinnatiDayton
2015-01-18,0.23902439024390243,0.38568242549488524,0.02242617599349812,0.9129694392447879,0.37870437196248846,0.36834113200928326,conventional,CincinnatiDayton
2016-11-27,0.3170731707317073,0.40214491108669337,0.012185241724801678,0.5383059448016109,0.9350612327318945,0.30556949499567715,conventional,CincinnatiDayton
2016-04-17,0.23902439024390243,0.5010607464679435,0.02267248588646332,0.9989959742613458,0.5213702113742312,0.24616570848667355,conventional,CincinnatiDayton
2016-04-10,0.2195121951219512,0.4617412934809794,0.028491885094853866,0.8874245616819397,0.6418050185627753,0.32847305558609197,conventional,CincinnatiDayton
2016-04-03,0.2195121951219512,0.41970101246053404,0.02342043100530902,0.7787725535596117,0.5977027867874872,0.2112865461839077,conventional,CincinnatiDayton
2016-03-27,0.224390243902439,0.49507433615571617,0.02083959312108476,0.9314553874188938,0.6674183349973398,0.2887369885995056,conventional,CincinnatiDayton
2016-03-20,0.224390243902439,0.4938813327049543,0.021120821024005965,0.9357588609469343,0.6546356566937317,0.2902199099361403,conventional,CincinnatiDayton
2016-03-13,0.21463414634146338,0.4630481369951719,0.02134270849382274,0.8987474298896572,0.6555317106002203,0.2930161795119821,conventional,CincinnatiDayton
2016-03-06,0.19999999999999996,0.5148999247443161,0.024922914624456467,0.9150407604267482,0.6907522646282162,0.27033907413395447,conventional,CincinnatiDayton
2016-02-28,0.20975609756097557,0.49970358314180435,0.028609825887633982,0.915118625382417,0.6963783006877546,0.2818381539775854,conventional,CincinnatiDayton
2016-02-21,0.20487804878048776,0.4179004812932969,0.023416326961749643,0.8312830784360126,0.5714857302544613,0.2632173106841324,conventional,CincinnatiDayton
2016-01-31,0.24390243902439018,0.4456985423310312,0.021944791867804046,0.9442739146021943,0.4782587921214774,0.2576905462691542,conventional,CincinnatiDayton
2017-12-24,0.44878048780487806,0.34956749451726005,0.23173407950676125,0.2947568331989531,0.5593743109123969,0.7373062807514142,conventional,CincinnatiDayton
2017-12-17,0.4195121951219512,0.37149074496537765,0.14437890683081048,0.3814515614793067,0.7498964666110738,0.8839939094740306,conventional,CincinnatiDayton
2017-11-26,0.38536585365853654,0.3624485756670829,0.02399183497169892,0.440365646463344,0.8833539298612978,0.2443017843045533,conventional,CincinnatiDayton
2017-09-24,0.6585365853658536,0.4011312447221579,0.030681762370495563,0.4833993189827536,0.9762751575864365,0.34361611717163726,conventional,CincinnatiDayton
2017-09-17,0.6585365853658536,0.4049089425553991,0.028414311943641392,0.49006162596764385,0.9853824340746624,0.39848374666392533,conventional,CincinnatiDayton
2015-12-27,0.26829268292682923,0.23607147715136798,0.2812853595310357,0.19215193514607296,0.20605560249823363,0.23047881708505685,conventional,Columbus
2015-12-20,0.28780487804878047,0.2576582152298501,0.38724510357327635,0.16436300231398496,0.18100128151873857,0.18031829759649298,conventional,Columbus
2015-12-13,0.28780487804878047,0.27352477016354515,0.469223979186444,0.154106225087111,0.1801021910496245,0.2244973023925292,conventional,Columbus
2015-12-06,0.26829268292682923,0.3011523895859558,0.40620766864086866,0.23781147753535808,0.1680747237330858,0.19090925677460624,conventional,Columbus
2015-11-29,0.28780487804878047,0.21338376530874853,0.27149216968672696,0.16195124335951505,0.1551456652488003,0.1856137005250173,conventional,Columbus
2015-11-22,0.2926829268292683,0.2525985592368187,0.3386495274631158,0.18168791952490332,0.16415666483966815,0.21242832815184795,conventional,Columbus
2015-11-15,0.26829268292682923,0.257811349114133,0.35304698322522654,0.1892121256778644,0.20562530371208168,0.3004306328740907,conventional,Columbus
2015-11-08,0.24878048780487802,0.3338552156023836,0.41373253342608923,0.2503631808578323,0.22925601268425794,0.2284451664844446,conventional,Columbus
2015-11-01,0.26829268292682923,0.2968505398573435,0.3913120089024106,0.22545581819135085,0.19192067140900346,0.22489287073915012,conventional,Columbus
2015-10-25,0.2926829268292683,0.2616492066876282,0.40196395304166815,0.1654448221575749,0.1526271044830292,0.17572694499652805,conventional,Columbus
2015-10-18,0.2634146341463414,0.3024224651537499,0.421107096025873,0.23463460151422189,0.20952023114314702,0.2852047779136713,conventional,Columbus
2015-10-11,0.224390243902439,0.31896542730207156,0.38672476467346956,0.27778985389161825,0.21338711502526017,0.25983090833071537,conventional,Columbus
2015-10-04,0.23902439024390243,0.2948507501418828,0.3606603204248829,0.27203889988649715,0.17196616804819848,0.22925117532095082,conventional,Columbus
2015-09-27,0.28292682926829266,0.3013790154347841,0.44799732766212824,0.2390729748380707,0.16469101055107271,0.16820624013666427,conventional,Columbus
2015-09-20,0.27317073170731704,0.3623735901419908,0.5788174837637982,0.2238825776630311,0.18967263264888914,0.18444110102309613,conventional,Columbus
2015-09-13,0.28292682926829266,0.3710632132588993,0.5796729413680191,0.2229294936014703,0.2205811784381547,0.26217350087645985,conventional,Columbus
2015-09-06,0.2926829268292683,0.3173345909698846,0.41075831287478837,0.2896445985526612,0.19458275441415732,0.2535007415373288,conventional,Columbus
2015-08-30,0.28780487804878047,0.3231937631020128,0.4341609821178076,0.22794657571321894,0.22126887056214184,0.25954220476610795,conventional,Columbus
2015-08-23,0.3121951219512195,0.28737073535475477,0.4346110813212868,0.21062718485948176,0.18640600574928476,0.22939253734249518,conventional,Columbus
2015-08-16,0.28780487804878047,0.34219486234061103,0.42582055641411554,0.2568864078536621,0.21389073786774893,0.23351472748484,conventional,Columbus
2015-08-09,0.27317073170731704,0.36746715874508146,0.4314030648459067,0.3715440075158458,0.2676548653637253,0.3168839762775516,conventional,Columbus
2015-08-02,0.2975609756097561,0.3261965885451769,0.5246006462859415,0.21300394355180394,0.20734337298339867,0.2759369795228986,conventional,Columbus
2015-07-26,0.28292682926829266,0.3509024740764563,0.6173451009493797,0.18095340997493303,0.2589156381278305,0.3676800115788068,conventional,Columbus
2015-07-19,0.2975609756097561,0.3493451516729405,0.5051403481978203,0.23662146862233585,0.2362230483855713,0.33493983144802086,conventional,Columbus
2015-07-12,0.2926829268292683,0.31608210866676506,0.4707164381746022,0.2299050316773628,0.22814052247275152,0.34659621870391266,conventional,Columbus
2015-07-05,0.2634146341463414,0.3806078119322617,0.5319345048471446,0.2787526445036127,0.2705122707942246,0.381921698625676,conventional,Columbus
2015-06-28,0.24390243902439018,0.3511755760152363,0.48947676135794055,0.27545199225176387,0.3174399347817796,0.44981364591205414,conventional,Columbus
2015-06-21,0.26829268292682923,0.36038010413060206,0.4528659343527957,0.28611304376166385,0.28524326126468724,0.38283319235461444,conventional,Columbus
2015-06-14,0.27804878048780485,0.3761774501042604,0.5593512650882471,0.23759857108241497,0.30951825737744054,0.4170979971516013,conventional,Columbus
2015-06-07,0.28780487804878047,0.4127044280797554,0.619717103567894,0.235404182177073,0.29901425139219695,0.36266579948272537,conventional,Columbus
2015-05-31,0.32195121951219513,0.3160668435994133,0.5431400911905023,0.15455265555632705,0.24567542128510722,0.32863588255667786,conventional,Columbus
2015-05-24,0.27804878048780485,0.37733271918709366,0.575312226887675,0.2643741258790805,0.31073761589286863,0.3477361608190779,conventional,Columbus
2015-05-17,0.27317073170731704,0.3962926137259049,0.6549061822370267,0.27365436745174004,0.1930142805074739,0.24527429981719528,conventional,Columbus
2015-05-10,0.32195121951219513,0.35739605801489943,0.6585283707148908,0.1954158158674468,0.24306228052462153,0.3632051829879239,conventional,Columbus
2015-05-03,0.26829268292682923,0.3880033307278755,0.5382256672266555,0.37990977867648,0.24324340255416,0.24995611184526348,conventional,Columbus
2015-04-26,0.28292682926829266,0.3543990969932935,0.5867744841520004,0.20521234673215166,0.25574376984427166,0.34319540417042493,conventional,Columbus
2015-04-19,0.27317073170731704,0.37960352424939414,0.5402799765060327,0.2860246220467643,0.23104865636122807,0.3192021907740276,conventional,Columbus
2015-04-12,0.3073170731707317,0.28402432509348424,0.4475018821412881,0.19884902984091177,0.22204247954629466,0.36547157496457133,conventional,Columbus
2015-04-05,0.3170731707317073,0.27680346502532566,0.45277954759984096,0.21477244870052672,0.16586348096713804,0.2737251698452423,conventional,Columbus
2015-03-29,0.25365853658536586,0.3052590660937222,0.4875956965402913,0.17819965453182543,0.29230380523272975,0.48167345649001164,conventional,Columbus
2015-03-22,0.24390243902439018,0.40093519293628443,0.680484263684126,0.28457636221161986,0.14576563398828118,0.14042308334487075,conventional,Columbus
2015-03-15,0.27804878048780485,0.3290215924267871,0.6094326395257071,0.19158179929687735,0.20210512383325663,0.28345339139295406,conventional,Columbus
2015-03-08,0.24878048780487802,0.31012686544888624,0.37894363264369707,0.26485746958023776,0.3230403386803331,0.4531143417903699,conventional,Columbus
2015-03-01,0.28780487804878047,0.3002732974194986,0.37414472741413635,0.2553074284159619,0.17304012880026928,0.20387546588521988,conventional,Columbus
2015-02-22,0.3170731707317073,0.25082221057196186,0.37765032068727256,0.18516336053529148,0.1912269061597655,0.28006683571847246,conventional,Columbus
2015-02-15,0.2975609756097561,0.23409171871853296,0.35134602536837156,0.14836136424503588,0.21936405268936293,0.33890241436213603,conventional,Columbus
2015-02-08,0.25365853658536586,0.2811269933459901,0.5166586492045221,0.16464860161908096,0.1821368666299719,0.2738200755842184,conventional,Columbus
2015-02-01,0.20975609756097557,0.4756737753632663,0.7479549416384823,0.4232621377933398,0.213863140872124,0.2508351015085106,conventional,Columbus
2015-01-25,0.3121951219512195,0.25678505337732804,0.35793759028054845,0.23221384451664925,0.2071681454577801,0.3237752981673073,conventional,Columbus
2015-01-18,0.28292682926829266,0.25558697621353277,0.3736210918236015,0.1874638838388061,0.24486760631608595,0.3738985606371778,conventional,Columbus
2015-01-11,0.2585365853658536,0.2759966348323754,0.43547743818873086,0.24687576607355158,0.1695226282414078,0.2514506855828063,conventional,Columbus
2015-01-04,0.2195121951219512,0.34824885626757424,0.5402453276136872,0.3674352318023435,0.16852529604029554,0.253258034292096,conventional,Columbus
2016-12-25,0.3073170731707317,0.30013661466535446,0.36522038377516836,0.17241334601089117,0.5052845567301792,0.8445491525101494,conventional,Columbus
2016-12-18,0.3024390243902439,0.28825215571853474,0.37410375425794523,0.22524390364867108,0.36977723508648086,0.5954890489663017,conventional,Columbus
2016-12-11,0.2634146341463414,0.3168772978731017,0.5325758793922517,0.14054022266968397,0.39348100018299753,0.6422712921178714,conventional,Columbus
2016-11-27,0.32195121951219513,0.2948055918994723,0.39370587732677403,0.13556409228166283,0.49440312387273194,0.8231035219228424,conventional,Columbus
2016-11-20,0.43414634146341463,0.2574516206636474,0.33651219540091465,0.1507034060781427,0.39900057792931615,0.6604108605896023,conventional,Columbus
2016-11-13,0.45853658536585357,0.25638743681003406,0.35655466215984377,0.18512878537754232,0.3235626274519015,0.523537159889799,conventional,Columbus
2016-11-06,0.473170731707317,0.2506620262033337,0.3715898593793206,0.16577045212686817,0.3034455786799723,0.499161103795141,conventional,Columbus
2016-10-30,0.32195121951219513,0.3041617823027001,0.5074377379588371,0.11347864346352393,0.4086243379958561,0.6731219434487519,conventional,Columbus
2016-10-23,0.32682926829268294,0.3442800925049903,0.5698348761621675,0.15274752057859545,0.4359433988299052,0.7164779207701133,conventional,Columbus
2016-10-16,0.424390243902439,0.2708269166055314,0.3630660300241062,0.15678055685842182,0.4056597597668134,0.6615888263287839,conventional,Columbus
2016-10-09,0.43414634146341463,0.2652135010757041,0.3739808347893718,0.16521654109555073,0.35748290750156897,0.5611018939597786,conventional,Columbus
2016-10-02,0.4195121951219512,0.27063273177034125,0.36366622957481437,0.18242434204466715,0.36994308499222683,0.5665598172167596,conventional,Columbus
2016-09-25,0.34146341463414626,0.333622593547243,0.4718262119206991,0.26451405607693823,0.3759039467365481,0.6344114410631528,conventional,Columbus
2016-09-18,0.3073170731707317,0.36757790186679035,0.5741084638161281,0.18870894377144123,0.47304421029768046,0.7870631058769344,conventional,Columbus
2016-09-11,0.3024390243902439,0.38923707763178494,0.601637378821386,0.18004942547140537,0.5369191089189114,0.894523233584182,conventional,Columbus
2016-09-04,0.3024390243902439,0.35423232338695954,0.491217952297558,0.20661157785999612,0.5052564238705617,0.8576041345171559,conventional,Columbus
2016-08-28,0.3073170731707317,0.3704764196770716,0.47844596690257063,0.24386680628984472,0.5415068191818946,0.8749999425046008,conventional,Columbus
2016-08-21,0.3707317073170731,0.3383181502287772,0.4683744421696531,0.2358256731882405,0.4320295375377639,0.6583738369255692,conventional,Columbus
2016-08-14,0.3560975609756097,0.3654353233702448,0.4832488416168856,0.2413508259069957,0.5127706660191047,0.8210246416081786,conventional,Columbus
2016-08-07,0.3609756097560975,0.36064435452673055,0.4772969019853479,0.2636776631727809,0.46591543298123195,0.5930912608373078,conventional,Columbus
2016-07-31,0.3756097560975609,0.337632056834723,0.4812228569660084,0.2249094881884743,0.4129655508221895,0.5884140484411771,conventional,Columbus
2016-07-24,0.34634146341463407,0.38052979535782494,0.4959367950380095,0.24250264627488105,0.5297105771782135,0.714894420815113,conventional,Columbus
2016-07-17,0.3609756097560975,0.35214847696249846,0.4654189925716811,0.2714933492416846,0.41593486251650125,0.595605879617513,conventional,Columbus
2016-07-10,0.3024390243902439,0.37487963384572487,0.5383690396336233,0.2557481908265305,0.4361353274499635,0.50364283183393,conventional,Columbus
2016-07-03,0.24390243902439018,0.5159170175124587,0.7998728419290619,0.27179609442418906,0.6343400759015622,0.9531016928025419,conventional,Columbus
2016-06-26,0.2926829268292683,0.44332206786005524,0.6697848875660264,0.2635772676839887,0.485103204279124,0.7050576479536773,conventional,Columbus
