Practica_1/avocado_standarized.csv
Date,AveragePrice,Total Volume,4046,4225,Total Bags,Small Bags,type,region
2016-06-19,0.33658536585365845,0.37808068552320534,0.4334516553760616,0.2609231283716093,0.4998442868547829,0.6918462784607975,conventional,Columbus
2016-06-12,0.33658536585365845,0.35923225892225064,0.44029740187130934,0.22709778393077037,0.5184684185430019,0.7559832395545041,conventional,Columbus
2016-06-05,0.3073170731707317,0.3842877694062001,0.42202781465062816,0.27443847251487513,0.42646191065343164,0.5495995943737916,conventional,Columbus
2016-05-29,0.23902439024390243,0.4429352796067244,0.6395785214543923,0.2606400796929046,0.5529404598838371,0.8161318597952458,conventional,Columbus
2016-05-22,0.19024390243902434,0.46164010475394396,0.7128922136874563,0.26755716591399575,0.5337408102674398,0.7367044955729309,conventional,Columbus
2016-05-15,0.19512195121951215,0.4434940030359254,0.512432762647014,0.33814192535450166,0.5097361575390125,0.5203894784339358,conventional,Columbus
2016-05-08,0.224390243902439,0.4417455927389412,0.6085067403869507,0.3289972212342481,0.4033405404063331,0.4064158119400619,conventional,Columbus
2016-05-01,0.1317073170731707,0.49294289347089354,0.7469372733945621,0.3335257875413237,0.5075374182662281,0.7367296402275223,conventional,Columbus
2016-04-24,0.1365853658536585,0.5319555076220239,0.888120408601268,0.25335449880899924,0.5748241629290897,0.8383925451618695,conventional,Columbus
2016-04-17,0.2585365853658536,0.37800099967521644,0.37932847082664184,0.34563991673621847,0.3540622197040584,0.4170201100507937,conventional,Columbus
2016-04-10,0.25365853658536586,0.298317919166175,0.3858160217823794,0.1934404974288269,0.3767300703919872,0.48586387450609536,conventional,Columbus
2016-04-03,0.24878048780487802,0.3238293829352405,0.3417219086628286,0.20521433055267824,0.4172806849342106,0.35254691586245934,conventional,Columbus
2016-03-27,0.27804878048780485,0.3370141840150496,0.3156891530128726,0.22762810166796799,0.40287433873266915,0.33067842577903583,conventional,Columbus
2016-03-20,0.2926829268292683,0.3349256811959431,0.3098040218281294,0.25178820165252247,0.37916467913223256,0.344142621707411,conventional,Columbus
2016-03-13,0.2975609756097561,0.3078482850860929,0.3196023921864393,0.22517532013903752,0.3777201684291977,0.4058117269456098,conventional,Columbus
2016-03-06,0.24878048780487802,0.38160748714873516,0.3336176336623072,0.3011263849547051,0.41494038825668345,0.3641994700917366,conventional,Columbus
2016-02-28,0.28780487804878047,0.3401869678627722,0.329012694950479,0.29336284502535753,0.3229451335109603,0.34378998325887294,conventional,Columbus
2016-02-21,0.2975609756097561,0.2767106446301765,0.3146779435916033,0.2598380493942971,0.23992211752729847,0.3035842938514727,conventional,Columbus
2016-02-14,0.2292682926829268,0.38194634967981905,0.553027606757274,0.27586278480223436,0.31858052129027836,0.41989855971725143,conventional,Columbus
2016-02-07,0.18048780487804877,0.5135675149878252,0.6720190346885873,0.39183055622076524,0.37979771312896254,0.4634354558948193,conventional,Columbus
2016-01-31,0.23414634146341462,0.3804778941288289,0.529130299346246,0.27035435285648907,0.2950810989963178,0.32595537038459516,conventional,Columbus
2016-01-24,0.2195121951219512,0.4681232557326862,0.6425966081761967,0.3111546685673557,0.34328367273321264,0.4379189977218023,conventional,Columbus
2016-01-17,0.28780487804878047,0.2954618360467192,0.353157052327901,0.2131523758376328,0.27773991501732936,0.35452644412727424,conventional,Columbus
2016-01-10,0.2585365853658536,0.3599754810072142,0.5565991338449708,0.2380710746214091,0.2656305498205704,0.32953695045322473,conventional,Columbus
2016-01-03,0.2292682926829268,0.4232256616017466,0.5787762414899966,0.28777357239315354,0.2964335304032707,0.28308266105879537,conventional,Columbus
2017-12-24,0.3024390243902439,0.3080193416969356,0.31925092458719045,0.14732559737795609,0.5988501609065603,0.9397995572394297,conventional,Columbus
2017-12-17,0.28780487804878047,0.35761069145110325,0.3716041226126745,0.23116468686101496,0.6224565773777335,0.9018585732769664,conventional,Columbus
2017-12-10,0.32195121951219513,0.32845601619037207,0.422983854961755,0.13020366751734783,0.599560448628907,0.9137096782848769,conventional,Columbus
2017-12-03,0.26829268292682923,0.4276666540665799,0.5025569536962967,0.32273925938311687,0.6407683003581982,0.8655280737768697,conventional,Columbus
2017-11-26,0.2926829268292683,0.2773924989479733,0.40373023919846013,0.11645734998420029,0.4371667763252787,0.5828960233268801,conventional,Columbus
2017-10-22,0.5414634146341463,0.24469474664457896,0.3145130417757995,0.11116919296763965,0.43139364559973936,0.6587330681798843,conventional,Columbus
2017-10-15,0.6195121951219511,0.2406835481911697,0.31914919813043996,0.11648682388916679,0.4030030354015868,0.5951103459367848,conventional,Columbus
2017-10-08,0.6780487804878048,0.2263159789431684,0.3153395019574942,0.05827331095394844,0.422106050877964,0.6177057311873904,conventional,Columbus
2017-10-01,0.6243902439024389,0.25974748679335563,0.3590551011579458,0.09634240175483097,0.44876501658365087,0.6552615726356243,conventional,Columbus
2017-09-24,0.6097560975609755,0.26530083043943165,0.35961163637635835,0.11670610690808819,0.4469604945881755,0.6825087189856401,conventional,Columbus
2017-09-17,0.6146341463414633,0.26470351604140036,0.34881921284444534,0.1154266135191701,0.4601920482963499,0.6769818012495973,conventional,Columbus
2017-09-10,0.6048780487804877,0.29772104405065747,0.3641338214229728,0.14138051236416144,0.540919601556542,0.8032122602882651,conventional,Columbus
2017-09-03,0.5756097560975609,0.28010559560921316,0.36241920584738746,0.1532279593996959,0.45606893211505245,0.6802119694382055,conventional,Columbus
2017-08-27,0.39999999999999997,0.3868912870443924,0.5801936166648389,0.14019935979277579,0.6178931596157533,0.9589053550601547,conventional,Columbus
2017-08-13,0.5268292682926828,0.33232925797034746,0.4018515291599023,0.13590353814390918,0.6371705095110947,0.9587710458075812,conventional,Columbus
2017-07-30,0.38048780487804873,0.37494491122726376,0.585634367395325,0.1481368382718656,0.550995362900939,0.8046888954612519,conventional,Columbus
2017-07-23,0.4634146341463414,0.3024428698265122,0.41784909095435163,0.1466504607423173,0.4814611153419558,0.7383865809724572,conventional,Columbus
2017-07-16,0.44878048780487806,0.3309220164376442,0.4154158640794597,0.2017246485449385,0.5223460197049694,0.757538681754686,conventional,Columbus
2017-05-28,0.39024390243902435,0.4008055387023599,0.5462245826826855,0.14750513313561256,0.7033269383919847,0.8700935151169202,conventional,Columbus
2017-05-21,0.3512195121951219,0.3957912825571215,0.5715511064434157,0.15674491893967626,0.6370787874576745,0.9653543456785921,conventional,Columbus
2017-03-26,0.39999999999999997,0.3369926591718774,0.45865889275595945,0.16643779518186677,0.5388894808201327,0.8827081590264481,conventional,Columbus
2017-03-19,0.4195121951219512,0.29934210634691416,0.4364145057083209,0.1716339170961402,0.4100007046611504,0.6734037475654532,conventional,Columbus
2017-03-12,0.4146341463414634,0.30758976732676846,0.4193437028833934,0.22984296643517374,0.3937013295946698,0.6240460171710394,conventional,Columbus
2017-03-05,0.34146341463414626,0.36479153288226196,0.504393210431806,0.2109919244334421,0.5348059292636308,0.8391850617446924,conventional,Columbus
2017-02-19,0.3073170731707317,0.3491639476360308,0.40901214325937757,0.22467660182879912,0.576368165713439,0.9525574030232767,conventional,Columbus
2017-01-29,0.3024390243902439,0.35801551225162226,0.4494766671667769,0.2291187302415018,0.5591192396518634,0.8371112410251599,conventional,Columbus
2018-01-21,0.26829268292682923,0.47062193859897916,0.5078702099588317,0.3712262419779258,0.7338876191393112,0.9699320527038093,conventional,Columbus
2015-12-27,0.3121951219512195,0.5609970237072207,0.5590734011554565,0.35812055677340093,0.5543287941783022,0.750295181379586,conventional,Detroit
2015-12-20,0.32195121951219513,0.5498755765226075,0.7434878584226076,0.3022709076970819,0.46268131516385247,0.6208915895883345,conventional,Detroit
2015-12-13,0.2975609756097561,0.6051188888471815,0.8894745411376545,0.2698624362166276,0.5135759802894934,0.7408220860833382,conventional,Detroit
2015-12-06,0.2634146341463414,0.7461490902448159,0.625412910513685,0.5583436657319094,0.48444596709205634,0.46934736282402684,conventional,Detroit
2015-11-29,0.32682926829268294,0.5015343808742367,0.5667349776867862,0.27096232299715606,0.3776305005210831,0.48493244903876126,conventional,Detroit
2015-11-22,0.3170731707317073,0.594008313904783,0.6426983346329471,0.39637605585304997,0.4970435936968462,0.7265695132408838,conventional,Detroit
2015-11-08,0.28780487804878047,0.754601940086829,0.695447337384002,0.5147110211149356,0.47962658496288824,0.46939075268530345,conventional,Detroit
2015-11-01,0.2926829268292683,0.7482343643374466,0.7564367886464662,0.47648740486517815,0.5048968591314484,0.5393373555581416,conventional,Detroit
2015-10-25,0.3560975609756097,0.5518534460406336,0.5672931276108614,0.3537413438116845,0.38191160726956663,0.46198304545003643,conventional,Detroit
2015-10-18,0.2585365853658536,0.7864446289772666,0.7903946542477861,0.6928352904667505,0.6280556416163051,0.968127157131553,conventional,Detroit
2015-10-04,0.32195121951219513,0.6288687858079769,0.5491188753036824,0.4274874629627793,0.48384419182823485,0.6252322622477082,conventional,Detroit
2015-09-27,0.3560975609756097,0.5653296891041705,0.5959176204082649,0.3096352745961863,0.41457716178028664,0.5184800178956347,conventional,Detroit
2015-09-20,0.27317073170731704,0.8202737094664964,0.874262937324527,0.5054180972610524,0.5444934571453043,0.5853933168267875,conventional,Detroit
2015-09-06,0.3170731707317073,0.7399666281467152,0.9683371693806058,0.36382644971227524,0.5531296198732664,0.7616525925595434,conventional,Detroit
2015-08-23,0.32682926829268294,0.5883836527426044,0.7683896473146435,0.25976252251282045,0.4928317027140886,0.7013060348244267,conventional,Detroit
2015-08-16,0.2585365853658536,0.8789318942321043,0.7657884910508304,0.6148707186673261,0.6660388424587547,0.8176095682156846,conventional,Detroit
2015-08-09,0.3073170731707317,0.7494278729630991,0.9203800748012398,0.4031153067340788,0.6023822191038908,0.8423204775153892,conventional,Detroit
2015-07-19,0.2926829268292683,0.8143119868315403,0.846672192548268,0.4692016114290735,0.6562660228915739,0.9414244538818671,conventional,Detroit
2015-03-22,0.2585365853658536,1.0,0.9311315924563643,0.7726832164532407,0.5641850299070159,0.681042816287174,conventional,Detroit
2015-03-15,0.33658536585365845,0.5598442804988413,0.7264846041179032,0.22398368165915414,0.5990809396660907,0.9530216592068302,conventional,Detroit
2015-03-01,0.2585365853658536,0.8737658659783754,0.6566851842009124,0.7222181522412213,0.6168940412013321,0.7778388506685029,conventional,Detroit
2015-02-08,0.32682926829268294,0.5888830510683274,0.8740284686064216,0.2550402503014699,0.551698416459384,0.885843881439274,conventional,Detroit
2015-01-11,0.3121951219512195,0.7293857620234864,0.7291653519150073,0.6383986175604959,0.5063613754235446,0.7457403191929914,conventional,Detroit
2015-01-04,0.27804878048780485,0.8118154125213132,0.8183481022835303,0.8350829449532315,0.5013197883587298,0.7157005829726839,conventional,Detroit
2016-02-28,0.33658536585365845,0.7520091189778458,0.5523668557442145,0.4677565398769181,0.768504879622173,0.7621343273444592,conventional,Detroit
2016-02-21,0.3707317073170731,0.5441300687409045,0.5127487067216833,0.29970186011514666,0.5936017303405567,0.7245895250128752,conventional,Detroit
2016-02-14,0.27317073170731704,0.7346120598380976,0.873255831946817,0.3626965222209154,0.7370538608509466,0.9238251888417223,conventional,Detroit
2016-01-31,0.2926829268292683,0.8006544738387167,0.8840956201781692,0.4228252721730912,0.6897374275366751,0.7564206645517559,conventional,Detroit
2016-01-10,0.32195121951219513,0.715839387506634,0.8967440133105571,0.35306854525023773,0.6202731995394071,0.8751914405142633,conventional,Detroit
2015-12-27,0.33658536585365845,0.32425482804977873,0.020134168584690304,0.716370628686895,0.33810017102099327,0.4712796682009506,conventional,GrandRapids
2015-12-20,0.33658536585365845,0.2771382861572833,0.01769522296057629,0.6040727126903582,0.3140228194108872,0.468359361883862,conventional,GrandRapids
2015-12-13,0.39024390243902435,0.258212743511045,0.02563264504261814,0.49299838885432945,0.36607602248878274,0.5865607034125129,conventional,GrandRapids
2015-11-29,0.33170731707317075,0.264597143780703,0.025073485927503754,0.5863614464318863,0.27443899282219114,0.4267800690588739,conventional,GrandRapids
2015-11-22,0.32682926829268294,0.3094671948980323,0.025128655037646188,0.6716277530823612,0.32799958131160034,0.5152627286764513,conventional,GrandRapids
2015-11-15,0.3707317073170731,0.2841371328430077,0.023485692025843365,0.5292226682669486,0.43544513462734363,0.7252274939625998,conventional,GrandRapids
2015-10-25,0.34146341463414626,0.29615741794306977,0.026237150475093503,0.6123976029779981,0.31397700303950987,0.4674409687070174,conventional,GrandRapids
2015-10-18,0.24390243902439018,0.40572666695468956,0.025710621870246288,0.8397367753564148,0.4030982405709595,0.6172328890242202,conventional,GrandRapids
2015-10-11,0.2585365853658536,0.4363941872644224,0.024482907331369222,0.7535956038537132,0.3526668298670227,0.3342291883136845,conventional,GrandRapids
2015-10-04,0.26829268292682923,0.35194858145463004,0.02180996394496814,0.7249204700521037,0.3274204016461384,0.45148361894747846,conventional,GrandRapids
2015-09-27,0.34634146341463407,0.3025888873340728,0.0200342586718104,0.6183495605129027,0.30877010193294174,0.44292523712252546,conventional,GrandRapids
2015-09-06,0.3170731707317073,0.3738837584229951,0.02471529038799359,0.7932771864890488,0.4345395244796515,0.6916080175264375,conventional,GrandRapids
2015-08-23,0.4097560975609756,0.282452901721278,0.03261140291683122,0.5159836419827436,0.4067933800434067,0.6164267268666495,conventional,GrandRapids
2015-08-09,0.3121951219512195,0.4099573309519536,0.032343967291445626,0.8543138177350722,0.4729581148161839,0.7598565896090328,conventional,GrandRapids
2015-08-02,0.2975609756097561,0.40410241986020845,0.027738961300214825,0.7783227931059403,0.5334623396125577,0.8440123754630489,conventional,GrandRapids
2015-07-19,0.2975609756097561,0.47366056556701147,0.01803558945839408,0.8652482113732431,0.548856461774008,0.807959387089845,conventional,GrandRapids
2015-07-05,0.3512195121951219,0.44534112011374255,0.018227739432256036,0.7748064003718248,0.49826277359094334,0.6751181837096062,conventional,GrandRapids
2015-06-07,0.34146341463414626,0.46676962863078253,0.04660053998448537,0.9510301696591654,0.5451076465916237,0.8498977578480837,conventional,GrandRapids
2015-05-31,0.424390243902439,0.3686084366798527,0.04774819203425329,0.6405742310215684,0.5987267335669045,0.9844497176669256,conventional,GrandRapids
2015-05-10,0.44878048780487806,0.35045576768825404,0.0496781016981994,0.6018608945046755,0.5670661919745257,0.9065796354975675,conventional,GrandRapids
2015-04-05,0.38048780487804873,0.34623584414845054,0.030189680819786065,0.6521444391385118,0.49747719697761983,0.7736973420720207,conventional,GrandRapids
2015-03-15,0.44390243902439025,0.27193896028901454,0.0109061930017311,0.49207626656313014,0.434114048469434,0.6952743841437808,conventional,GrandRapids
2015-02-22,0.424390243902439,0.2838013233253941,0.010720300012312133,0.49549410592751403,0.4722100486823506,0.7490969772598797,conventional,GrandRapids
2015-02-15,0.3756097560975609,0.30019861939216613,0.011161989290464693,0.4748812187459704,0.5703530923951878,0.8831598428827058,conventional,GrandRapids
2015-02-08,0.39024390243902435,0.29110472457788084,0.007775278721745175,0.5250995807053616,0.46885071731200617,0.7382472121247525,conventional,GrandRapids
2015-01-25,0.3658536585365853,0.3167604047962007,0.007482075085158904,0.5532926461190094,0.5244582169429298,0.8287495701260652,conventional,GrandRapids
2015-01-18,0.3073170731707317,0.3297184921706788,0.0065269766856686125,0.5557061763418066,0.5750347574782276,0.9257824855521727,conventional,GrandRapids
2015-01-11,0.28780487804878047,0.4064480127704698,0.006546016756608015,0.9067777936798312,0.37849234844270335,0.6009179945420767,conventional,GrandRapids
2016-12-25,0.43414634146341463,0.32784602849181993,0.009052847297958272,0.6470324878951523,0.4725547878509987,0.7275636470236319,conventional,GrandRapids
2016-12-18,0.34146341463414626,0.3537368346756086,0.006110517183495825,0.7743188056266819,0.41358438442311246,0.6490861067964008,conventional,GrandRapids
2016-12-11,0.3707317073170731,0.28132065104216375,0.0070299574996013706,0.4293468696020598,0.5738634481008131,0.9000499979991601,conventional,GrandRapids
2016-11-27,0.4878048780487804,0.22757718100418534,0.008945200253777907,0.4405038053928744,0.3407980676029937,0.5288771792481166,conventional,GrandRapids
2016-11-20,0.49756097560975604,0.27962137449433916,0.007843029080176192,0.5848139247196792,0.36714632150357007,0.607319762272623,conventional,GrandRapids
2016-11-13,0.5609756097560975,0.2602353759172192,0.009021898772756418,0.44523854733324925,0.4594981937364465,0.7750652726102191,conventional,GrandRapids
2016-11-06,0.5999999999999999,0.21945871301161615,0.01250616447526439,0.417094156373236,0.32587211194984744,0.5328434418677818,conventional,GrandRapids
2016-10-30,0.4780487804878048,0.23486024347628678,0.013398356633311782,0.5709711084880595,0.19302731986463004,0.26310247320676067,conventional,GrandRapids
2016-10-23,0.6243902439024389,0.22144277641308566,0.008307122399398792,0.45865831383757333,0.28413143279046443,0.398906146196848,conventional,GrandRapids
2016-10-16,0.5804878048780486,0.25864572232069355,0.010165244940757124,0.49330177169343176,0.383100064294748,0.591418528022721,conventional,GrandRapids
