Practica_1/avocado_standarized.csv
Date,AveragePrice,Total Volume,4046,4225,Total Bags,Small Bags,type,region
2016-10-09,0.5756097560975609,0.25564704809728406,0.010303033157307991,0.4784435936058631,0.39304837931954384,0.6040181464679196,conventional,GrandRapids
2016-10-02,0.5658536585365853,0.26797766432916387,0.010884192637076738,0.4793774771187558,0.4344675400832964,0.6708897420695062,conventional,GrandRapids
2016-09-25,0.5414634146341463,0.30203859812913536,0.018553775417317314,0.5317157638630088,0.49191546459720753,0.7293387983093592,conventional,GrandRapids
2016-09-18,0.5121951219512194,0.3062393250230892,0.009463789889116817,0.5834330439317056,0.45477383815532035,0.681301622244188,conventional,GrandRapids
2016-09-11,0.5560975609756097,0.29960796012421764,0.011508747331530693,0.5454623647990886,0.4618156268836177,0.7133247197559252,conventional,GrandRapids
2016-09-04,0.5268292682926828,0.31371176218685554,0.01815709605951267,0.56487057696586,0.46597080559381276,0.7238403982913287,conventional,GrandRapids
2016-08-28,0.49268292682926823,0.31401025465492854,0.016670826776394886,0.4855435455690661,0.5474416022119036,0.8332588959564788,conventional,GrandRapids
2016-08-21,0.5804878048780486,0.29170601448266126,0.013737512101882544,0.470960693430295,0.40970115668922147,0.6074180410750198,conventional,GrandRapids
2016-08-14,0.5317073170731706,0.3242495346954884,0.012351220011047277,0.43851736338915903,0.5387279178263285,0.7607604172847422,conventional,GrandRapids
2016-08-07,0.5609756097560975,0.31875064011698795,0.014935892821220462,0.5139869974734629,0.45585762308059097,0.6471663737467728,conventional,GrandRapids
2016-07-31,0.5658536585365853,0.3123692050042976,0.014927482895893872,0.5531738294396132,0.4456206559850515,0.6819717886174749,conventional,GrandRapids
2016-07-24,0.5658536585365853,0.3270853888551874,0.015810188658172866,0.46865280165053874,0.48495164407985053,0.6207463945401756,conventional,GrandRapids
2016-07-17,0.5560975609756097,0.3220952493199522,0.01437599363267734,0.49032604090354526,0.45100260599590725,0.5915620365391695,conventional,GrandRapids
2016-07-10,0.5658536585365853,0.2935793127982962,0.013263663269281101,0.4995148850305154,0.3568495162621772,0.39694608970723494,conventional,GrandRapids
2016-07-03,0.5121951219512194,0.3502890160460458,0.015707722127993682,0.5666511267392085,0.5111576260903604,0.6498048759471601,conventional,GrandRapids
2016-06-26,0.39999999999999997,0.4029594287236337,0.01594811143352896,0.7406718633317699,0.552935905039899,0.7616861698726868,conventional,GrandRapids
2016-06-19,0.39999999999999997,0.474898222085293,0.020417078472676826,0.9222589622634826,0.5724562692559376,0.7546804704687531,conventional,GrandRapids
2016-06-12,0.44878048780487806,0.36815953387908185,0.021894601433454956,0.6642971111322089,0.6113740169016861,0.9606821928775926,conventional,GrandRapids
2016-05-22,0.424390243902439,0.3333189175455081,0.013116994171585353,0.5989513382994975,0.5391467848473024,0.7779699401787202,conventional,GrandRapids
2016-05-01,0.33170731707317075,0.4213131133935108,0.012500983961263212,0.9295221543157307,0.4987808647612355,0.7518930935146569,conventional,GrandRapids
2016-04-24,0.3073170731707317,0.3992476671957019,0.013465770594729736,0.8029213882776046,0.5666008834075162,0.8482340709763071,conventional,GrandRapids
2016-04-10,0.3560975609756097,0.34057443700399925,0.014324995845496888,0.67858671208671,0.48071840784804964,0.7253277659388362,conventional,GrandRapids
2016-04-03,0.32195121951219513,0.3443944597074374,0.016215277941304104,0.691830414519299,0.4786398807309649,0.721444756657239,conventional,GrandRapids
2016-03-20,0.3073170731707317,0.45823234868963236,0.014306830406791453,0.994816418665484,0.5521026365312237,0.8583557143757357,conventional,GrandRapids
2016-03-13,0.34634146341463407,0.32734223734095974,0.014668053519419192,0.6461200013036535,0.474570708191601,0.6666778591043812,conventional,GrandRapids
2016-02-28,0.3073170731707317,0.4442718186188444,0.015130733971186925,1.0,0.4805081705415736,0.7649148048506491,conventional,GrandRapids
2016-02-21,0.3512195121951219,0.31320197482968304,0.024095041575306845,0.6631882971593107,0.3700049772833857,0.5545046418718907,conventional,GrandRapids
2016-02-14,0.33658536585365845,0.34020431952206415,0.024040477979787922,0.6960662255972363,0.34929454845018754,0.4411231013294316,conventional,GrandRapids
2016-01-31,0.33658536585365845,0.40172858108431486,0.02414543384786378,0.895144882664101,0.34039956341374294,0.4578228316836754,conventional,GrandRapids
2016-01-17,0.2975609756097561,0.377962628347643,0.025636210850956614,0.7567897674537238,0.5013389901518022,0.802850115933723,conventional,GrandRapids
2016-01-10,0.3560975609756097,0.35219031862193034,0.02431908198600723,0.7820588939633759,0.37970884901683694,0.5894673641548537,conventional,GrandRapids
2017-12-31,0.3170731707317073,0.4448843541559761,0.016973516808749554,0.7323213959294838,0.3420399324061159,0.2666550755941843,conventional,GrandRapids
2017-12-24,0.5853658536585364,0.28696439902956344,0.014736880348292012,0.42135072671596935,0.3642623908054312,0.45708382415239135,conventional,GrandRapids
2017-12-17,0.39512195121951216,0.35766147250968927,0.01374134702783147,0.5256085723718984,0.3439735976238361,0.33090166124906684,conventional,GrandRapids
2017-12-10,0.5707317073170731,0.23487131339563252,0.014879109005415319,0.3717336040776014,0.3111407642367229,0.38374913239442576,conventional,GrandRapids
2017-11-26,0.5902439024390242,0.21220736673700533,0.012540880647012559,0.35659173965473023,0.2956361647821074,0.34504905584121826,conventional,GrandRapids
2017-11-19,0.4682926829268292,0.3057284174955068,0.018084703422301375,0.4834995727700795,0.4703724817406577,0.6581153376106844,conventional,GrandRapids
2017-11-12,0.5609756097560975,0.24314164135319485,0.01739172557539027,0.34859977696189226,0.37452427557663204,0.4823787333870877,conventional,GrandRapids
2017-11-05,0.6146341463414633,0.2276171337488082,0.015709875068877287,0.33228044420575625,0.32061171375467307,0.40014528704079766,conventional,GrandRapids
2017-10-29,0.5414634146341463,0.30333724902444686,0.015230172928248535,0.46629581031274936,0.43406867865138393,0.62816974052403,conventional,GrandRapids
2017-10-22,0.7414634146341462,0.21315713945992015,0.017081163852929918,0.2667973626523114,0.31258393527977596,0.41550729110656565,conventional,GrandRapids
2017-10-15,0.795121951219512,0.20643427201344064,0.023951332771326057,0.2690255473573385,0.3035666839423264,0.41494260962571106,conventional,GrandRapids
2017-10-08,0.8536585365853657,0.19036105662116587,0.018092844230017512,0.21657815048412307,0.3025098708380225,0.39289120751224155,conventional,GrandRapids
2017-10-01,0.8048780487804876,0.21377028999257108,0.021382268782559027,0.25434485035616666,0.34775286774314,0.4639782124634387,conventional,GrandRapids
2017-09-24,0.7414634146341462,0.2486082706310625,0.014138564620857018,0.3439998639665925,0.33627332135915466,0.4030826119960547,conventional,GrandRapids
2017-09-17,0.7560975609756097,0.22055107683848463,0.011530074902158929,0.28608810430361525,0.3157293676063607,0.3839711412959401,conventional,GrandRapids
2017-09-10,0.6926829268292682,0.24522777204672727,0.015879957398682268,0.3275222506727278,0.35740976206656305,0.4454528881932201,conventional,GrandRapids
2017-09-03,0.5902439024390242,0.2790827921683923,0.01789423543350474,0.3727601603493792,0.38567685561439435,0.4629618471263263,conventional,GrandRapids
2017-08-27,0.6341463414634145,0.24586389705484576,0.01331223899796749,0.3195557942438031,0.348051433297749,0.41325086499911606,conventional,GrandRapids
2017-08-20,0.6146341463414633,0.2741654417456806,0.01684400395872005,0.3392112754690673,0.4062760033584382,0.46880583282392413,conventional,GrandRapids
2017-08-13,0.6146341463414633,0.27483365634142637,0.02632441186028221,0.3467804718375421,0.3764115885589822,0.45178903450812535,conventional,GrandRapids
2017-08-06,0.49268292682926823,0.36713077816020007,0.01400864809441184,0.4937395583732105,0.44952951587992745,0.4865633252027173,conventional,GrandRapids
2017-07-30,0.5804878048780486,0.2800827968467511,0.014550785520665204,0.3501294442893601,0.40393579599157653,0.47328909407335895,conventional,GrandRapids
2017-07-23,0.6048780487804877,0.29871992855860624,0.015075228464031424,0.40082087659361015,0.392787502865756,0.4595757514150384,conventional,GrandRapids
2017-07-16,0.4780487804878048,0.3728475568655058,0.016956966075706823,0.49862712534486603,0.3986766481457185,0.3841246156815865,conventional,GrandRapids
2017-07-09,0.4829268292682926,0.3911844829074844,0.014972358257436561,0.5057355085453069,0.509960684551961,0.5946557489802999,conventional,GrandRapids
2017-07-02,0.521951219512195,0.4215417160136509,0.013953546263672015,0.503930090164643,0.5976741180638769,0.7035449823305139,conventional,GrandRapids
2017-06-25,0.6341463414634145,0.3122719258916342,0.01352430367500281,0.3827181600348019,0.5033889378559421,0.6464267529312304,conventional,GrandRapids
2017-06-18,0.4146341463414634,0.5385796682876705,0.014672763077602081,0.6802777773841627,0.5830520866052668,0.5955111271996015,conventional,GrandRapids
2017-06-11,0.6585365853658536,0.34877155853065006,0.015530037225693466,0.4552231868943148,0.5125981178134498,0.6197395351090672,conventional,GrandRapids
2017-06-04,0.7024390243902437,0.355745322184841,0.015170025142312759,0.5254799782913354,0.44798846034753814,0.5355724034962722,conventional,GrandRapids
2017-05-28,0.6878048780487804,0.3638010606344509,0.012272637668795612,0.5012500194839516,0.5071267678264758,0.6436061053061201,conventional,GrandRapids
2017-05-21,0.7024390243902437,0.32597951709102196,0.013270929444763274,0.4560604300072693,0.45695927013895216,0.548976957530525,conventional,GrandRapids
2017-05-14,0.697560975609756,0.33207265108995765,0.011167237083868485,0.481892819845007,0.4261459295190594,0.54560634724676,conventional,GrandRapids
2017-05-07,0.49756097560975604,0.5598610830549912,0.013708380120551233,0.9522552496850685,0.44952085274537856,0.4739583405202582,conventional,GrandRapids
2017-04-30,0.6780487804878048,0.3465588925090405,0.013515086396844865,0.5159291577689955,0.446428113711411,0.563899083462008,conventional,GrandRapids
2017-04-23,0.5999999999999999,0.32054383526624597,0.012286429946331221,0.478316416539962,0.4271530858933714,0.502239944093007,conventional,GrandRapids
2017-04-16,0.5999999999999999,0.38607868028638676,0.01249526521204113,0.5715697263319585,0.5250935730169616,0.6043747712641367,conventional,GrandRapids
2017-04-09,0.6292682926829267,0.3168905202767647,0.014718714909586574,0.4953582142214426,0.38416178948565183,0.4627818481965073,conventional,GrandRapids
2017-04-02,0.6292682926829267,0.3086951119519174,0.01213747334894664,0.48390448470970326,0.40188468724878584,0.48655703903906944,conventional,GrandRapids
2017-03-26,0.6195121951219511,0.3281330996145362,0.012718296431702324,0.5095327535854014,0.4477157055752451,0.4971634836447054,conventional,GrandRapids
2017-03-19,0.6292682926829267,0.31107275052155464,0.011771540678136011,0.49744774404180764,0.4136437760156387,0.4687638228522287,conventional,GrandRapids
2017-03-12,0.6292682926829267,0.2849545936727899,0.011068605479638225,0.4538534296714369,0.382524992919897,0.40943240388570773,conventional,GrandRapids
2017-03-05,0.5170731707317072,0.2814020720560818,0.010080069217049408,0.4187140875346637,0.44481900345194647,0.4356469328657654,conventional,GrandRapids
2017-02-26,0.28292682926829266,0.5232304783345095,0.009331384024774968,0.9986212447340195,0.4251285024182202,0.3880117646319275,conventional,GrandRapids
2017-02-19,0.4780487804878048,0.31121242039679203,0.008238228291123358,0.5683603298243327,0.38036117411730475,0.42949293197558336,conventional,GrandRapids
2017-02-12,0.33658536585365845,0.3876784593448536,0.008594472727957755,0.7649290288206613,0.5272883826204661,0.7524432094943763,conventional,GrandRapids
2017-01-29,0.4146341463414634,0.3693655181281241,0.009363812696834303,0.7133326909533534,0.5420901964486328,0.8153968386116409,conventional,GrandRapids
2017-01-15,0.4146341463414634,0.36476673538436244,0.006292104291147579,0.7605734091530646,0.4913066337908153,0.759508244150303,conventional,GrandRapids
2017-01-08,0.39999999999999997,0.3821640800577446,0.0082469073340604,0.7236328996796131,0.6040617061677319,0.9316033197690187,conventional,GrandRapids
2018-03-25,0.5024390243902439,0.45453378760123786,0.019824548773866527,0.6037460199600686,0.495842365246505,0.4454732798948095,conventional,GrandRapids
2018-03-18,0.4682926829268292,0.3863154755254077,0.021943446279751793,0.45557666120171353,0.6548196366645646,0.8507940727916286,conventional,GrandRapids
2018-03-11,0.4829268292682926,0.4199592007579732,0.021499873178326075,0.5326100418161027,0.5143445878763808,0.5010017231754448,conventional,GrandRapids
2018-03-04,0.6341463414634145,0.30164462760670524,0.01808194496679425,0.3847187013344027,0.45422850723206504,0.5203585075788902,conventional,GrandRapids
2018-02-25,0.4048780487804878,0.457282048827701,0.017049542533701934,0.6101793373756038,0.49920169661684943,0.41461051619982703,conventional,GrandRapids
2018-02-18,0.5268292682926828,0.31581599131995325,0.012926122506373042,0.32740683482852,0.6207705706353142,0.8489490071004517,conventional,GrandRapids
2018-02-11,0.4682926829268292,0.3679431213486975,0.02435110698165089,0.5705630791161797,0.3658664103569649,0.386396067253365,conventional,GrandRapids
2018-01-28,0.5414634146341463,0.3571146975648615,0.019766553928814354,0.6153090013022365,0.3824352357011168,0.48879935960857746,conventional,GrandRapids
2018-01-14,0.5804878048780486,0.29131478947594186,0.01644671908629189,0.43168458954044797,0.34702462857703725,0.4279609478982825,conventional,GrandRapids
2018-01-07,0.44390243902439025,0.3720535756860819,0.019280662083145234,0.5348837835425084,0.410675268117316,0.445941215783913,conventional,GrandRapids
