Practica_1/avocado_standarized.csv
Date,AveragePrice,Total Volume,4046,4225,Total Bags,Small Bags,type,region
2015-12-27,0.3512195121951219,0.3812115398549933,0.1526877784946772,0.6987951124330284,0.4659574983046603,0.788018142788214,conventional,HarrisburgScranton
2015-12-20,0.32682926829268294,0.39557757161419654,0.16221965513923808,0.7138778873445004,0.4926250378342306,0.8268457824671537,conventional,HarrisburgScranton
2015-12-13,0.34146341463414626,0.4106722412789078,0.18201621568161772,0.7591301088692366,0.470041228482493,0.7934803590350034,conventional,HarrisburgScranton
2015-12-06,0.32195121951219513,0.375830790308558,0.16994884747019354,0.7015204567321659,0.4180056196056916,0.7105704601517787,conventional,HarrisburgScranton
2015-11-29,0.3560975609756097,0.3207174836439196,0.1594996834504107,0.5810885931736736,0.35965271011874655,0.607774665871237,conventional,HarrisburgScranton
2015-11-22,0.3512195121951219,0.35657631291604586,0.17897633043336683,0.6074914022635393,0.4455422412207839,0.7285783258290338,conventional,HarrisburgScranton
2015-11-15,0.3170731707317073,0.4169500935748629,0.17145382042723767,0.804266206042434,0.45391136505904195,0.7196824843409364,conventional,HarrisburgScranton
2015-11-08,0.3170731707317073,0.47202838942315767,0.18729159364048176,0.9754057267230544,0.44043965497146476,0.7303890476017442,conventional,HarrisburgScranton
2015-11-01,0.33658536585365845,0.48295995674121517,0.1945461297860044,0.9963442438738915,0.4488327140680642,0.7564942586627551,conventional,HarrisburgScranton
2015-10-25,0.32682926829268294,0.4023654748368323,0.18566087547995444,0.7199774978071699,0.48117594638716477,0.8060054634428153,conventional,HarrisburgScranton
2015-10-11,0.2975609756097561,0.49418263658111516,0.21558022766004256,0.9732566822868918,0.49480269978996805,0.8219638864498062,conventional,HarrisburgScranton
2015-10-04,0.3512195121951219,0.4136994688657091,0.21902466395620382,0.6758621471456365,0.5373486039090742,0.9080823352515331,conventional,HarrisburgScranton
2015-09-27,0.34634146341463407,0.4225759407998285,0.20459847988917737,0.767921692935757,0.4768076724291992,0.7931476523248611,conventional,HarrisburgScranton
2015-09-20,0.3560975609756097,0.4134300349359187,0.21479191489962923,0.7170162914175674,0.4903884308392943,0.8277588094067378,conventional,HarrisburgScranton
2015-09-06,0.3658536585365853,0.49509342298093734,0.25198578520781595,0.9123616816563201,0.5251786860811382,0.88046215875139,conventional,HarrisburgScranton
2015-08-30,0.3609756097560975,0.4828247675476178,0.23275948488198184,0.8863872360987319,0.5322176168681411,0.8770751431137147,conventional,HarrisburgScranton
2015-08-23,0.32195121951219513,0.48881730585091143,0.25037289608898106,0.9097405587855618,0.5040338501711772,0.8368383295302043,conventional,HarrisburgScranton
2015-07-26,0.3560975609756097,0.49450693689686925,0.2647184121522748,0.8746914096320155,0.553239204059777,0.9296199584775893,conventional,HarrisburgScranton
2015-04-12,0.3609756097560975,0.44248921017816706,0.23893331198333623,0.715957072957834,0.5767605074667734,0.965127890466205,conventional,HarrisburgScranton
2015-03-29,0.34146341463414626,0.4331274848152665,0.21456619250386352,0.7268375491881215,0.55716619401974,0.9358098364968835,conventional,HarrisburgScranton
2015-03-22,0.3121951219512195,0.48115753665916905,0.19310177557071437,0.9191571880194245,0.5379644902580373,0.8858480211080176,conventional,HarrisburgScranton
2015-01-18,0.39024390243902435,0.40088948559073184,0.2080829474298932,0.6051393704770665,0.5870405223030613,0.9840280847393258,conventional,HarrisburgScranton
2015-01-11,0.39999999999999997,0.3923906209054065,0.23235325184900618,0.5581547068267516,0.5790762437113011,0.9788030561794444,conventional,HarrisburgScranton
2015-01-04,0.2975609756097561,0.44774876167906696,0.21986801126795436,0.8574393978254493,0.43719866023284537,0.7295574341474529,conventional,HarrisburgScranton
2016-12-25,0.49268292682926823,0.40874236337550574,0.19510872015065206,0.6899693783131575,0.5203877047435841,0.8536055211528639,conventional,HarrisburgScranton
2016-12-18,0.3756097560975609,0.46307600947066746,0.17375827452552883,0.9457162938264924,0.45907780843415985,0.7699441957321241,conventional,HarrisburgScranton
2016-12-11,0.39999999999999997,0.4448090391689987,0.18496231344262648,0.8177759529777855,0.5320578400876459,0.8765429656985514,conventional,HarrisburgScranton
2016-12-04,0.4682926829268292,0.3785111823866513,0.18274054573014636,0.6626564915567181,0.4613320096301904,0.7785677390095245,conventional,HarrisburgScranton
2016-11-27,0.4682926829268292,0.3408867229430031,0.17507769089016706,0.5739482562926079,0.43022385450363765,0.7272162214912896,conventional,HarrisburgScranton
2016-11-13,0.4780487804878048,0.43452982834794174,0.2624375731243007,0.6559680406513166,0.5912537529458006,1.0,conventional,HarrisburgScranton
2016-11-06,0.5414634146341463,0.3838293781031329,0.27263760151620864,0.5813287771588572,0.46542359914658293,0.7869453552993355,conventional,HarrisburgScranton
2016-10-30,0.5609756097560975,0.37683376014388437,0.23771817869274778,0.5589762210769595,0.5120798480218268,0.8732977720456143,conventional,HarrisburgScranton
2016-10-23,0.5658536585365853,0.42989236677884696,0.2403496779671394,0.7055017719768346,0.539398730234545,0.9221699346284977,conventional,HarrisburgScranton
2016-10-09,0.4780487804878048,0.48102524673016217,0.2893741602689561,0.7898937097302147,0.5749249053597205,0.9718721774550267,conventional,HarrisburgScranton
2016-10-02,0.4682926829268292,0.47144304547362526,0.28433634588071766,0.7558500741807176,0.58579588886931,0.9918155682515619,conventional,HarrisburgScranton
2016-09-25,0.45365853658536587,0.48746040609428054,0.4578057899308301,0.6334786718038172,0.5749811710789559,0.9740577692306395,conventional,HarrisburgScranton
2016-09-11,0.3658536585365853,0.5985814864779947,0.7286943960967183,0.7302663704161347,0.5457528268388552,0.9050445849989751,conventional,HarrisburgScranton
2016-04-03,0.33658536585365845,0.4098267102964988,0.24467204318799413,0.6293951189512959,0.5482138715360747,0.9110320792130213,conventional,HarrisburgScranton
2016-02-21,0.34634146341463407,0.5169379759667219,0.2265152162460919,0.9679385554102329,0.5804977122626491,0.9625450438122608,conventional,HarrisburgScranton
2017-12-31,0.45365853658536587,0.43008578286963806,0.24195469539586864,0.7522467475970975,0.47963649844675355,0.6336819394378729,conventional,HarrisburgScranton
2017-12-24,0.45365853658536587,0.4785623434246118,0.25124207869133486,0.8152451647917202,0.5847877500776779,0.937883350574287,conventional,HarrisburgScranton
2017-12-17,0.45365853658536587,0.43194965857535367,0.23945358360374047,0.7222339519547009,0.5282343611889428,0.8295336540503362,conventional,HarrisburgScranton
2017-12-03,0.4048780487804878,0.5093314697797682,0.26495974336944667,0.9049764137909536,0.5784919733379084,0.8744820239484437,conventional,HarrisburgScranton
2017-11-26,0.4195121951219512,0.42040531411478194,0.2051214426856861,0.6345675058699833,0.6371512184073568,0.8462709480654025,conventional,HarrisburgScranton
2017-11-19,0.4195121951219512,0.47557480501292515,0.2073551188524287,0.6894343135768426,0.7891043846088787,0.915970704024264,conventional,HarrisburgScranton
2017-11-12,0.45853658536585357,0.4422640119975083,0.2096829861828291,0.706268447759629,0.6298009506405852,0.8317514432495111,conventional,HarrisburgScranton
2017-11-05,0.49268292682926823,0.42033913620408997,0.20889043482005115,0.7036697845712611,0.5449570688096701,0.8967174113394113,conventional,HarrisburgScranton
2017-10-29,0.5024390243902439,0.4457444912819663,0.2054782253577414,0.8301614404804247,0.493693193393047,0.843197780646926,conventional,HarrisburgScranton
2017-10-22,0.4829268292682926,0.45252802364359057,0.2043523045550174,0.7923700137025318,0.5704753586961928,0.9558605520386259,conventional,HarrisburgScranton
2017-10-15,0.5073170731707317,0.4519646877479956,0.21994511346334855,0.8000218220257926,0.5374417549331416,0.7440225099854175,conventional,HarrisburgScranton
2017-10-08,0.5365853658536585,0.3615628722987942,0.23047871313341034,0.5630813125523411,0.45395905695439376,0.7058109143439676,conventional,HarrisburgScranton
2017-10-01,0.49268292682926823,0.46974117715896974,0.25223781385000327,0.81985974388877,0.5407919766156098,0.8665973348812628,conventional,HarrisburgScranton
2017-09-24,0.4878048780487804,0.4610217926517568,0.24446933034792198,0.8646124677452038,0.4603258356731983,0.7699708735973614,conventional,HarrisburgScranton
2017-09-17,0.49756097560975604,0.41501511999430163,0.22184535291074242,0.7618665767334696,0.4329425604706886,0.7289760406705589,conventional,HarrisburgScranton
2017-09-10,0.521951219512195,0.397090218986067,0.21983988847766223,0.6929186817796004,0.4495681873980686,0.6784820478665298,conventional,HarrisburgScranton
2017-09-03,0.5317073170731706,0.46727394692065927,0.2634234854901877,0.8350369628274544,0.49805467974043816,0.8011559181700947,conventional,HarrisburgScranton
2017-08-27,0.5073170731707317,0.46997046066700615,0.2732491040065557,0.795121076817782,0.5464662404344928,0.9231754141700248,conventional,HarrisburgScranton
2017-08-20,0.5024390243902439,0.4675073377201989,0.27189860455791043,0.7382647805256842,0.6096243316547989,0.9315705090611982,conventional,HarrisburgScranton
2017-08-13,0.4829268292682926,0.5230656156071103,0.28335467211719534,0.905351072467547,0.6097481162371167,0.8577454965387004,conventional,HarrisburgScranton
2017-08-06,0.45365853658536587,0.5179544976675965,0.2826593394911928,0.9147696146712031,0.5780141612777355,0.9099323072167765,conventional,HarrisburgScranton
2017-07-30,0.44878048780487806,0.4890844335475048,0.2783299099330637,0.8187883391029447,0.5873823142197494,0.9843111154245436,conventional,HarrisburgScranton
2017-07-23,0.45853658536585357,0.49226549787061097,0.29889655051774866,0.8274391427628103,0.5617124641339531,0.8981656821154504,conventional,HarrisburgScranton
2017-07-16,0.45853658536585357,0.49276595047436694,0.2889738478234104,0.8527595652032213,0.5447212886528745,0.8147758883000848,conventional,HarrisburgScranton
2017-07-09,0.5024390243902439,0.5213450118932446,0.27628811462257263,0.9172787225329421,0.5960369642554603,0.7606954091533595,conventional,HarrisburgScranton
2017-07-02,0.5073170731707317,0.4964560114461209,0.2758292018173512,0.7892704358311996,0.6569980131056257,0.9360224928134584,conventional,HarrisburgScranton
2017-06-25,0.49756097560975604,0.48840020710413395,0.2700094662119476,0.8575262608242208,0.5464849956742379,0.8111631840553453,conventional,HarrisburgScranton
2017-06-18,0.5170731707317072,0.5234151087750262,0.3040119380571996,0.9285549001075515,0.5542466283660854,0.8452576491495818,conventional,HarrisburgScranton
2017-06-11,0.5170731707317072,0.5109825789999632,0.34247227584016837,0.8206235147915076,0.5886278407601552,0.9025839352335026,conventional,HarrisburgScranton
2017-04-23,0.5121951219512194,0.4955040423106375,0.3600038752935905,0.7343118764249855,0.6115812176455369,0.9418624921633771,conventional,HarrisburgScranton
2017-03-19,0.4682926829268292,0.534125673060431,0.3980330866646169,0.8399029911762498,0.583320733086949,0.8969132023388822,conventional,HarrisburgScranton
2017-03-12,0.4780487804878048,0.5399738850938418,0.34518962363229383,0.8966308350892507,0.6069666248722523,0.9881036652780377,conventional,HarrisburgScranton
2017-02-19,0.4097560975609756,0.49299938520215797,0.3770485737103043,0.7416724882352359,0.568315558873546,0.9462663331013585,conventional,HarrisburgScranton
2017-02-12,0.33658536585365845,0.6076830687362701,0.7075839361007147,0.7549038626402669,0.5775535861759951,0.8884038832545953,conventional,HarrisburgScranton
2017-01-01,0.44390243902439025,0.5169163193387954,0.28123308343520553,0.9643469191975731,0.5099552366013683,0.8097980132963093,conventional,HarrisburgScranton
2018-01-14,0.39512195121951216,0.6095751024511152,0.5386912406927357,0.8601665133929142,0.6783544259820444,0.9575453972173147,conventional,HarrisburgScranton
2018-01-07,0.43414634146341463,0.5649103280524473,0.38717049071577886,0.9113769981678002,0.6343768718957287,0.8865419522463146,conventional,HarrisburgScranton
2015-12-27,0.2926829268292683,0.2701840705749529,0.03126662221740801,0.49159589859276276,0.33810945933020037,0.31652581827068865,conventional,Indianapolis
2015-12-20,0.32195121951219513,0.2553749565082856,0.02490818043528428,0.4816711987518935,0.3156223734291482,0.2781953988041877,conventional,Indianapolis
2015-12-13,0.28780487804878047,0.2751189703340878,0.03299725029081522,0.49584403769825813,0.3488083411874621,0.32595782352162844,conventional,Indianapolis
2015-12-06,0.23414634146341462,0.319920405522774,0.027362533042596608,0.633780991881923,0.3451886692273225,0.29692034710049164,conventional,Indianapolis
2015-11-29,0.3121951219512195,0.23800293647181947,0.020718288358174013,0.46232994052789467,0.2612899621688952,0.26763326398621584,conventional,Indianapolis
2015-11-22,0.32682926829268294,0.25324636915980214,0.026774309225553527,0.48844219076134787,0.29316618901834274,0.3114484378959996,conventional,Indianapolis
2015-11-15,0.3121951219512195,0.27264958761145996,0.02340643688956557,0.5054942617991268,0.3268606917057453,0.34182732031116203,conventional,Indianapolis
2015-11-08,0.25365853658536586,0.32444306060690786,0.029182911839089196,0.6011273060142354,0.3429294666340266,0.29508754709448154,conventional,Indianapolis
2015-11-01,0.27804878048780485,0.323696434082463,0.03515086396844865,0.6020047923435864,0.3602241197563141,0.318908427614289,conventional,Indianapolis
2015-10-25,0.28292682926829266,0.3326997927706706,0.0291533089019396,0.6372545907732508,0.3634587734376863,0.28438573678667567,conventional,Indianapolis
2015-10-18,0.2585365853658536,0.3500619509147037,0.029588673916246564,0.7235125951348219,0.36443788626304613,0.36996234894617064,conventional,Indianapolis
2015-10-11,0.32195121951219513,0.2828191315529667,0.028732610797402212,0.5356657630836507,0.31359609305135333,0.32657770058573243,conventional,Indianapolis
2015-10-04,0.2634146341463414,0.30660700448707323,0.02452939739857462,0.6191313275018457,0.313649858071956,0.28712558421075146,conventional,Indianapolis
2015-09-27,0.2926829268292683,0.30619300268201743,0.019923113098694174,0.6063276081217612,0.3105748918604135,0.30269012540283197,conventional,Indianapolis
2015-09-20,0.2292682926829268,0.40826484131896595,0.026524500803652467,0.8267117182861492,0.36769290277614164,0.2766828865020888,conventional,Indianapolis
2015-09-13,0.20975609756097557,0.4426562473540092,0.02467855583416704,0.9233814504278677,0.4434888997113568,0.3374674825187155,conventional,Indianapolis
2015-09-06,0.32682926829268294,0.34379066589232876,0.02261778773213917,0.6558556005378988,0.39310857470805904,0.3858093075392107,conventional,Indianapolis
2015-08-30,0.3560975609756097,0.3228329364452429,0.02495460322308706,0.6147572866436449,0.36669485608970576,0.3573196472818245,conventional,Indianapolis
2015-08-23,0.38048780487804873,0.289598468766585,0.028887017026398423,0.5473320447946675,0.35815336266712366,0.3633874817337117,conventional,Indianapolis
2015-08-16,0.34146341463414626,0.3513715619087326,0.03546122385270117,0.6386609778251375,0.3985888557615784,0.3527917696025964,conventional,Indianapolis
2015-08-09,0.3707317073170731,0.32572870873981336,0.023906659247991208,0.649216603444196,0.36448218435311075,0.38151739097837395,conventional,Indianapolis
2015-08-02,0.3756097560975609,0.3334124627568048,0.02633477288828457,0.6660413853302141,0.3582678589402343,0.3497575457345236,conventional,Indianapolis
2015-07-26,0.38048780487804873,0.3171441400360612,0.025835963397313803,0.6007951577774976,0.42817042368354513,0.42203309557835844,conventional,Indianapolis
2015-07-19,0.3073170731707317,0.36917282685348063,0.0327413194432764,0.7225622034011187,0.4127339682666702,0.3863916209424922,conventional,Indianapolis
2015-07-12,0.2975609756097561,0.3543846445985921,0.02813187301147316,0.7223031731209323,0.4309240501207882,0.4149107188442781,conventional,Indianapolis
2015-07-05,0.2975609756097561,0.4187062352440885,0.03290184809791037,0.8463635152732927,0.4722120135169906,0.46964342579973417,conventional,Indianapolis
2015-06-28,0.24878048780487802,0.4352906876258311,0.037103850467490936,0.8583467123134324,0.5567316083216463,0.5345267538358248,conventional,Indianapolis
2015-06-21,0.28780487804878047,0.4505162854437567,0.04853630295645879,0.8830002168032434,0.5250795512424855,0.5191613767066359,conventional,Indianapolis
2015-06-14,0.34634146341463407,0.38099141538736797,0.0698512923364051,0.6878186334594005,0.4674421094964834,0.5132968459863841,conventional,Indianapolis
2015-06-07,0.4097560975609756,0.3418628965449925,0.10846179774600546,0.572342707829998,0.43029012301740366,0.46826767588724216,conventional,Indianapolis
2015-05-31,0.45365853658536587,0.3135011481856523,0.08880786953716481,0.5671857663711246,0.3834427493180907,0.409586644876677,conventional,Indianapolis
2015-05-24,0.4146341463414634,0.37056425421568995,0.13228590516699085,0.6578979437700242,0.37032515601903426,0.39899154602982,conventional,Indianapolis
2015-05-17,0.39999999999999997,0.3601946390533093,0.1255842711521396,0.6341914301787281,0.35489405924208645,0.3259694759225367,conventional,Indianapolis
2015-05-10,0.3024390243902439,0.429284048353847,0.11369936468060114,0.9011721545282829,0.41233430303876856,0.3615048523817124,conventional,Indianapolis
2015-05-03,0.33658536585365845,0.392730142360261,0.12127664012045705,0.8020607644227296,0.3587712138507267,0.33055270250607877,conventional,Indianapolis
2015-04-26,0.39024390243902435,0.3479443675931889,0.08288337990189318,0.6263064520928598,0.3674338125356628,0.355592178847182,conventional,Indianapolis
2015-04-19,0.3121951219512195,0.3931990105512804,0.0813532444482719,0.7532062790753696,0.4516071498903578,0.5485577777399586,conventional,Indianapolis
2015-04-12,0.34634146341463407,0.32141778782729263,0.09080633691237329,0.614431940077284,0.39069620432351143,0.5081592104333145,conventional,Indianapolis
