Practica_1/avocado_standarized.csv
Date,AveragePrice,Total Volume,4046,4225,Total Bags,Small Bags,type,region
2015-04-05,0.3560975609756097,0.33204396594181174,0.08492981749116454,0.6745955485901414,0.36241473175854216,0.5176413516723725,conventional,Indianapolis
2015-03-29,0.3170731707317073,0.35407055760128203,0.03621488772076895,0.6921498096240802,0.4476138914166288,0.5744293274985469,conventional,Indianapolis
2015-03-22,0.32682926829268294,0.3524654632243991,0.026649371374901688,0.7249385369890423,0.3459452198743738,0.30237229083595396,conventional,Indianapolis
2015-03-15,0.3756097560975609,0.308382935833542,0.03325277746193836,0.6240540364371151,0.374333954548552,0.37013176872253345,conventional,Indianapolis
2015-03-08,0.3073170731707317,0.352203145671331,0.040923705830231194,0.6921945872873947,0.4091484129807336,0.4283391909646057,conventional,Indianapolis
2015-03-01,0.33658536585365845,0.3722302770772259,0.03280705141962904,0.7846077490863799,0.35337676034670756,0.3434654025651534,conventional,Indianapolis
2015-02-22,0.43902439024390244,0.279859158119016,0.028723999033867777,0.5699439854104171,0.3360485264142098,0.3500154317651501,conventional,Indianapolis
2015-02-15,0.4195121951219512,0.26726664165245606,0.03924858326397949,0.5348878220342946,0.3195086377256646,0.344093865608874,conventional,Indianapolis
2015-02-08,0.2634146341463414,0.3485870598748875,0.05147452902736186,0.7734541432800206,0.2993605981528232,0.29082782795720685,conventional,Indianapolis
2015-01-25,0.3024390243902439,0.328120382385764,0.024506926078101968,0.7662676825717116,0.3300415803665149,0.33674764012050423,conventional,Indianapolis
2015-01-18,0.34146341463414626,0.32778220074257636,0.019583486674305123,0.7360746426643276,0.36143463651586233,0.34352305128543614,conventional,Indianapolis
2015-01-11,0.39512195121951216,0.30427448023159503,0.020351211937518966,0.7121205057608732,0.297498113535469,0.28313601678926986,conventional,Indianapolis
2015-01-04,0.28292682926829266,0.3515261454253108,0.02696161508242736,0.8391262545893563,0.32585398188476045,0.3116313499260456,conventional,Indianapolis
2016-12-25,0.33658536585365845,0.29819386578430035,0.06432462580878252,0.4187339965906628,0.5825201522818294,0.6076451095716654,conventional,Indianapolis
2016-12-18,0.3658536585365853,0.26785543396972117,0.06131844754124059,0.40257414883471804,0.4834200554779991,0.5123215706945796,conventional,Indianapolis
2016-12-11,0.3560975609756097,0.2929918163644465,0.06747653126238361,0.43501379463773315,0.529441305521873,0.5960262859765961,conventional,Indianapolis
2016-12-04,0.3609756097560975,0.31770631183299486,0.06351956047711861,0.49908333321524884,0.5332368301822893,0.5313868917542552,conventional,Indianapolis
2016-11-27,0.43902439024390244,0.22764529175793768,0.05666399118908944,0.3092992295691284,0.4503042859027312,0.4016801842183255,conventional,Indianapolis
2016-11-20,0.4146341463414634,0.27364992175170405,0.060971824058979815,0.3743915693295679,0.5470445269933002,0.4446307806449328,conventional,Indianapolis
2016-11-13,0.4146341463414634,0.2800311811513889,0.05955949483933342,0.4001762057732011,0.5405127021647387,0.48345612050790365,conventional,Indianapolis
2016-11-06,0.45365853658536587,0.27701271725073634,0.061224929171608905,0.3936305899457142,0.5355873975863435,0.467002317141249,conventional,Indianapolis
2016-10-30,0.3707317073170731,0.30637820418980194,0.06242452092019384,0.43537931356975756,0.5998408841184292,0.399692069973894,conventional,Indianapolis
2016-10-23,0.424390243902439,0.31378316755946084,0.053733367690681606,0.46467113215220446,0.5997674707514269,0.43503226871785716,conventional,Indianapolis
2016-10-16,0.4048780487804878,0.3049431560739802,0.07379211606504305,0.42545688095234724,0.5890143773202352,0.5474120094243392,conventional,Indianapolis
2016-10-09,0.3707317073170731,0.31590386978682305,0.07640928482667818,0.4341004578374373,0.6172364582926784,0.5603394283056137,conventional,Indianapolis
2016-10-02,0.424390243902439,0.3220481582344814,0.09748072276916639,0.47185178310039977,0.5673930690100832,0.55320355931785,conventional,Indianapolis
2016-09-25,0.4634146341463414,0.3310433901961851,0.11340138420642937,0.48465047207843465,0.5625482333412611,0.5749173484471106,conventional,Indianapolis
2016-09-18,0.39999999999999997,0.3363303309618154,0.11212926526182788,0.4795786223500055,0.5907861223014893,0.6253779172590609,conventional,Indianapolis
2016-09-11,0.4146341463414634,0.3453833066099477,0.11716317744471483,0.5011748468561404,0.5898730993685647,0.6774891406522984,conventional,Indianapolis
2016-09-04,0.424390243902439,0.3527163155038591,0.1179411291771258,0.5359177082905278,0.5738111120508578,0.7324558155523062,conventional,Indianapolis
2016-08-28,0.4048780487804878,0.3674978206645391,0.0923904977262926,0.5536191971478329,0.6495446808309213,0.764124894725924,conventional,Indianapolis
2016-08-21,0.4195121951219512,0.35336801307708904,0.10106785867826923,0.5240580749289013,0.6124431548778225,0.6759898139617534,conventional,Indianapolis
2016-08-14,0.4048780487804878,0.37193290477956287,0.10672847849649374,0.5633158993296103,0.6233424498683605,0.6125211793885587,conventional,Indianapolis
2016-08-07,0.43414634146341463,0.358573972111315,0.14079076173066843,0.5519233848512631,0.5248917309130381,0.5589163021841659,conventional,Indianapolis
2016-07-31,0.4048780487804878,0.35030410540039203,0.10817962793144767,0.568303932640791,0.5091240222379985,0.52137579284239,conventional,Indianapolis
2016-07-24,0.3707317073170731,0.39163202393246277,0.09841173514252133,0.5817555111242737,0.6409471003104349,0.5710930611332481,conventional,Indianapolis
2016-07-17,0.3121951219512195,0.42967503175518384,0.10707267992026046,0.6611504883741033,0.6881607370487701,0.6055427711341206,conventional,Indianapolis
2016-07-10,0.33170731707317075,0.42105608919473303,0.10176985196513044,0.6843348320625074,0.6300042217151559,0.6111077124941796,conventional,Indianapolis
2016-07-03,0.32195121951219513,0.4513146374841922,0.10601612418163017,0.6897174331062804,0.7439971399152494,0.7299942458604463,conventional,Indianapolis
2016-06-26,0.34634146341463407,0.4029769121676798,0.09723777684633184,0.640393136547784,0.5687864047018135,0.6405510297732643,conventional,Indianapolis
2016-06-19,0.33658536585365845,0.42489267284893845,0.11753240680625349,0.6460045146087128,0.5880337462135627,0.5283178640045223,conventional,Indianapolis
2016-06-12,0.33170731707317075,0.40993571825227854,0.13080804580919964,0.6321725385392564,0.5263950080339409,0.6004059021863737,conventional,Indianapolis
2016-06-05,0.2975609756097561,0.45685825102258926,0.11063519156800702,0.7112469870725753,0.6194820856648254,0.6122993238081089,conventional,Indianapolis
2016-05-29,0.27804878048780485,0.46191006582275074,0.0884917909036902,0.7778296720036163,0.669416661136848,0.7248895743362617,conventional,Indianapolis
2016-05-22,0.20975609756097557,0.47170733979800517,0.07305076432765338,0.7463181708041133,0.721924902055226,0.7106793181076317,conventional,Indianapolis
2016-05-15,0.21463414634146338,0.46722531834639036,0.07568266727846071,0.6983418802934355,0.7099006499226436,0.7164138325651181,conventional,Indianapolis
2016-05-08,0.23902439024390243,0.5019172375490698,0.11677255323314534,0.7531456308478425,0.7690168976672144,0.8428551080675858,conventional,Indianapolis
2016-05-01,0.23414634146341462,0.4555435663155269,0.11254269719088311,0.755199522749462,0.6439181089073902,0.6679812414743906,conventional,Indianapolis
2016-04-24,0.24878048780487802,0.47805290749345025,0.08613680997403689,0.8232187062939541,0.5939077979910636,0.494589529612507,conventional,Indianapolis
2016-04-17,0.2585365853658536,0.47915392518583905,0.1033501105736982,0.8065150791615242,0.5786431762945201,0.42444038961335645,conventional,Indianapolis
2016-04-10,0.3073170731707317,0.3688318118380795,0.10375425794519286,0.6010533378488868,0.505756206354436,0.4456361068653953,conventional,Indianapolis
2016-04-03,0.26829268292682923,0.3382783512330342,0.08795537222665893,0.5220560457639055,0.47184976945791374,0.3533713232267154,conventional,Indianapolis
2016-03-27,0.26829268292682923,0.4289360487464777,0.07035750256166326,0.7316166436874123,0.5216812804220036,0.40701729047641605,conventional,Indianapolis
2016-03-20,0.33170731707317075,0.3707588344051424,0.08138042532692744,0.6448517023305641,0.4371799049931003,0.4146436335497767,conventional,Indianapolis
2016-03-13,0.28780487804878047,0.39311932470329153,0.08021951923484481,0.6924193966634974,0.46174087385663365,0.43869142924516513,conventional,Indianapolis
2016-03-06,0.25365853658536586,0.4572912298322378,0.07921005907804343,0.8261897609354565,0.4936183510553975,0.4050836052099111,conventional,Indianapolis
2016-02-28,0.26829268292682923,0.4129095071212857,0.07421826380119206,0.7587500655369283,0.4752433068131266,0.4020366556934781,conventional,Indianapolis
2016-02-21,0.28780487804878047,0.336960152265862,0.07270723569791279,0.6469318090034277,0.37948155337325934,0.36200743883141134,conventional,Indianapolis
2016-02-14,0.19024390243902434,0.4827431049283171,0.09099915968026137,0.9490949527354761,0.5069945880416055,0.41765240612112886,conventional,Indianapolis
2016-01-31,0.2634146341463414,0.3855266778796457,0.056038898259414584,0.7288008230021156,0.3754268491616988,0.3081521883285566,conventional,Indianapolis
2016-01-24,0.23902439024390243,0.36888931391912555,0.012135387687465646,0.6632601398026665,0.4429314225376,0.3583806290487302,conventional,Indianapolis
2016-01-17,0.2585365853658536,0.3762901919614068,0.035196344844614855,0.7482307154932133,0.4297961457267838,0.4056729713821633,conventional,Indianapolis
2016-01-10,0.27317073170731704,0.38031683119517334,0.03088292778430762,0.716421853766921,0.4383012003978611,0.3899172388225494,conventional,Indianapolis
2016-01-03,0.24878048780487802,0.405425275222026,0.04019338791487003,0.7791689634112645,0.3829905694189028,0.24521634445478338,conventional,Indianapolis
2017-12-31,0.25365853658536586,0.45052460984739173,0.45685889961845855,0.40664608216701226,0.5906573363219063,0.9125145405864623,conventional,Indianapolis
2017-12-24,0.4195121951219512,0.32573804349322993,0.14968772265277303,0.41417857785574513,0.4963785864818841,0.7308963870044453,conventional,Indianapolis
2017-12-17,0.39999999999999997,0.31604404483695114,0.12360518024488357,0.41125853574206933,0.5206651036704807,0.7503227791712107,conventional,Indianapolis
2017-12-10,0.39999999999999997,0.3685719762312139,0.06303339951383903,0.5883631921939497,0.6584440420899732,0.5719677578066871,conventional,Indianapolis
2017-12-03,0.39512195121951216,0.401518362437374,0.059246241940768565,0.7314487983007161,0.6118673690176478,0.360135848596062,conventional,Indianapolis
2017-11-26,0.4682926829268292,0.2539128485896187,0.04798366994339784,0.3678782614363711,0.5003540721331879,0.38486653631309753,conventional,Indianapolis
2017-11-19,0.3121951219512195,0.391735540856821,0.04984058145550914,0.5442044808837637,0.8359924839716381,0.6500199854007682,conventional,Indianapolis
2017-11-12,0.28780487804878047,0.44377294743213785,0.07948388624667724,0.6322436018245481,0.8934817593236538,0.5546389511244644,conventional,Indianapolis
2017-11-05,0.39999999999999997,0.4261447817619213,0.05769585538696085,0.6138080285216712,0.8765006759477714,0.5439517063177938,conventional,Indianapolis
2017-10-29,0.5804878048780486,0.3348947557069772,0.05762736495510109,0.4655975763381224,0.6913235849551183,0.565833535333836,conventional,Indianapolis
2017-10-22,0.5999999999999999,0.2760051788772673,0.06017981093142278,0.40547959569737674,0.5266472213531799,0.43488278067988995,conventional,Indianapolis
2017-10-15,0.6439024390243901,0.26483943005114546,0.06291431497121451,0.36996063533269385,0.5221389082717841,0.4154409030856017,conventional,Indianapolis
2017-10-08,0.746341463414634,0.23053366214215198,0.06776300695870861,0.26259839395558227,0.511753685471593,0.42763038768304423,conventional,Indianapolis
2017-10-01,0.6829268292682926,0.28315138288221914,0.06089465458418302,0.3824955470314252,0.5804367130781447,0.5143986111564686,conventional,Indianapolis
2017-09-24,0.6341463414634145,0.29820618765881024,0.053479051548805494,0.44981047428897747,0.5675782993302325,0.48207132465260133,conventional,Indianapolis
2017-09-17,0.6926829268292682,0.277515849477826,0.053082574029208685,0.3964238800978874,0.5518689105197336,0.48729006704883476,conventional,Indianapolis
2017-09-10,0.6926829268292682,0.3058084328053809,0.05942264853441913,0.428093590984386,0.6186901679942548,0.5489312678532797,conventional,Indianapolis
2017-09-03,0.6146341463414633,0.3195065794307237,0.05171195803918218,0.43701079340067933,0.6725639689874072,0.6084794828051193,conventional,Indianapolis
2017-08-27,0.4146341463414634,0.39484746211226757,0.05834368875471881,0.5893743738566464,0.7761419239357138,0.505136945608279,conventional,Indianapolis
2017-08-20,0.4634146341463414,0.3833805192306134,0.048325920264488786,0.5941582862057875,0.7361611114390796,0.5368644401075026,conventional,Indianapolis
2017-08-13,0.5121951219512194,0.33883973232144315,0.04745862148540811,0.48359812613981124,0.6987996914495129,0.5547568550231278,conventional,Indianapolis
2017-08-06,0.44390243902439025,0.37438298103571266,0.05259923880083884,0.5565048766559588,0.7401248080825438,0.5987064915065496,conventional,Indianapolis
2017-07-30,0.473170731707317,0.35019786492444877,0.05014071487056452,0.5285318027685633,0.6847229016034925,0.5455013223175215,conventional,Indianapolis
2017-07-23,0.44878048780487806,0.34069034169524437,0.05034490785749415,0.4991575139327967,0.6824963867137525,0.5691868203373033,conventional,Indianapolis
2017-07-16,0.44390243902439025,0.36573961436749897,0.06635013950384132,0.5827507513720245,0.6530521785952522,0.5214340548469312,conventional,Indianapolis
2017-07-02,0.3170731707317073,0.42717503104134974,0.058057213058393814,0.5559829901559992,0.9448361064443808,0.8413939583221218,conventional,Indianapolis
2017-05-28,0.3658536585365853,0.4133638789893524,0.07839140330705177,0.5510497953122322,0.8691312956985928,0.6980090186516609,conventional,Indianapolis
2017-05-21,0.3170731707317073,0.4074872453773038,0.08800300604370874,0.5098857319376684,0.8873869315811533,0.685567780866175,conventional,Indianapolis
2017-04-30,0.3609756097560975,0.4673854148585158,0.09976048532669869,0.6139979084863592,0.9808645647520633,0.7265808589996628,conventional,Indianapolis
2017-04-16,0.34146341463414626,0.4510223608636883,0.0875852009534837,0.5602308458585622,0.9964046205408635,0.7102182816664344,conventional,Indianapolis
2017-04-09,0.4195121951219512,0.3520957191326007,0.07922957010480114,0.4952515838681383,0.6928615146142167,0.6391763531082243,conventional,Indianapolis
2017-04-02,0.39999999999999997,0.36571123671711264,0.0765336844421091,0.4358217763979204,0.8238740090870029,0.7018596771886314,conventional,Indianapolis
2017-03-26,0.4048780487804878,0.3984392995139537,0.0830425629684749,0.4826346978712189,0.8904291207784746,0.6483222612526545,conventional,Indianapolis
2017-03-19,0.39512195121951216,0.3695374972322456,0.0861078125515108,0.4287299722690231,0.8350891065905823,0.6395522963585787,conventional,Indianapolis
2017-03-12,0.44390243902439025,0.32777923558560873,0.07387130392191822,0.4625096888377504,0.6387451458536942,0.5386139867754448,conventional,Indianapolis
2017-03-05,0.44390243902439025,0.32993903395669205,0.0865602665340814,0.4693973720046081,0.6200658201742254,0.6232102640480043,conventional,Indianapolis
2017-02-26,0.28292682926829266,0.4147176159118845,0.08138264554721365,0.5882997099370987,0.8202916689850226,0.591645443198302,conventional,Indianapolis
2017-02-19,0.24390243902439018,0.3935216855217337,0.08299883135677662,0.5277345903198061,0.8133125763438731,0.6565005601585094,conventional,Indianapolis
2017-02-12,0.16097560975609754,0.5216283930428457,0.11730231124931795,0.8267644312315701,0.8989354257988682,0.788035008105318,conventional,Indianapolis
2017-01-22,0.23902439024390243,0.44913610371389867,0.0911858600225117,0.6580656474552543,0.8415520728960796,0.7290741661518912,conventional,Indianapolis
2017-01-15,0.25365853658536586,0.4628040716305489,0.10266123677034647,0.726067755973071,0.8129215742505205,0.7012537523414043,conventional,Indianapolis
2017-01-08,0.20487804878048776,0.48928353834684857,0.11964935320946299,0.7959301921896986,0.8002185610604963,0.6414731026556588,conventional,Indianapolis
2017-01-01,0.2292682926829268,0.4093675502490326,0.10894647856242755,0.6940077283979658,0.6009605719312118,0.600557536719245,conventional,Indianapolis
2015-12-27,0.26829268292682923,0.29189945253757804,0.6154077905511462,0.05447564080945546,0.29748391313966194,0.23459426110056006,conventional,Jacksonville
2015-12-20,0.3658536585365853,0.21052856075432014,0.4242178264850751,0.046365782496751495,0.23307645502033558,0.24763544421175418,conventional,Jacksonville
2015-12-13,0.25365853658536586,0.3073914532359494,0.6763821039480227,0.06315435965815938,0.2714152016219531,0.17344736740832667,conventional,Jacksonville
2015-12-06,0.3658536585365853,0.20482111680243098,0.4375920970922515,0.054674235414313835,0.17751468245012378,0.13446732659119284,conventional,Jacksonville
2015-11-29,0.25365853658536586,0.2660997315830092,0.5741754068217277,0.05555129663926633,0.24817370852982049,0.11711046215415176,conventional,Jacksonville
2015-11-22,0.2634146341463414,0.25306237567893036,0.518930136395533,0.05706445574592361,0.2662713538451948,0.1646470449434636,conventional,Jacksonville
2015-11-15,0.39512195121951216,0.19968572850403418,0.38863879639839904,0.05185820217681793,0.22252466782907473,0.19163400544688416,conventional,Jacksonville
2015-11-08,0.39512195121951216,0.2073657925479104,0.41860753166000486,0.05461131996332766,0.2157484890198342,0.1956559236129925,conventional,Jacksonville
2015-11-01,0.2585365853658536,0.356862483509609,0.74302982024962,0.08425576264437609,0.35039128342194886,0.22046771817319177,conventional,Jacksonville
