Practica_1/avocado_standarized.csv
Date,AveragePrice,Total Volume,4046,4225,Total Bags,Small Bags,type,region
2015-10-25,0.38048780487804873,0.2152765677679926,0.4112508653813161,0.0634550501694041,0.2430934499468646,0.29652263225896663,conventional,Jacksonville
2015-10-18,0.39512195121951216,0.203201613959098,0.38828975085764417,0.06848538136824102,0.21779030945341782,0.21643230775340025,conventional,Jacksonville
2015-10-11,0.26829268292682923,0.3114307438061111,0.6294418702597456,0.08574121911439418,0.3127297795964604,0.21865209012641473,conventional,Jacksonville
2015-10-04,0.26829268292682923,0.33618653183094904,0.6894725900349786,0.09864313761054487,0.32336614398790514,0.2288330687778364,conventional,Jacksonville
2015-09-27,0.4048780487804878,0.20259966513054697,0.35188419330987075,0.10373950169262403,0.21733580747692816,0.22366875535952946,conventional,Jacksonville
2015-09-20,0.26829268292682923,0.3461628134305445,0.6584253659494907,0.15350491491535465,0.3367925735680977,0.2615770819352369,conventional,Jacksonville
2015-09-13,0.39024390243902435,0.22576118709246526,0.3713343322081975,0.13795856365725817,0.2477938702696494,0.28257992128803183,conventional,Jacksonville
2015-09-06,0.2634146341463414,0.3948120779057874,0.7394870887462417,0.166076598144561,0.4012147679472238,0.3159878146550713,conventional,Jacksonville
2015-08-30,0.39999999999999997,0.2548375382810001,0.4306941417805763,0.13866962161457486,0.28457852198172146,0.31370271750854495,conventional,Jacksonville
2015-08-23,0.39512195121951216,0.2454289634380112,0.407995080530081,0.13652773310245442,0.2784941435870789,0.315658021045156,conventional,Jacksonville
2015-08-16,0.39512195121951216,0.23597944746474359,0.4070887596974849,0.11446864075702592,0.26938258018691114,0.3008139355355451,conventional,Jacksonville
2015-08-09,0.26829268292682923,0.4143229425374324,0.8164936801093156,0.16118917287437173,0.3924543740836167,0.33050517297605847,conventional,Jacksonville
2015-08-02,0.39024390243902435,0.24654179783001906,0.42589873507995146,0.13969646128928495,0.25500865375692905,0.2933806236824929,conventional,Jacksonville
2015-07-26,0.39512195121951216,0.24800289539890444,0.4644453250570698,0.13912979712601087,0.21174567430490177,0.2839889418715381,conventional,Jacksonville
2015-07-19,0.27317073170731704,0.3814218463584369,0.7518122716284777,0.17053048777895705,0.33295373323493677,0.27166192827916574,conventional,Jacksonville
2015-07-12,0.38048780487804873,0.24353831346308438,0.42110373205574236,0.13082984629641964,0.2618993288392802,0.2957463677089892,conventional,Jacksonville
2015-07-05,0.24878048780487802,0.4653664284972055,0.8894869205477351,0.19445692204577242,0.4564942295039391,0.48943165567891256,conventional,Jacksonville
2015-06-28,0.3512195121951219,0.2979551816304704,0.5252297759797732,0.1383196898438308,0.33298204471588533,0.45848073237179565,conventional,Jacksonville
2015-06-21,0.24878048780487802,0.4217699891719057,0.7988898225774874,0.16872854108421462,0.43232810309237285,0.40198054018384116,conventional,Jacksonville
2015-06-14,0.3707317073170731,0.284308145525599,0.4855955471800175,0.0990479786994356,0.3663013532977204,0.47481755176617435,conventional,Jacksonville
2015-06-07,0.2634146341463414,0.41800419589478627,0.8888265732110913,0.09675942916981363,0.39225440750366775,0.3731613929586688,conventional,Jacksonville
2015-05-31,0.39024390243902435,0.2811866479113533,0.58232348071335,0.05654242754449781,0.29433276493048816,0.3467736111756337,conventional,Jacksonville
2015-05-24,0.27317073170731704,0.42901714029851046,0.9384464782260306,0.09393574405314373,0.3716965212870631,0.3186379692563668,conventional,Jacksonville
2015-05-17,0.38048780487804873,0.26542701434149785,0.5500169880491598,0.059173044413490555,0.2706366805512004,0.3058413332431805,conventional,Jacksonville
2015-05-10,0.39024390243902435,0.27569522113558614,0.5719104457327703,0.06053224487713774,0.28071092361428474,0.33789555493102774,conventional,Jacksonville
2015-04-26,0.3756097560975609,0.28082134057294345,0.5868887918570395,0.06531651147994429,0.2759128867341599,0.3342196824076804,conventional,Jacksonville
2015-04-19,0.3560975609756097,0.27391762051556523,0.5450644166640316,0.06300975331191752,0.3057730146216742,0.37554936853952947,conventional,Jacksonville
2015-04-12,0.26829268292682923,0.39730006424287123,0.8883534644519185,0.09488691514491102,0.311635366702001,0.2683764111862435,conventional,Jacksonville
2015-04-05,0.32195121951219513,0.3221254499927705,0.7110865018007332,0.07802231514689482,0.2607194456379822,0.2558341348191984,conventional,Jacksonville
2015-03-29,0.3707317073170731,0.23933330356462165,0.5014329167168459,0.0597458017398106,0.22529633502073926,0.26959393376008717,conventional,Jacksonville
2015-03-22,0.25365853658536586,0.40740268349341263,0.9176296928224316,0.0966582543229575,0.3119023162810396,0.30022380275797,conventional,Jacksonville
2015-03-15,0.4048780487804878,0.2417022443404873,0.5129216820658007,0.06368056805283764,0.21348214157330203,0.26264480982898414,conventional,Jacksonville
2015-03-08,0.39024390243902435,0.24688257124003765,0.5200709932256369,0.06375141878593019,0.2272388419943393,0.2997363950936646,conventional,Jacksonville
2015-03-01,0.27804878048780485,0.3671744648061896,0.816491863565445,0.09696525054944745,0.28257653410492983,0.2615588367285516,conventional,Jacksonville
2015-02-22,0.32195121951219513,0.26568715744612303,0.5371651420032711,0.07569968641465534,0.2596821022587471,0.33383040022470734,conventional,Jacksonville
2015-02-15,0.39024390243902435,0.2308247087716174,0.47563267868231945,0.06700863953839331,0.21816371734567627,0.2354152954013953,conventional,Jacksonville
2015-02-08,0.3756097560975609,0.2015344489630264,0.418351264415453,0.0700478525851307,0.17323804123491288,0.16890523087009246,conventional,Jacksonville
2015-01-25,0.3707317073170731,0.24128907717220757,0.4506750478861148,0.10276990941025267,0.24940842847970648,0.2568659855838336,conventional,Jacksonville
2015-01-18,0.4048780487804878,0.2183488877048273,0.38671662386575334,0.11649780575279613,0.22381752902217056,0.22513956433206214,conventional,Jacksonville
2015-01-11,0.3707317073170731,0.21892217334935807,0.387769815634253,0.12062677392522982,0.21940540352746762,0.2278764986559109,conventional,Jacksonville
2015-01-04,0.2585365853658536,0.336978624095564,0.7078048143794922,0.13566342500945858,0.25620166562604857,0.20933154928942585,conventional,Jacksonville
2016-12-25,0.18048780487804877,0.4123093813151666,0.4762023333842414,0.22115092764864838,0.7645201056616621,0.4736601310496467,conventional,Jacksonville
2016-12-18,0.19512195121951215,0.3567363654999198,0.3356346701526368,0.19362881867738688,0.7607689684019759,0.40277765639860164,conventional,Jacksonville
2016-12-11,0.3560975609756097,0.25471337507849706,0.22596339058586232,0.12822820737726176,0.5737438611197717,0.42885603627331076,conventional,Jacksonville
2016-12-04,0.2195121951219512,0.452296236225226,0.42874647035434044,0.2504151144451892,0.953897477250564,0.5076270330181513,conventional,Jacksonville
2016-11-27,0.44878048780487806,0.24509205571411335,0.22165131911360733,0.13222036278409374,0.5356025803994705,0.30369851804458603,conventional,Jacksonville
2016-11-20,0.44878048780487806,0.2578833475181318,0.23888762926896223,0.13734570481600775,0.5574012596912119,0.34281746774623095,conventional,Jacksonville
2016-11-13,0.424390243902439,0.308855823459562,0.34957274215370787,0.15892216196760992,0.5903524297100502,0.4052363129902345,conventional,Jacksonville
2016-11-06,0.473170731707317,0.2807250718100616,0.2959620920933919,0.15382147599081208,0.5528763348260419,0.24741466187875646,conventional,Jacksonville
2016-10-30,0.473170731707317,0.25267071138969727,0.2567946477889634,0.1428263632743808,0.5053953912660063,0.2063923844813938,conventional,Jacksonville
2016-10-23,0.44390243902439025,0.26303261714396214,0.2878547222403503,0.16122431483798566,0.4830587938362423,0.1793701601331195,conventional,Jacksonville
2016-10-16,0.33170731707317075,0.3453745648879247,0.32714374042530003,0.25574556934940607,0.6464318468972269,0.17909678867497023,conventional,Jacksonville
2016-10-09,0.424390243902439,0.29747315692816506,0.28970840434113615,0.250497655549242,0.5087168549141988,0.25537923122058437,conventional,Jacksonville
2016-10-02,0.424390243902439,0.3503111339206116,0.36619788621572874,0.20910183942673255,0.6746591078882663,0.35731121462327253,conventional,Jacksonville
2016-09-25,0.39999999999999997,0.34727378087186905,0.39217096503556725,0.14944311323789267,0.7025723525795733,0.45510490917183477,conventional,Jacksonville
2016-09-18,0.2975609756097561,0.3862261034979913,0.4855636567431791,0.19512461935443648,0.6799483534283819,0.3596196165716153,conventional,Jacksonville
2016-09-11,0.32195121951219513,0.32992627279966846,0.47159974945150474,0.16373561907245054,0.50854850430982,0.3430683010078867,conventional,Jacksonville
2016-09-04,0.24390243902439018,0.5252972586333126,0.8629878513582703,0.24351141901265255,0.6827696773500381,0.4453838937141583,conventional,Jacksonville
2016-08-28,0.34146341463414626,0.38923852726408026,0.6097867310216579,0.22781833588632142,0.4858262634266305,0.4492925076135407,conventional,Jacksonville
2016-08-21,0.32682926829268294,0.41647402115061843,0.6100847114958298,0.258187935820572,0.5572165652350554,0.5242602220303665,conventional,Jacksonville
2016-08-14,0.32682926829268294,0.4536306886454058,0.6645826423178023,0.3056021674656268,0.5759330441513526,0.34556406129714834,conventional,Jacksonville
2016-08-07,0.38536585365853654,0.3331242055713015,0.47131959801902534,0.21903107371451974,0.45059356314813304,0.3364529570343781,conventional,Jacksonville
2016-07-31,0.38536585365853654,0.33537594577250657,0.4534840975040015,0.22569005071495477,0.47405627875859246,0.3870335762398959,conventional,Jacksonville
2016-07-24,0.3756097560975609,0.34315071912634093,0.4702774400725541,0.2789943872049244,0.4157090851542364,0.32601286578381333,conventional,Jacksonville
2016-07-17,0.38048780487804873,0.36321863791363473,0.5188066786917386,0.2441837216189676,0.4774861655546447,0.38668921712884535,conventional,Jacksonville
2016-07-10,0.3658536585365853,0.36152056939272287,0.5255702770363961,0.24109207902974172,0.4631143825806334,0.4067457588710418,conventional,Jacksonville
2016-07-03,0.23902439024390243,0.59756944545876,0.9224167568771323,0.34503584338587157,0.7610571739193922,0.5733683457316412,conventional,Jacksonville
2016-06-26,0.3658536585365853,0.3493267018073642,0.5049660945450534,0.22538829744271366,0.4600671919860468,0.3778504110767723,conventional,Jacksonville
2016-06-19,0.24390243902439018,0.49790652230642557,0.777129241714037,0.2944365170346418,0.609113206716412,0.3635567481890099,conventional,Jacksonville
2016-06-12,0.3707317073170731,0.33241392967486705,0.5097337821318018,0.2018167544979588,0.41259187499793465,0.307589346700477,conventional,Jacksonville
2016-06-05,0.24878048780487802,0.48553790813710895,0.8388141601613092,0.2276030205084532,0.5676528737358857,0.29871864986697094,conventional,Jacksonville
2016-05-29,0.23414634146341462,0.5317169772170737,0.9506641486228917,0.25797219533830523,0.5669020389714233,0.33890962045217143,conventional,Jacksonville
2016-05-22,0.3560975609756097,0.3526731999251375,0.558495672925221,0.19439967465343364,0.4451826764816706,0.3161475752043655,conventional,Jacksonville
2016-05-15,0.17073170731707316,0.5651059844840584,0.6610654097080141,0.4244065188342504,0.8836097156071548,0.2975917400422951,conventional,Jacksonville
2016-05-08,0.17560975609756097,0.49295185483417336,0.7626446591255428,0.24462200425387803,0.681956950294417,0.46078438136713634,conventional,Jacksonville
2016-04-24,0.17560975609756097,0.5867518939171387,0.7049967066732422,0.4329909353572082,0.9037498065307709,0.3235443966440472,conventional,Jacksonville
2016-04-17,0.27317073170731704,0.4057716055558432,0.5957760645451677,0.22161762142752892,0.5788228693534113,0.35598192099334874,conventional,Jacksonville
2016-04-10,0.17560975609756097,0.5732567177772604,0.7152800942449872,0.3840199714046441,0.8964016822199702,0.3027321353745273,conventional,Jacksonville
2016-04-03,0.27804878048780485,0.3988193228165732,0.5703005169076504,0.19272263780113336,0.6211140594546458,0.4158228258574749,conventional,Jacksonville
2016-03-27,0.3024390243902439,0.34755610774343715,0.47267265408496983,0.19775693664102345,0.5336613237751868,0.29597573602160354,conventional,Jacksonville
2016-03-20,0.3073170731707317,0.3079732389971207,0.4034773359240389,0.18431874894609537,0.48269145906923455,0.29304423726680057,conventional,Jacksonville
2016-03-13,0.18048780487804877,0.5305855172464841,0.6939182111214198,0.33906822783895346,0.8068401431078379,0.27614580281285894,conventional,Jacksonville
2016-03-06,0.3024390243902439,0.3416959691897788,0.47892856205751183,0.18766637523398455,0.513345380151294,0.26722451002804093,conventional,Jacksonville
2016-02-28,0.16097560975609754,0.5565822783725822,0.7271619731434081,0.308159666378068,0.9082613347961229,0.35822991444224633,conventional,Jacksonville
2016-02-21,0.27804878048780485,0.3102461965437384,0.42841195716455,0.15820458574284868,0.4922662768911064,0.28271361725634714,conventional,Jacksonville
2016-02-14,0.24878048780487802,0.33306292566063755,0.503488773422483,0.16917412134463358,0.4700737375647179,0.3153240877664969,conventional,Jacksonville
2016-01-31,0.2926829268292683,0.33201514900891166,0.5168164194036489,0.155651337874393,0.46625150901533113,0.33258129351155985,conventional,Jacksonville
2016-01-24,0.23902439024390243,0.42195226945097397,0.7852433395073398,0.13148110623500622,0.5041585278601495,0.4221405736446303,conventional,Jacksonville
2016-01-17,0.3756097560975609,0.2594980182538138,0.49448026325084654,0.06951264614734969,0.30920191900040644,0.33320745673931174,conventional,Jacksonville
2016-01-10,0.24878048780487802,0.39864912280663223,0.8232327214720195,0.07528102943281154,0.43160290048889544,0.3170310111784855,conventional,Jacksonville
2016-01-03,0.3170731707317073,0.326200014948784,0.694972008404543,0.061743367308621545,0.3224201654194283,0.3175789806633007,conventional,Jacksonville
2017-12-31,0.33170731707317075,0.45351135755055366,0.7790530289523454,0.10082193935460651,0.6810967992754404,0.4471858761861876,conventional,Jacksonville
2017-12-24,0.45853658536585357,0.2791574043033477,0.4515039974057063,0.057025558693455804,0.4618258976101448,0.39437182903290746,conventional,Jacksonville
2017-12-17,0.26829268292682923,0.38824385986826315,0.6637807391180613,0.07978564819210185,0.5951456438142406,0.41946481442554967,conventional,Jacksonville
2017-12-10,0.27804878048780485,0.3982998712440988,0.6454964177082079,0.08188800199515665,0.6579301485209572,0.5100357069427305,conventional,Jacksonville
2017-12-03,0.39999999999999997,0.3351998813410074,0.585445177715178,0.06928493189119028,0.496817369781254,0.636037104310913,conventional,Jacksonville
2017-11-26,0.4780487804878048,0.2633859759979988,0.43954306520921543,0.050275680202463056,0.4231450018491773,0.4005512812198101,conventional,Jacksonville
2017-11-19,0.3756097560975609,0.34185940424900846,0.56943940783361,0.07514428751794296,0.5374626536288575,0.38390061360623257,conventional,Jacksonville
2017-11-12,0.43414634146341463,0.3391841737404513,0.5741085983749333,0.0704114585473616,0.5269597193715994,0.7423959268112699,conventional,Jacksonville
2017-11-05,0.5073170731707317,0.2890364946467825,0.49994382169881846,0.06193246791524552,0.4322153037219058,0.5094242625371785,conventional,Jacksonville
2017-10-29,0.3560975609756097,0.4257794963876371,0.7296249375142548,0.09883252162010121,0.6365698952859241,0.6075485173009789,conventional,Jacksonville
2017-10-22,0.5463414634146341,0.3345884879384114,0.603153318321056,0.07849623570055081,0.45932314483215886,0.32260147209686946,conventional,Jacksonville
2017-10-15,0.6439024390243901,0.30182892858533655,0.5103639210166726,0.07222261583740607,0.4582996446060689,0.36740464694681796,conventional,Jacksonville
2017-10-08,0.6585365853658536,0.3352995325792449,0.6048651754411343,0.07791207140620285,0.46232005352209554,0.3426028182558165,conventional,Jacksonville
2017-10-01,0.7609756097560975,0.28225750885917517,0.459725473125579,0.1018281614659867,0.40940143009596164,0.2986839993063755,conventional,Jacksonville
2017-09-24,0.673170731707317,0.2866015516732304,0.555830870346536,0.0850881170567472,0.32045693837144323,0.28505774301273745,conventional,Jacksonville
2017-09-17,0.6292682926829267,0.3111029511943729,0.5517996231007866,0.09596412969084991,0.4120835186901769,0.13585365565714097,conventional,Jacksonville
2017-09-10,0.648780487804878,0.25754707675387883,0.4218508698217567,0.0785047377885219,0.38879772750797964,0.3373880622072622,conventional,Jacksonville
2017-09-03,0.7024390243902437,0.3232194391649398,0.5555505170758488,0.10021758260132718,0.4503476015754758,0.3135763809513296,conventional,Jacksonville
2017-08-27,0.5804878048780486,0.3029657697667193,0.5615589714055811,0.08979055106283186,0.37355936314707916,0.2988626183466132,conventional,Jacksonville
2017-08-20,0.5804878048780486,0.3310964994520939,0.5814861885478346,0.0937073921403865,0.4569311372793345,0.3374171932095327,conventional,Jacksonville
2017-08-13,0.5121951219512194,0.3775883376818276,0.6059813407304794,0.10326175519938105,0.6009141303851764,0.6209667169099795,conventional,Jacksonville
2017-08-06,0.4878048780487804,0.3254059459128573,0.5535437743341189,0.08700583384936285,0.4790562470533062,0.3393548648237168,conventional,Jacksonville
2017-07-30,0.4829268292682926,0.3462153076909341,0.5993901122153157,0.0928348653623519,0.49519200498067717,0.4928862859060685,conventional,Jacksonville
2017-07-23,0.4878048780487804,0.3797809504566858,0.6831899721395994,0.10587033749038202,0.5041633506360839,0.3635389629455184,conventional,Jacksonville
2017-07-16,0.5073170731707317,0.3516294427084121,0.5970040482016552,0.10057098605799275,0.5103618680611752,0.37982610631497266,conventional,Jacksonville
