Practica_1/avocado_standarized.csv
Date,AveragePrice,Total Volume,4046,4225,Total Bags,Small Bags,type,region
2017-07-09,0.4780487804878048,0.3553358010614252,0.664436780572938,0.10013178236355214,0.43697931323849315,0.44331313941591727,conventional,Jacksonville
2017-07-02,0.473170731707317,0.4158444194878287,0.7664929736755881,0.13386707552263047,0.5043399178216843,0.47998293843193335,conventional,Jacksonville
2017-06-25,0.44878048780487806,0.39560750871750655,0.6701056084782813,0.11823159404230356,0.5701296371102248,0.5073105783408546,conventional,Jacksonville
2017-06-18,0.49268292682926823,0.3315001341898259,0.6363174215303508,0.09205508219393546,0.3871706658047592,0.35794627047277006,conventional,Jacksonville
2017-06-11,0.4829268292682926,0.42391605996443527,0.8053214643496538,0.11288335560408044,0.5120744893818996,0.44511665509859233,conventional,Jacksonville
2017-06-04,0.49756097560975604,0.39155916892756226,0.8050306827715616,0.11494674150393436,0.37861925889831183,0.37842797152705177,conventional,Jacksonville
2017-05-28,0.4829268292682926,0.39865692007125075,0.6493071903515955,0.11228813859537005,0.6172722718695248,0.5435110615781859,conventional,Jacksonville
2017-05-21,0.4878048780487804,0.3420567519182973,0.5834214132845872,0.10304070091213235,0.48638374060038736,0.39322437418557765,conventional,Jacksonville
2017-05-14,0.5024390243902439,0.32559931807539705,0.537868413598782,0.0915498456162526,0.49441652047254986,0.37610607732502577,conventional,Jacksonville
2017-04-23,0.5024390243902439,0.3427568144962878,0.5785613510780515,0.11410475139186267,0.48192606666630344,0.38629196225051404,conventional,Jacksonville
2017-04-16,0.49756097560975604,0.33336748022739987,0.5628905653420923,0.11467977594164168,0.4638907601954153,0.3965330427592517,conventional,Jacksonville
2017-04-09,0.5170731707317072,0.3322721292794381,0.5479822570759431,0.12303442353718035,0.4680542447974974,0.33798724092764765,conventional,Jacksonville
2017-04-02,0.5853658536585364,0.32855046193082194,0.5673325533407925,0.11636311850918724,0.4353812775015448,0.31200208026020426,conventional,Jacksonville
2017-03-26,0.5756097560975609,0.3288661303451814,0.549378506518365,0.11372414125368956,0.4642398755866705,0.31345909033692454,conventional,Jacksonville
2017-03-19,0.5463414634146341,0.30380229545759696,0.48854581626398824,0.10774249726161916,0.4502461446595214,0.3741357483240858,conventional,Jacksonville
2017-03-12,0.5414634146341463,0.3209231117885921,0.5265062680855443,0.12179821994618178,0.45248159061580684,0.36750307907027946,conventional,Jacksonville
2017-03-05,0.5463414634146341,0.2954123289074229,0.4800408924209081,0.11457357069273598,0.4195632869218552,0.29239216277913443,conventional,Jacksonville
2017-02-26,0.3512195121951219,0.37870031547293365,0.607479114791444,0.14616959681681826,0.5493764284682747,0.4851958546277127,conventional,Jacksonville
2017-02-19,0.38536585365853654,0.30720144158463963,0.4886788949223562,0.13237573844176567,0.43352977809604126,0.3045578826115668,conventional,Jacksonville
2017-02-12,0.224390243902439,0.4750463042206681,0.7212115809381306,0.2376925900052288,0.6722813007312489,0.4304334033857278,conventional,Jacksonville
2017-01-29,0.32682926829268294,0.4537138667893788,0.5895268172334844,0.21255127821807573,0.7930301242195252,0.5759867628725682,conventional,Jacksonville
2017-01-15,0.3512195121951219,0.41959767124918135,0.5383923183069274,0.21605002911965132,0.7182116325176917,0.4258409775383107,conventional,Jacksonville
2017-01-08,0.34634146341463407,0.3110312822522594,0.3214838606805043,0.1635339778860692,0.6312436751303109,0.44873871192827147,conventional,Jacksonville
2018-03-25,0.4195121951219512,0.402831883045775,0.6551446877192889,0.06536964952976368,0.6815914017407184,0.6325378576539638,conventional,Jacksonville
2018-03-18,0.33170731707317075,0.5142941761220214,0.8470119535314623,0.09351375708684459,0.84571323542086,0.5957214837002077,conventional,Jacksonville
2018-03-11,0.3512195121951219,0.4999692612061024,0.8480718732402232,0.08897172914048142,0.7918779273245177,0.5786307846312805,conventional,Jacksonville
2018-03-04,0.33170731707317075,0.5047809861483901,0.8733746473718311,0.08836361729834818,0.7779276013807785,0.5459741644806916,conventional,Jacksonville
2018-02-25,0.4048780487804878,0.4275198019222432,0.6935355931587612,0.08334681858953195,0.7096084254252817,0.6703610910388283,conventional,Jacksonville
2018-02-18,0.424390243902439,0.4061593163024528,0.6961932641207692,0.07490318247322905,0.6300384277000244,0.5250185480157878,conventional,Jacksonville
2018-02-11,0.26829268292682923,0.5149988292022804,0.9031978572855857,0.10457539864164975,0.7594074273071467,0.5265439392873116,conventional,Jacksonville
2018-01-28,0.43414634146341463,0.413962291593668,0.6944992360423834,0.07844734869471695,0.6596512543548997,0.6147543006941918,conventional,Jacksonville
2018-01-21,0.34146341463414626,0.5078116401387983,0.924347272055702,0.09943043095666912,0.709279137001757,0.5270046690863798,conventional,Jacksonville
2018-01-14,0.473170731707317,0.4004179377763787,0.7082197264554049,0.07821786317023023,0.5872403995723448,0.4658323240974257,conventional,Jacksonville
2018-01-07,0.3707317073170731,0.43452692908335117,0.7805004780201557,0.098723624043338,0.603573802002363,0.41107600569802405,conventional,Jacksonville
2015-12-27,0.19024390243902434,0.6427199125687227,0.913653883804435,0.6611610451333341,0.5234685654590465,0.531655663580467,conventional,LasVegas
2015-12-20,0.25365853658536586,0.5100292920169386,0.6482710202719568,0.5461607404751817,0.48320588850224316,0.5365157880066437,conventional,LasVegas
2015-12-13,0.24878048780487802,0.4745015280112778,0.6798086439230889,0.48526028433816204,0.3719210483000116,0.5187484830797172,conventional,LasVegas
2015-12-06,0.2195121951219512,0.5357934750161475,0.6376583000244225,0.7634789977171894,0.2741306030943823,0.4630489334910087,conventional,LasVegas
2015-11-29,0.24878048780487802,0.4511256801109153,0.5964565957025955,0.5750260376444116,0.2718182606551419,0.45191751756024484,conventional,LasVegas
2015-11-22,0.2634146341463414,0.47420681337282283,0.5869580223623279,0.6488145963846288,0.296883030982495,0.48532188454279884,conventional,LasVegas
2015-11-15,0.24878048780487802,0.5440752902114436,0.6785546904171929,0.7568088263009258,0.3171177912114911,0.515717018990807,conventional,LasVegas
2015-11-08,0.23414634146341462,0.520909243639634,0.8060760028499555,0.52889073258241,0.33342663320850974,0.5607515553272093,conventional,LasVegas
2015-11-01,0.26829268292682923,0.5058994433565736,0.5866945562216964,0.672376503629683,0.31614743083134567,0.5255424460934636,conventional,LasVegas
2015-10-25,0.2634146341463414,0.5383024590573872,0.5373839346205678,0.8191627852273389,0.3166824910280738,0.516450200321637,conventional,LasVegas
2015-10-18,0.2292682926829268,0.6134129380604848,0.7332048072478755,0.8979852885537807,0.34795453122573256,0.5714930757907418,conventional,LasVegas
2015-09-06,0.28292682926829266,0.6831715283782984,0.8299703499672686,0.9078892291298538,0.468630209279003,0.5932336961063043,conventional,LasVegas
2015-08-30,0.3170731707317073,0.6242745057099808,0.7714274469014135,0.8815518861173658,0.34176101519790664,0.5752385560774093,conventional,LasVegas
2015-08-23,0.3024390243902439,0.5732627359476984,0.8841509238471169,0.5989834336815884,0.3622984492721225,0.5909260607632844,conventional,LasVegas
2015-08-16,0.25365853658536586,0.6911886319308265,0.7430483893647412,0.9647674182984772,0.5391140971437467,0.7378889007968249,conventional,LasVegas
2015-08-02,0.3170731707317073,0.5982071299198022,0.9245124429891164,0.5640192345570201,0.4391355406345219,0.5966481562145397,conventional,LasVegas
2015-07-26,0.3024390243902439,0.597826030375024,0.9264562794894032,0.537218031794975,0.4473209524339433,0.6365039669525644,conventional,LasVegas
2015-07-19,0.28780487804878047,0.5920601838129358,0.8835514643698377,0.5566521044793251,0.48887291815722445,0.6766674930672048,conventional,LasVegas
2015-07-12,0.28292682926829266,0.6100379524716967,0.9171464921528669,0.5896599731617423,0.47565636864084615,0.6412261024206176,conventional,LasVegas
2015-07-05,0.2975609756097561,0.7306381345059775,0.9953156043136863,0.7135317106626102,0.6948982443398696,0.9742038842051859,conventional,LasVegas
2015-06-28,0.27804878048780485,0.6442612450887392,0.9346556875652189,0.6128069076630737,0.5685522321369961,0.807257789898319,conventional,LasVegas
2015-06-21,0.224390243902439,0.743604787889473,0.8670715765380577,0.8975647894528765,0.7042979239467884,0.8999189084889426,conventional,LasVegas
2015-06-07,0.28292682926829266,0.7371347714578911,0.9875426803710325,0.7978580406371465,0.6346897271568102,0.7238187800212227,conventional,LasVegas
2015-05-31,0.28780487804878047,0.627420449396115,0.9033542818966602,0.6011105143904925,0.5213652992876313,0.6345209123032641,conventional,LasVegas
2015-05-17,0.24878048780487802,0.614465436999233,0.9709190837352717,0.5964138901445213,0.42639975043027645,0.5264617591966957,conventional,LasVegas
2015-05-10,0.2634146341463414,0.713835358714916,0.9960939597225128,0.8296737748845487,0.49713862024488803,0.5596424307460249,conventional,LasVegas
2015-04-26,0.21463414634146338,0.7349947188357994,0.8968862419676804,0.9419075001169037,0.5665547991041425,0.6017880915835782,conventional,LasVegas
2015-03-15,0.3073170731707317,0.5745065204570462,0.7543410352550798,0.7676328344969386,0.315149830698237,0.5353283163614582,conventional,LasVegas
2015-03-08,0.27804878048780485,0.6390731428886959,0.7728257147259139,0.9371844485474892,0.3444129167871988,0.5866675681945264,conventional,LasVegas
2015-02-22,0.3512195121951219,0.5329545898071039,0.6638394067571395,0.7302322912135173,0.3238862893035027,0.553686367350218,conventional,LasVegas
2015-02-15,0.33170731707317075,0.560921379258358,0.6819691873791914,0.7916084391725201,0.3438751772705071,0.5856338775771163,conventional,LasVegas
2015-01-25,0.3024390243902439,0.54784114938094,0.7709188146176613,0.7009771024600792,0.2868066444634398,0.48807706407333284,conventional,LasVegas
2015-01-18,0.3024390243902439,0.511987130252339,0.6740855215398373,0.6725908979480212,0.29629304472651335,0.5043893520973785,conventional,LasVegas
2015-01-11,0.23902439024390243,0.6026888438736573,0.848339779821427,0.7202203032694781,0.33173875094211586,0.56536283966557,conventional,LasVegas
2015-01-04,0.17560975609756097,0.697968935565975,0.9015646497871617,0.8546608446257594,0.5237059532078203,0.8912030659306641,conventional,LasVegas
2016-11-27,0.20487804878048776,0.5613413333414747,0.704020213423721,0.29752142880422383,0.9303055291071943,0.677259772339684,conventional,LasVegas
2016-11-20,0.33170731707317075,0.5206739199970339,0.6343293151831446,0.21096585136366405,0.9598567314029071,0.8395717374695676,conventional,LasVegas
2016-11-13,0.32195121951219513,0.5698855759104674,0.7701858728055981,0.23167297002022083,0.9439162065902161,0.794158651424713,conventional,LasVegas
2016-11-06,0.3707317073170731,0.49466920785743757,0.5660731502032847,0.21253583275826154,0.9196291535376266,0.800068565180081,conventional,LasVegas
2016-10-30,0.3512195121951219,0.4898098646906626,0.5316330258440369,0.2251563321425687,0.9389560708522943,0.6536178175022436,conventional,LasVegas
2016-10-02,0.38048780487804873,0.54125850091284,0.6285917277283312,0.3195147716693425,0.9119456676780504,0.900241036045629,conventional,LasVegas
2016-09-25,0.3707317073170731,0.5320044656581779,0.661848070998608,0.3182742461836253,0.8314655942718283,0.790599916194706,conventional,LasVegas
2016-09-18,0.33170731707317075,0.6114699915022994,0.7934897086061794,0.40541781385812004,0.8752428245355331,0.5972948644649455,conventional,LasVegas
2016-08-28,0.28780487804878047,0.6333109643355972,0.8325129058714063,0.40333430635006784,0.9070769860615524,0.8438027855677654,conventional,LasVegas
2016-08-21,0.27317073170731704,0.6646868716269555,0.9540833551430731,0.3577005536276284,0.9339816454079001,0.9302876717138427,conventional,LasVegas
2016-08-14,0.3121951219512195,0.6489324655190133,0.8728002158323236,0.38227194211778515,0.9364722519353844,0.972302396362243,conventional,LasVegas
2016-08-07,0.32682926829268294,0.6840699270112336,0.9746286008777272,0.407740017485961,0.9114892901775862,0.9852256755747738,conventional,LasVegas
2016-07-31,0.3560975609756097,0.624838676242352,0.8441062234120211,0.38787233831508455,0.8666514064509628,0.9197059117996045,conventional,LasVegas
2016-06-12,0.24390243902439018,0.7642146934421952,0.9862439187829963,0.5340662369333536,0.9637690744137357,0.9548460265542885,conventional,LasVegas
2016-05-22,0.23902439024390243,0.7002795396240186,0.8230412442921837,0.6326028858920604,0.8227428895090423,0.5698916372711855,conventional,LasVegas
2016-05-15,0.20487804878048776,0.6974421699396472,0.883850386755646,0.7589874154927883,0.6935712664725707,0.6290954931119745,conventional,LasVegas
2016-04-24,0.19024390243902434,0.7902426655908932,0.8437688844873209,0.8559572713398866,0.9426500492860906,0.6907360806321612,conventional,LasVegas
2016-03-20,0.18536585365853653,0.7296454219173465,0.8608376016507674,0.8268403832174452,0.6608963343419783,0.5582429160685228,conventional,LasVegas
2016-03-13,0.17073170731707316,0.7567266178209404,0.8805499956604785,0.7759034531230296,0.8698583738260447,0.6368112223659862,conventional,LasVegas
2016-03-06,0.2292682926829268,0.6837833610634081,0.9413668752552412,0.6107346654215832,0.7008558015895691,0.787573511700927,conventional,LasVegas
2016-02-28,0.20487804878048776,0.6951184313344434,0.8243286356611782,0.7008618283173376,0.7204441312220172,0.6730382301474902,conventional,LasVegas
2016-02-21,0.19024390243902434,0.7408905710578233,0.8155263368585498,0.8806442173757173,0.763110872671481,0.6213492529661109,conventional,LasVegas
2016-02-14,0.17073170731707316,0.8157102011085866,0.9722376927470787,0.7846687515675725,0.9724102385389632,0.735442356569294,conventional,LasVegas
2016-01-31,0.23414634146341462,0.6259063084636979,0.7887580154998287,0.6171798149095449,0.5912040069051434,0.751065006444851,conventional,LasVegas
2016-01-24,0.3121951219512195,0.34899655903417764,0.06544523153870012,0.579808037023759,0.5472469942718818,0.6796144772495305,conventional,LasVegas
2016-01-17,0.21463414634146338,0.6352328472972495,0.7271029691073166,0.6981899054709519,0.6268290489369753,0.653159387519144,conventional,LasVegas
2016-01-10,0.19024390243902434,0.6789833430001111,0.8003481036291183,0.7832539332784476,0.6571039355548528,0.6225091268196719,conventional,LasVegas
2016-01-03,0.17560975609756097,0.7311577178632059,0.6977589903783726,0.9787529279065452,0.6753022339901924,0.5614471729972168,conventional,LasVegas
2017-12-24,0.39024390243902435,0.5149169689058486,0.42945182761133227,0.4718619856059651,0.8739660392622188,0.9347980707917086,conventional,LasVegas
2017-12-17,0.28780487804878047,0.5884264168953149,0.4234389328410275,0.7236507540643523,0.8838014656058821,0.9732750651959496,conventional,LasVegas
2017-11-26,0.3512195121951219,0.45015132953135784,0.35150123895019914,0.5349442900685694,0.6516909947430849,0.7000486487737918,conventional,LasVegas
2017-11-19,0.33658536585365845,0.5143568617367293,0.40716821667197056,0.5479312294444311,0.8129235390851605,0.7245186906810384,conventional,LasVegas
2017-10-29,0.4146341463414634,0.5342901843618193,0.3782758172933631,0.670272378558301,0.7948411658935786,0.6417963034597971,conventional,LasVegas
2017-10-22,0.45365853658536587,0.4480900182998506,0.4153904324652721,0.5254655247417845,0.6029016499341646,0.7126706520944194,conventional,LasVegas
2017-10-15,0.49268292682926823,0.44510588432764525,0.38671803673320826,0.5454853204366106,0.6091437509639969,0.6774334851058552,conventional,LasVegas
2017-10-08,0.5853658536585364,0.4291142217340427,0.4209956140557437,0.43046383140926364,0.643470394541475,0.7280878517434368,conventional,LasVegas
2017-10-01,0.5707317073170731,0.4160987201350214,0.3919817080760176,0.48070762878183504,0.5658429037898176,0.668570914288772,conventional,LasVegas
2017-09-24,0.5707317073170731,0.422151286393815,0.4007161219614099,0.441993442056145,0.6276301656060876,0.6540396037509079,conventional,LasVegas
2017-09-17,0.5560975609756097,0.44135634450353356,0.4324147452229942,0.4523971637034529,0.6501441340174411,0.6954898002395182,conventional,LasVegas
2017-09-10,0.5121951219512194,0.47290671284521596,0.7822416016803704,0.18848002505281924,0.5941478650598011,0.6621610205418029,conventional,LasVegas
2017-09-03,0.5317073170731706,0.44808382441640715,0.6421546497804337,0.20941407860747138,0.6508969336165433,0.6912710178264868,conventional,LasVegas
2017-08-27,0.5073170731707317,0.4477680022531679,0.7218286676188945,0.1857666545275744,0.5706239716435064,0.6104677503706154,conventional,LasVegas
2017-08-20,0.39999999999999997,0.5745808031301164,0.734702244911827,0.3168125955599263,0.8968987853838809,0.5226328722508958,conventional,LasVegas
2017-08-06,0.4195121951219512,0.6231110659723923,0.7736145657215481,0.375929880446473,0.9699879546705503,0.7516769108135967,conventional,LasVegas
2017-07-16,0.38048780487804873,0.6584278865149646,0.8859448618383828,0.3834055538472657,0.9620509158317534,0.5547053391454283,conventional,LasVegas
2015-12-27,0.2926829268292683,0.1352339564855967,0.009268612342137293,0.26753385602280827,0.17248649198512692,0.173096415491499,conventional,Louisville
2015-12-20,0.2975609756097561,0.12378733042020207,0.011464141087598455,0.21922818045398315,0.18971907419492462,0.173108527855601,conventional,Louisville
2015-12-13,0.2292682926829268,0.16793607965000257,0.012316772956909562,0.33565839460740904,0.22974338098563427,0.17966729635627893,conventional,Louisville
2015-12-06,0.19024390243902434,0.22665394094509922,0.014713197998572333,0.46509496123756394,0.275453026117743,0.1628120984425493,conventional,Louisville
2015-11-29,0.2585365853658536,0.12867276696829197,0.008679783010470694,0.24103150165294765,0.18768663138121353,0.16467126967166756,conventional,Louisville
