Practica_1/avocado_standarized.csv
Date,AveragePrice,Total Volume,4046,4225,Total Bags,Small Bags,type,region
2015-11-22,0.27804878048780485,0.1337325327819518,0.008879737395035722,0.23497000888468192,0.2064874195656983,0.1852458832910857,conventional,Louisville
2015-11-15,0.2926829268292683,0.12899957119437425,0.009249639550600503,0.23996399365744236,0.19456569607705582,0.19794577371252087,conventional,Louisville
2015-11-08,0.23902439024390243,0.19074758130498842,0.013811721282964384,0.3719244759525527,0.22929280867842453,0.1658598145643052,conventional,Louisville
2015-11-01,0.2195121951219512,0.2277330823683047,0.023164432878367586,0.4289632128823637,0.3066450439591561,0.1697276450605089,conventional,Louisville
2015-10-25,0.3024390243902439,0.14170801431630498,0.013670030861061978,0.25825276424135163,0.19642076790917748,0.17212374665779245,conventional,Louisville
2015-10-18,0.28780487804878047,0.16255247476722803,0.011925610510119158,0.3290054399192869,0.20490251249657157,0.18930720497079156,conventional,Louisville
2015-10-11,0.28780487804878047,0.16352737444992768,0.013859758776429875,0.3184137512770845,0.2023892210600622,0.18148200447666843,conventional,Louisville
2015-10-04,0.32682926829268294,0.13853358315915598,0.010740349274290725,0.28128258248088095,0.15773344178029736,0.16264267866618645,conventional,Louisville
2015-09-27,0.3609756097560975,0.13375265192108018,0.0097977648436864,0.28590120006971714,0.13366778986736563,0.13487884032853023,conventional,Louisville
2015-09-20,0.2975609756097561,0.15590169358125006,0.011070220185300931,0.2847102700971647,0.1959468855182845,0.1392920338514512,conventional,Louisville
2015-09-13,0.2634146341463414,0.18852931443132892,0.011640480401846417,0.40218475320564145,0.19648578607362716,0.14517894944713192,conventional,Louisville
2015-09-06,0.2634146341463414,0.21540103846825526,0.014725510129250462,0.4613541133810112,0.24615707370389459,0.163259795951128,conventional,Louisville
2015-08-30,0.33658536585365845,0.15392498816188538,0.03303142822734249,0.28607443011212835,0.16893773269335693,0.16583436326758466,conventional,Louisville
2015-08-23,0.34634146341463407,0.1433129329801824,0.017541489525606205,0.28292738224962416,0.18593426681436268,0.16816775654945423,conventional,Louisville
2015-08-16,0.3170731707317073,0.1731703065139864,0.03398491192117007,0.3211364740990975,0.18576145067671138,0.1698184111307413,conventional,Louisville
2015-08-09,0.3121951219512195,0.18341874559495733,0.02120801512979206,0.37376184801384144,0.21132153795466607,0.18574295018245973,conventional,Louisville
2015-08-02,0.23902439024390243,0.1999879548734738,0.01441030612800983,0.4215993419383911,0.23062353759367235,0.1766663431592204,conventional,Louisville
2015-07-26,0.21463414634146338,0.21845706102383095,0.013222757392492561,0.4536323753841881,0.2812901925904121,0.20129844543172987,conventional,Louisville
2015-07-19,0.3121951219512195,0.17004362536607884,0.039107296518492755,0.3169841960354764,0.19662618243971908,0.2103744391707109,conventional,Louisville
2015-07-12,0.33658536585365845,0.15948015483039335,0.013805060622105726,0.30736032840731803,0.2284715971095853,0.2138946908135078,conventional,Louisville
2015-07-05,0.34634146341463407,0.1793679018946848,0.013110400790129305,0.34943234392646266,0.24359287518807707,0.25237643817075095,conventional,Louisville
2015-06-28,0.34634146341463407,0.15187353882281118,0.015401735404910992,0.29202149894644963,0.22027832597160402,0.23378058621082476,conventional,Louisville
2015-06-21,0.3560975609756097,0.17173312787797315,0.022461497679869803,0.31725434988075824,0.2145558343933765,0.24024122923017033,conventional,Louisville
2015-06-14,0.3073170731707317,0.18072005740016753,0.015083638389358014,0.36068457395328674,0.22903050325398944,0.24230140437495526,conventional,Louisville
2015-06-07,0.27804878048780485,0.21696372011843848,0.05480311019222399,0.44211750168979,0.21236557963381017,0.19048256425187524,conventional,Louisville
2015-05-31,0.27317073170731704,0.20264271481689158,0.04841123054700173,0.417384360975983,0.21985240340805925,0.1779740185190381,conventional,Louisville
2015-05-24,0.2975609756097561,0.1745776798314438,0.017366899475826175,0.39676283000500207,0.17299368725423378,0.15881793138913025,conventional,Louisville
2015-05-17,0.3707317073170731,0.1613321699082385,0.014229459093786815,0.34284931891190285,0.16339082588340975,0.13772938556123404,conventional,Louisville
2015-05-10,0.32195121951219513,0.18748988414736373,0.015328939091284022,0.42667437994980933,0.19951922282573406,0.14617446311946117,conventional,Louisville
2015-05-03,0.28780487804878047,0.20968261245352307,0.013669021670022789,0.4696449953167665,0.21961983843521996,0.1343325573754255,conventional,Louisville
2015-04-26,0.3756097560975609,0.1442117050032543,0.01392724001725044,0.2989352551830854,0.1670060323102767,0.1504452213733857,conventional,Louisville
2015-04-19,0.27804878048780485,0.2105800007366768,0.014221251006668064,0.4434637364692813,0.23142652978675915,0.300092559926688,conventional,Louisville
2015-04-12,0.2585365853658536,0.19361734807474665,0.01858102357537547,0.4373898448227244,0.208982045073128,0.3064894213831676,conventional,Louisville
2015-04-05,0.3121951219512195,0.1659208271900589,0.012334400160394096,0.35349655452884976,0.2083989357383862,0.24384105450548516,conventional,Louisville
2015-03-29,0.27317073170731704,0.20584233882620243,0.017756649055161708,0.4553185519810574,0.23025504178801381,0.34495568331288795,conventional,Louisville
2015-03-22,0.26829268292682923,0.20869589607120437,0.016578048480191936,0.4447891411332433,0.199905938007145,0.1225467671410267,conventional,Louisville
2015-03-15,0.3756097560975609,0.12472447377084744,0.013524101836794972,0.25919047369383136,0.15167710693460698,0.15189149897558532,conventional,Louisville
2015-03-08,0.3609756097560975,0.13759270590714398,0.0186853066494252,0.27217550009989955,0.17791640182333082,0.18313035924198678,conventional,Louisville
2015-03-01,0.28292682926829266,0.17251158042053702,0.010454075416173565,0.3766341367334128,0.15187466212658873,0.11555915962271365,conventional,Louisville
2015-02-22,0.27804878048780485,0.23580419570589484,0.02100873353925316,0.5477839307703317,0.23031166474991094,0.15010040229914137,conventional,Louisville
2015-02-15,0.33658536585365845,0.1767084416283702,0.025856954570928972,0.3576991366129666,0.22161619974008812,0.17735337484961122,conventional,Louisville
2015-02-08,0.27317073170731704,0.19102081502852253,0.04278465410649926,0.4210268680150034,0.17828945247292746,0.15654188018541423,conventional,Louisville
2015-02-01,0.224390243902439,0.27547498684733246,0.03618494838660629,0.5941157049151988,0.27790674734039533,0.13213286006187117,conventional,Louisville
2015-01-25,0.28292682926829266,0.19010124297842595,0.015359887616485877,0.446632606357578,0.18826268517338457,0.13608241068549695,conventional,Louisville
2015-01-18,0.3024390243902439,0.18778358843603718,0.015138538381889999,0.4522176987965295,0.17037349095117732,0.1568269040444717,conventional,Louisville
2015-01-11,0.2975609756097561,0.16482934192821785,0.015472513336459583,0.37773175629048233,0.17217310086005277,0.12211838808658532,conventional,Louisville
2015-01-04,0.23414634146341462,0.22200991210242435,0.013399567662558811,0.5320192884035772,0.21253535920883612,0.11912065463188301,conventional,Louisville
2016-12-25,0.27804878048780485,0.17955518999440948,0.009000907599141246,0.2496402199773561,0.4026268588786992,0.2504248143396899,conventional,Louisville
2016-12-18,0.32195121951219513,0.1485556379966811,0.008394316505184888,0.23838515592120835,0.2893024310095204,0.2013712729374062,conventional,Louisville
2016-12-11,0.17073170731707316,0.23093969096958372,0.00920341860100556,0.3144206748107223,0.5299729719133139,0.1826960006660267,conventional,Louisville
2016-12-04,0.19024390243902434,0.27919994881480154,0.00830288379703419,0.4299014891407082,0.577169818246544,0.17893074196202818,conventional,Louisville
2016-11-27,0.39999999999999997,0.1266911635488993,0.007044557129968331,0.1889065464660363,0.2671688367223307,0.15831396504985004,conventional,Louisville
2016-11-20,0.4829268292682926,0.12986552881367125,0.009614966706787617,0.20586906217718637,0.2551212745060651,0.17930407875428475,conventional,Louisville
2016-11-13,0.43902439024390244,0.14249026665261255,0.009885900861109076,0.21569662566298575,0.29320986193374915,0.17634927519766533,conventional,Louisville
2016-11-06,0.4048780487804878,0.15549933276280786,0.010811127205839315,0.24559180908844863,0.3070055911155893,0.14592332321567628,conventional,Louisville
2016-10-30,0.4097560975609756,0.15386579484316154,0.01190737779201111,0.25113885468372943,0.29257807828633553,0.11983865717731933,conventional,Louisville
2016-10-23,0.38536585365853654,0.16584847736004915,0.010872956976840412,0.26517566022255634,0.32361746420048954,0.16618914821102684,conventional,Louisville
2016-10-16,0.32195121951219513,0.17927872754439955,0.01035409822389105,0.26580375197142164,0.37841429092109746,0.18308604945432266,conventional,Louisville
2016-10-09,0.34634146341463407,0.1717107025056477,0.011475309468432168,0.2608226620320841,0.3520159337372021,0.18269876044518918,conventional,Louisville
2016-10-02,0.39024390243902435,0.1645547025006399,0.009095771556825193,0.2632234391229246,0.32163887571804656,0.19336530690814122,conventional,Louisville
2016-09-25,0.45365853658536587,0.16567212739491613,0.01323527136137853,0.29564969413738523,0.2804703206815547,0.21209071516763897,conventional,Louisville
2016-09-18,0.39999999999999997,0.1922933945066448,0.014229189976176365,0.34690609018731516,0.3214311391102032,0.20695599271479628,conventional,Louisville
2016-09-11,0.3756097560975609,0.19768117257329962,0.022599891411044185,0.3665354983428014,0.306863140604192,0.20880565803791049,conventional,Louisville
2016-09-04,0.32682926829268294,0.18198688227736004,0.0180446721777468,0.32435841118648057,0.30105857252441326,0.22837049912599328,conventional,Louisville
2016-08-28,0.33658536585365845,0.1813767627940538,0.012702149375075269,0.3471118407162159,0.2783696445194376,0.23494321984354813,conventional,Louisville
2016-08-21,0.3512195121951219,0.19610838742530085,0.013323676496411653,0.3545363598877158,0.32700537498377896,0.2601574821982745,conventional,Louisville
2016-08-14,0.39512195121951216,0.18771998032805048,0.013832981574190007,0.3833937217748392,0.2555190642099922,0.26189277000721073,conventional,Louisville
2016-08-07,0.4195121951219512,0.177718308199162,0.02404464930274991,0.37872543782210516,0.20462404184168953,0.21304253233656242,conventional,Louisville
2016-07-31,0.39024390243902435,0.18877357747308315,0.01584678865319419,0.38025475089590755,0.257757725350234,0.20900727523783547,conventional,Louisville
2016-07-24,0.3658536585365853,0.20847636463497263,0.015827412185241724,0.4067115482443897,0.2969488529429338,0.23527178688494682,conventional,Louisville
2016-07-17,0.33658536585365845,0.22376855768197823,0.016243131613985776,0.4264610483924678,0.33265695389363686,0.22954309862791444,conventional,Louisville
2016-07-10,0.34634146341463407,0.20757660422624483,0.018736035318995196,0.4407906800111661,0.2456832806236671,0.2442217507088416,conventional,Louisville
2016-07-03,0.27317073170731704,0.233952158663924,0.016136426481441986,0.4579537741477011,0.3371901846506939,0.27671155754116555,conventional,Louisville
2016-06-26,0.3024390243902439,0.21523314469151134,0.018585127618934848,0.40111993753799374,0.31407131510222813,0.25549054231347074,conventional,Louisville
2016-06-19,0.3170731707317073,0.21569953093632827,0.0178205644876438,0.3855995884989422,0.3232345893776931,0.20059071539762052,conventional,Louisville
2016-06-12,0.3512195121951219,0.1863484085354613,0.036099436265885514,0.35822895839503255,0.23671291738558028,0.2227463758350057,conventional,Louisville
2016-06-05,0.3170731707317073,0.21765389883987027,0.014490099499508522,0.3978337388356958,0.2766993564541379,0.23647075760997605,conventional,Louisville
2016-05-29,0.26829268292682923,0.2393566294661002,0.013807953636418072,0.50763437904292,0.2937647490982079,0.22500326190564895,conventional,Louisville
2016-05-22,0.2292682926829268,0.2497537437138398,0.013475055152290291,0.5506468671931348,0.2842642377499928,0.20895284625990895,conventional,Louisville
2016-05-15,0.20487804878048776,0.23324601202311848,0.01538067695189321,0.44146369112481215,0.311210783798438,0.18431905745568908,conventional,Louisville
2016-05-08,0.20487804878048776,0.3061605616683792,0.016980042910802986,0.6220799224609578,0.3771157138454127,0.198987896988483,conventional,Louisville
2016-05-01,0.21463414634146338,0.28119396196520674,0.016816083006635767,0.5803834158272037,0.3551750305956012,0.19327454083790882,conventional,Louisville
2016-04-24,0.23902439024390243,0.20309932702577824,0.014236388872255928,0.3963382924123116,0.27398904568963955,0.22336487300952845,conventional,Louisville
2016-04-17,0.23414634146341462,0.20951772776199815,0.0142690193825231,0.39460726730139484,0.24971270991690445,0.18539077169711546,conventional,Louisville
2016-04-10,0.224390243902439,0.18322513182703506,0.012275597962510572,0.3520715337341596,0.25923170857286826,0.18967440892046483,conventional,Louisville
2016-04-03,0.19999999999999996,0.20069722042012675,0.014069199556763294,0.3728604141367051,0.29332578717750696,0.14741529049512123,conventional,Louisville
2016-03-27,0.2195121951219512,0.2635602832994431,0.013250745623979456,0.5274601854305386,0.3346948446579406,0.19049069026829804,conventional,Louisville
2016-03-20,0.24878048780487802,0.2709440512878149,0.012737000105628664,0.5447615801980704,0.34201063850784735,0.1985651908134311,conventional,Louisville
2016-03-13,0.3073170731707317,0.17511125433673425,0.013127489758392938,0.3354136053245743,0.24383830089674158,0.1977706810567685,conventional,Louisville
2016-03-06,0.28292682926829266,0.19332469806410613,0.013648299614018066,0.35128310677630586,0.24556378295329112,0.18965785024549,conventional,Louisville
2016-02-28,0.24390243902439018,0.2242804316310909,0.014480814941947969,0.44817956126392045,0.2767892029835835,0.18093955455017824,conventional,Louisville
2016-02-21,0.20487804878048776,0.2519998391347435,0.015933040847343708,0.5354459132588646,0.3089188935015863,0.1634972902801651,conventional,Louisville
2016-02-14,0.20487804878048776,0.27359861355410153,0.01965466828226939,0.5779705941117373,0.3240738417009537,0.19517572203872247,conventional,Louisville
2016-02-07,0.19999999999999996,0.3264301989859734,0.01887395809435129,0.6953023838437656,0.3355322214572267,0.19597651795903293,conventional,Louisville
2016-01-31,0.23414634146341462,0.22301398014403503,0.0170831822350083,0.4961066105150991,0.2168889862176674,0.16740743739019337,conventional,Louisville
2016-01-24,0.2195121951219512,0.2640528727462034,0.01125362383682323,0.5143991361878621,0.32455719102238473,0.2182828930029019,conventional,Louisville
2016-01-17,0.224390243902439,0.18362650425982138,0.014819028498882154,0.341155065331461,0.2726818054794058,0.22782973573121346,conventional,Louisville
2016-01-10,0.2195121951219512,0.21935985248190337,0.014050697721044794,0.44824127225244403,0.2858622734869411,0.21845307938458763,conventional,Louisville
2016-01-03,0.21463414634146338,0.255396547243835,0.017986004538668502,0.5233673511319822,0.2993674750740631,0.1700376602530932,conventional,Louisville
2017-12-31,0.20975609756097557,0.2588624423488375,0.17525376108680457,0.2429402204024605,0.5120454634156274,0.576758121148479,conventional,Louisville
2017-12-24,0.3609756097560975,0.17558018842013076,0.044378368595589565,0.20068186745528258,0.400879942262441,0.36548292072335037,conventional,Louisville
2017-12-17,0.3073170731707317,0.17594703324733865,0.04638403486687761,0.19929907369751557,0.40047447184128493,0.45160995550469385,conventional,Louisville
2017-12-10,0.27804878048780485,0.2196148120528667,0.04080522680223018,0.2624914093486126,0.5073835359896528,0.40795592203378556,conventional,Louisville
2017-12-03,0.32682926829268294,0.23910683146467313,0.01674584331030808,0.37045014304763013,0.4790892026888583,0.1416379994606165,conventional,Louisville
2017-11-26,0.49268292682926823,0.11797248189370826,0.012500513005444922,0.16159635203745454,0.2592063443438796,0.15670946010900208,conventional,Louisville
2017-11-19,0.3609756097560975,0.17395464544223416,0.01468036565009732,0.23996434791110785,0.38542017676188284,0.1943344493573624,conventional,Louisville
2017-11-12,0.34146341463414626,0.22123681880652785,0.02140157797110888,0.30827153968562115,0.4825812497080657,0.1807348709289616,conventional,Louisville
2017-11-05,0.3609756097560975,0.18889317213744353,0.02048893287466722,0.2630375976500229,0.40898872551090387,0.20599466963986876,conventional,Louisville
2017-10-29,0.38536585365853654,0.22585853209750573,0.025236705758242235,0.3125635353949007,0.49113649697312756,0.19994814681595843,conventional,Louisville
2017-10-22,0.6146341463414633,0.13638509631280096,0.023804058159006797,0.1777398332740549,0.2993814968485392,0.20686568660775764,conventional,Louisville
2017-10-15,0.6585365853658536,0.13295315774610908,0.022899553870281277,0.17716438361987732,0.2870397453002718,0.19471790533988137,conventional,Louisville
2017-10-08,0.7512195121951218,0.11592975231253141,0.02753934331266286,0.12180091227403932,0.28142022891931145,0.17920012707249833,conventional,Louisville
2017-10-01,0.7073170731707316,0.13638830307515112,0.021248180933151856,0.18146289759660145,0.29773326851760634,0.21532701619883043,conventional,Louisville
2017-09-24,0.7024390243902437,0.1305898178222934,0.015182539111198724,0.1812025211524864,0.2824524815906158,0.19210040812534182,conventional,Louisville
2017-09-17,0.6292682926829267,0.15099350219894944,0.015242485058926667,0.22086731216407898,0.3153681952752693,0.21958857518888003,conventional,Louisville
2017-09-10,0.5902439024390242,0.17246310559514796,0.015725416610880828,0.24481145911416746,0.37173822936782963,0.24249305570568244,conventional,Louisville
