Practica_1/avocado_standarized.csv
Date,AveragePrice,Total Volume,4046,4225,Total Bags,Small Bags,type,region
2017-09-03,0.5853658536585364,0.17634232161730995,0.018214216272330875,0.24849831871210373,0.37918718541992663,0.24628223249575568,conventional,Louisville
2017-08-27,0.5756097560975609,0.17655183741222888,0.020440222587175604,0.2385867262568566,0.3898416798764583,0.26305555696099864,conventional,Louisville
2017-08-20,0.5463414634146341,0.19451414332650682,0.019190373124838952,0.2521861702203033,0.44699246780640767,0.3695972914914015,conventional,Louisville
2017-08-13,0.45853658536585357,0.20506355682175323,0.018410201172141753,0.26433678754274076,0.4758571390167842,0.4278269452878381,conventional,Louisville
2017-08-06,0.4195121951219512,0.2087830277578008,0.01558931037939528,0.26647201608595045,0.4911684701913597,0.45399379141681084,conventional,Louisville
2017-07-30,0.4195121951219512,0.19843313638028617,0.016044590096875613,0.23662394839799408,0.48685547953530944,0.44893158982751535,conventional,Louisville
2017-07-23,0.45365853658536587,0.20295177202941952,0.014826025556753877,0.26689924600649845,0.46868111635831117,0.3791655991687545,conventional,Louisville
2017-07-16,0.4878048780487804,0.19137922563146698,0.020579894626999627,0.2917451810873887,0.38197957268597627,0.2331159393958629,conventional,Louisville
2017-07-09,0.27804878048780485,0.27424763150399767,0.018141285399898677,0.3249296806474057,0.6803606114601124,0.34048576099607175,conventional,Louisville
2017-07-02,0.28292682926829266,0.249456283559674,0.017530926659396005,0.3399780221025947,0.5602252629328318,0.3678428385493926,conventional,Louisville
2017-06-25,0.2585365853658536,0.250212486442918,0.014380434073249777,0.3076355126546495,0.6094749149114962,0.3150198987743667,conventional,Louisville
2017-06-18,0.3024390243902439,0.22905314828616014,0.017368917857904558,0.3515625420676228,0.46107640250566423,0.3345793736251892,conventional,Louisville
2017-06-11,0.2926829268292683,0.24637021408015988,0.015150783233165517,0.3286865407696374,0.5666870681996783,0.26612059836305235,conventional,Louisville
2017-06-04,0.3024390243902439,0.26690421161451106,0.01474226270050103,0.34713061616048546,0.6261671675953041,0.2568439073505338,conventional,Louisville
2017-05-28,0.3121951219512195,0.24468587313780182,0.014120399182151583,0.345811021256637,0.5383122659893107,0.2484137019355711,conventional,Louisville
2017-05-21,0.32195121951219513,0.22920795144399522,0.01406637382185356,0.36588962305992984,0.4508556006405718,0.22259949425513637,conventional,Louisville
2017-05-14,0.4048780487804878,0.18045749824171683,0.01524679094069388,0.2637730282595234,0.37958104545457383,0.24893346034450323,conventional,Louisville
2017-05-07,0.3024390243902439,0.2973985667573353,0.016599308771417555,0.4108822474986149,0.6662578322104452,0.32984267265600076,conventional,Louisville
2017-04-30,0.39999999999999997,0.2055379160441942,0.016355824613362095,0.3436221587084762,0.37982986496852555,0.2829114014296576,conventional,Louisville
2017-04-23,0.3560975609756097,0.20518512825742535,0.014072294409283481,0.30351951016637174,0.43168506630111214,0.2572848587322709,conventional,Louisville
2017-04-16,0.38048780487804873,0.21965215106653294,0.014194675642636033,0.33751765954522334,0.4476960572288454,0.2822159370807148,conventional,Louisville
2017-04-09,0.3707317073170731,0.19732891192554725,0.014951165245613551,0.30702286636559833,0.3944018824544821,0.27013009752292955,conventional,Louisville
2017-04-02,0.34634146341463407,0.21278434235465138,0.014995973327753627,0.3054696765947438,0.4590019836791904,0.2811308839066698,conventional,Louisville
2017-03-26,0.32682926829268294,0.21953490656362096,0.01638536027110908,0.33285270557694463,0.4506394688301758,0.2797322891555551,conventional,Louisville
2017-03-19,0.4146341463414634,0.16320114129111324,0.012674430261198825,0.31268872864027525,0.25147811384091145,0.2663879902996829,conventional,Louisville
2017-03-12,0.3609756097560975,0.18652073906559383,0.014276823793226175,0.2983029832409676,0.36278474584551346,0.2159565524900031,conventional,Louisville
2017-03-05,0.26829268292682923,0.22178594391280398,0.012882525453479994,0.3495789340932311,0.4431788130809045,0.19426882794172143,conventional,Louisville
2017-02-26,0.24878048780487802,0.2328500647293766,0.014679221900252903,0.4245972490077355,0.38769518734296393,0.23256996308488728,conventional,Louisville
2017-02-19,0.24390243902439018,0.2079875969460816,0.013321254437917596,0.2965234962286155,0.45359011459540793,0.21173102395013016,conventional,Louisville
2017-02-12,0.15121951219512192,0.28966512988804205,0.013984292950666033,0.4128469383272709,0.636424944075894,0.24534958045990493,conventional,Louisville
2017-02-05,0.2292682926829268,0.27838371797605765,0.014899763782017428,0.5291182342863702,0.4366143005487872,0.29924086141293643,conventional,Louisville
2017-01-29,0.24390243902439018,0.2552787975660322,0.014011406549918963,0.39466175151514293,0.5207379811734903,0.2653541463612082,conventional,Louisville
2017-01-22,0.24390243902439018,0.2800715731785255,0.016200005516911014,0.4737807651595772,0.5144772142145783,0.2863786039841092,conventional,Louisville
2017-01-15,0.3024390243902439,0.19608883935344026,0.013920713915197006,0.30950363393410035,0.38695765986765407,0.2705316453910691,conventional,Louisville
2017-01-08,0.20487804878048776,0.2596734676897937,0.0167486017658152,0.3914637619755452,0.537396295804426,0.2738254418214788,conventional,Louisville
2017-01-01,0.16097560975609754,0.24294873043729454,0.011384549554307599,0.42823401713737536,0.4279627763863672,0.19278023372569725,conventional,Louisville
2018-03-25,0.2926829268292683,0.2780164997587131,0.2120140156451523,0.172469105537835,0.6296487652666536,0.7650509539559978,conventional,Louisville
2018-03-18,0.28292682926829266,0.27703026658715946,0.2159704481951964,0.1698732055280576,0.6245641304610904,0.8131376527250289,conventional,Louisville
2018-03-11,0.3121951219512195,0.257033884957225,0.18070870777124196,0.18872502688785323,0.5657762780333898,0.7071445009636995,conventional,Louisville
2018-03-04,0.34634146341463407,0.21324789522725482,0.15366992321401782,0.1639326549611809,0.45527111994056196,0.4960098959547924,conventional,Louisville
2018-02-25,0.33658536585365845,0.21853397939198335,0.1242411724377817,0.1794483987025814,0.4950902801327264,0.5045449729779289,conventional,Louisville
2018-02-18,0.3024390243902439,0.22279862189168362,0.14271004124900175,0.1508229312648698,0.5253774023117709,0.5202304844899645,conventional,Louisville
2018-02-11,0.20975609756097557,0.2865922828121909,0.2523573693484461,0.21473418930465676,0.5576786586181085,0.6545662616077461,conventional,Louisville
2018-02-04,0.19512195121951215,0.3728283162914048,0.25003838289919056,0.3753530137776336,0.7044884235961993,0.7825232691546689,conventional,Louisville
2018-01-28,0.3609756097560975,0.21187034919247905,0.06562513666128657,0.24452812703253043,0.46456318019561,0.4811521648704337,conventional,Louisville
2018-01-21,0.3073170731707317,0.2615545632700471,0.06147803428423798,0.342707050639853,0.5444377272900616,0.52922598467004,conventional,Louisville
2018-01-14,0.34634146341463407,0.26736545825391744,0.0862954548053977,0.31218030377960326,0.578338269682664,0.4915344540796512,conventional,Louisville
2018-01-07,0.27317073170731704,0.2610968748190019,0.19673567066463304,0.267620152215715,0.4623974858690432,0.5006795956187586,conventional,Louisville
