Practica_1/avocado_standarized.csv
Date,AveragePrice,Total Volume,4046,4225,Total Bags,Small Bags,type,region
2015-12-27,0.25365853658536586,0.2714443721068167,0.5349297838514633,0.06168470290162093,0.27424465281416566,0.3612713444003544,conventional,Nashville
2015-12-20,0.26829268292682923,0.27957915944477063,0.5874102072272881,0.052541557497495436,0.25267657366062357,0.3612566255781545,conventional,Nashville
2015-12-13,0.2292682926829268,0.3368009343187641,0.6936331482925496,0.07917888251389739,0.2947893210522832,0.3536456146112521,conventional,Nashville
2015-12-06,0.27317073170731704,0.28752066247668756,0.5922852054612037,0.06841190915802407,0.24874913714733338,0.35197824803392563,conventional,Nashville
2015-11-29,0.24878048780487802,0.2632073417637944,0.5190966529169995,0.06665254375387022,0.2493717217962054,0.31385956495761214,conventional,Nashville
2015-11-22,0.25365853658536586,0.2791223715228785,0.537972292996416,0.07143992778893284,0.2780779558860685,0.3636344819687528,conventional,Nashville
2015-11-15,0.2926829268292683,0.2736441012583972,0.5214860136213879,0.08409507318172221,0.26246654087557136,0.36991236627911706,conventional,Nashville
2015-11-08,0.28780487804878047,0.29744152858717715,0.5917754967070096,0.08365629459168014,0.2756787141693425,0.3931448005530597,conventional,Nashville
2015-11-01,0.24390243902439018,0.3497430318097427,0.6578190439731448,0.14242924491539716,0.32497409320871873,0.37467375193970315,conventional,Nashville
2015-10-25,0.2292682926829268,0.32633353486882927,0.6054575033017366,0.14532307225782867,0.3020798399838669,0.38330603451778456,conventional,Nashville
2015-10-18,0.2292682926829268,0.40098454632670094,0.7677097216718394,0.20601083449410454,0.29844114485198586,0.36791045313887316,conventional,Nashville
2015-10-11,0.25365853658536586,0.36805513838969617,0.5625974289849086,0.25101125251342976,0.3715069147443067,0.36480876800238443,conventional,Nashville
2015-10-04,0.25365853658536586,0.3457273526746935,0.5270093161788798,0.21330399640645084,0.3812617828677315,0.4027414726273603,conventional,Nashville
2015-09-27,0.2926829268292683,0.35244286213906817,0.6282659608608803,0.1802796903539561,0.3118101476742922,0.3899290445445222,conventional,Nashville
2015-09-20,0.24878048780487802,0.433934293044091,0.7301093492130665,0.23011482069804978,0.42302175313085233,0.41665627916454123,conventional,Nashville
2015-09-13,0.2975609756097561,0.3394275362530524,0.514177990350788,0.17780175681477778,0.38685932882499047,0.4903759601156715,conventional,Nashville
2015-09-06,0.2585365853658536,0.3863336837856014,0.6256230913674472,0.21617090047030718,0.38260144284952463,0.4155376486773528,conventional,Nashville
2015-08-30,0.3170731707317073,0.3120421152445814,0.5568512970459633,0.14929914454824864,0.2715163906059112,0.37689092785461975,conventional,Nashville
2015-08-23,0.2585365853658536,0.3766645265554736,0.7554404479731743,0.13662897880004365,0.26745293394913633,0.3930212237750068,conventional,Nashville
2015-08-16,0.25365853658536586,0.4112249245735451,0.8530779317504285,0.13031802060055916,0.2540731245363102,0.3506064844691128,conventional,Nashville
2015-08-09,0.2634146341463414,0.38728429114529234,0.7100484478978215,0.14567194126757632,0.35828205933604124,0.4691971081807367,conventional,Nashville
2015-08-02,0.3121951219512195,0.3332453157603342,0.586407811407761,0.14073236985783094,0.31631560281439336,0.4710693117003444,conventional,Nashville
2015-07-26,0.3073170731707317,0.3276571589750459,0.5744758093543936,0.13745212261711273,0.30962891329193665,0.4587948872331236,conventional,Nashville
2015-07-19,0.2634146341463414,0.4089158140760482,0.7629777594478784,0.13724863931167097,0.3922088590642868,0.5347463096003058,conventional,Nashville
2015-07-12,0.3170731707317073,0.3358473398379799,0.6107698176526352,0.12352520656531234,0.31285258176145814,0.455923030372443,conventional,Nashville
2015-07-05,0.2585365853658536,0.4430455395176683,0.8172632219164,0.17801395476038992,0.3964977358406647,0.5478773388553447,conventional,Nashville
2015-06-28,0.3024390243902439,0.3512000001229991,0.6114463793253088,0.13770647674891492,0.3694445528576689,0.5657590212964492,conventional,Nashville
2015-06-21,0.25365853658536586,0.41441527972181647,0.7483221526179424,0.12694602166048613,0.46009612864165356,0.6288463463820292,conventional,Nashville
2015-06-14,0.28780487804878047,0.37826158206235544,0.6955996579515171,0.12203450714104538,0.39902254835301754,0.5971602485702427,conventional,Nashville
2015-06-07,0.25365853658536586,0.4159689780445941,0.8631523494976584,0.07358408352451223,0.35976586673187533,0.4762035741899933,conventional,Nashville
2015-05-31,0.2926829268292683,0.3648890975285593,0.7890872136168129,0.059171343995896325,0.25666527729041444,0.3717157286407275,conventional,Nashville
2015-05-24,0.2634146341463414,0.42809431755781235,0.9481137883080509,0.06623636654768467,0.27232366971093974,0.3386935910721757,conventional,Nashville
2015-05-17,0.3073170731707317,0.3279585946359608,0.6783930852921172,0.05782744729059712,0.2639436499714965,0.38691444577271594,conventional,Nashville
2015-05-10,0.3073170731707317,0.363818961396885,0.7692529766089702,0.06432956076796527,0.2534415195102274,0.3621452744684704,conventional,Nashville
2015-04-26,0.3121951219512195,0.3656416982951907,0.7891539547842047,0.0609303551463847,0.2230667835683737,0.32934223270120594,conventional,Nashville
2015-04-19,0.32682926829268294,0.30873816163826195,0.6158594371808854,0.05383592954036296,0.2602091244955845,0.343784463700548,conventional,Nashville
2015-04-12,0.27317073170731704,0.3479245120235687,0.7513920444797587,0.06843458139261367,0.2180191233783081,0.22007260978976462,conventional,Nashville
2015-04-05,0.3024390243902439,0.34042081990895123,0.7015254258954384,0.05856918361534287,0.2536000459414063,0.3309137736131688,conventional,Nashville
2015-03-29,0.3073170731707317,0.332134677780895,0.6917985735421058,0.05885903396442443,0.23300902546791866,0.29959886609873476,conventional,Nashville
2015-03-22,0.27804878048780485,0.3819466132493273,0.8221833646294688,0.06514739078005241,0.2627956506777652,0.34499125379987094,conventional,Nashville
2015-03-15,0.3121951219512195,0.2876621553743569,0.5812330161558029,0.048330969280539156,0.23562627451901516,0.3355632348966103,conventional,Nashville
2015-03-08,0.3121951219512195,0.32760556524380935,0.7009700344268703,0.054722839017215315,0.23680026321639322,0.35200415929384,conventional,Nashville
2015-03-01,0.26829268292682923,0.3719381761697275,0.8194621146319918,0.06881618344105007,0.24128097930216394,0.317875043639008,conventional,Nashville
2015-02-22,0.2975609756097561,0.3252439824500486,0.6801615243897926,0.07122921770871564,0.2082893515518755,0.31694070507144684,conventional,Nashville
2015-02-15,0.28780487804878047,0.33773680375011966,0.7336664112292014,0.06955714040773181,0.21346302909089512,0.32482830723885475,conventional,Nashville
2015-02-08,0.24390243902439018,0.3770466144859076,0.8462795499546201,0.057528882301345174,0.2511953562740876,0.3970514212786026,conventional,Nashville
2015-01-25,0.3073170731707317,0.30919099601753064,0.6420375163404849,0.059314391626010154,0.23196766310873812,0.3707829232838122,conventional,Nashville
2015-01-18,0.3121951219512195,0.31492180979914974,0.6540666025718225,0.05968161097562877,0.22896468129355066,0.36061942323375284,conventional,Nashville
2015-01-11,0.3073170731707317,0.3289075986144766,0.6985122505700248,0.06446609013063459,0.22546441769312156,0.34464919450478904,conventional,Nashville
2015-01-04,0.27317073170731704,0.3559905736122511,0.766082502040248,0.07852797682897626,0.22787000046709477,0.3017531803771729,conventional,Nashville
2016-12-18,0.23414634146341462,0.34690052251996084,0.44681495944061217,0.11528880884330511,0.671939151571899,0.8808407084598424,conventional,Nashville
2016-12-04,0.25365853658536586,0.41609237250269815,0.5567503779420442,0.1420015190397175,0.7669842762321724,0.9291920393863417,conventional,Nashville
2016-11-27,0.39024390243902435,0.285211178589054,0.33894972815757374,0.08708008541764382,0.5991895414352812,0.8492016802148825,conventional,Nashville
2016-11-20,0.43414634146341463,0.2888746849328536,0.3622957481435931,0.08698365756990489,0.5839166138468506,0.829535187260982,conventional,Nashville
2016-11-13,0.4634146341463414,0.31035887250850763,0.3989225203671572,0.09324742918114975,0.6140187736377422,0.871863453486452,conventional,Nashville
2016-11-06,0.424390243902439,0.3225483911969805,0.44804435596455455,0.09746666118754332,0.5935516270572377,0.8409157499216913,conventional,Nashville
2016-10-30,0.3609756097560975,0.33304498096995205,0.4426079111158356,0.12287720576044801,0.611067324076521,0.8361983674066401,conventional,Nashville
2016-10-23,0.3658536585365853,0.35786872599966263,0.4474886280989734,0.2010440564028516,0.6073534293643287,0.8794597456311546,conventional,Nashville
2016-10-16,0.3024390243902439,0.3899172846401553,0.5285893056698371,0.15332396214303629,0.6892014742332925,0.8680380929251374,conventional,Nashville
2016-10-09,0.3707317073170731,0.3435028479893391,0.5190853499773604,0.1102090238327696,0.568378076339363,0.6397674058121869,conventional,Nashville
2016-10-02,0.34634146341463407,0.379256073745167,0.5124216615455828,0.11063731651431398,0.7224404925268854,0.9748125688315754,conventional,Nashville
2016-09-25,0.3512195121951219,0.3836790775910634,0.5364738461414253,0.1458200192997397,0.6632321654862326,0.9096675217382438,conventional,Nashville
2016-09-18,0.27804878048780485,0.4201190556647161,0.6649224033009966,0.11984146439963216,0.6746012345770528,0.8475283341160373,conventional,Nashville
2016-08-28,0.3170731707317073,0.37926149888421146,0.7015801240497626,0.08927737920304263,0.495951234947692,0.8011893421621735,conventional,Nashville
2016-08-21,0.3170731707317073,0.4055661970524275,0.6884756438470633,0.11277105719212877,0.5920622824001455,0.9595899336135122,conventional,Nashville
2016-08-07,0.33170731707317075,0.412776294699,0.6415207432490165,0.18042918540078134,0.5987157483550537,0.7062127688542363,conventional,Nashville
2016-07-31,0.32195121951219513,0.4094901539986119,0.5949942778868078,0.2085538090062618,0.6108660178365902,0.8982308435678977,conventional,Nashville
2016-07-24,0.3073170731707317,0.42092691817157357,0.5899919870231488,0.22188331167662592,0.6471631226259551,0.9118098769736446,conventional,Nashville
2016-07-17,0.3073170731707317,0.43201032349049845,0.6057299176029156,0.24027283200299276,0.6484743818161341,0.9679586572815777,conventional,Nashville
2016-07-10,0.27317073170731704,0.43523114288109627,0.5971322827430351,0.26899423133331163,0.6358846145499041,0.7922895143263969,conventional,Nashville
2016-06-26,0.2634146341463414,0.42915059432617875,0.673006359921929,0.18139778577288942,0.6215435544448087,0.930028405793635,conventional,Nashville
2016-06-19,0.2195121951219512,0.5095669252071223,0.9084381153962859,0.1396885260071786,0.6868584982358018,0.9545278853452813,conventional,Nashville
2016-06-12,0.2585365853658536,0.4191563460717721,0.8058937429482776,0.09080059911379904,0.5127989775000533,0.7079578692113058,conventional,Nashville
2016-06-05,0.21463414634146338,0.49042426717847765,0.9177540251584597,0.12421833928715663,0.6135597168173145,0.8113730805927577,conventional,Nashville
2016-05-29,0.20975609756097557,0.5239318148317899,0.9697682695535811,0.15072657426786396,0.6449734037303814,0.8597150589343174,conventional,Nashville
2016-05-22,0.23414634146341462,0.4481646743630574,0.7778610397762556,0.13348193093753943,0.6158817941190892,0.8600962151008676,conventional,Nashville
2016-05-15,0.18048780487804877,0.4821813065215201,0.697887494037363,0.22207893055069441,0.7463318100208531,0.8559737183163936,conventional,Nashville
2016-05-08,0.21463414634146338,0.46703611936773104,0.773009320215644,0.1866325213366983,0.6317613197472758,0.7935239022173445,conventional,Nashville
2016-05-01,0.18048780487804877,0.5218562269185867,0.7880922858109758,0.26528292823245847,0.7294327138358564,0.7594918387963928,conventional,Nashville
2016-04-24,0.18048780487804877,0.513246157864913,0.7509383794679411,0.2396240518400644,0.7756556273623229,0.9215644697444643,conventional,Nashville
2016-04-17,0.224390243902439,0.3915866021205441,0.6458910786839341,0.16594318621414778,0.5157448898000164,0.6251223310444032,conventional,Nashville
2016-04-10,0.18536585365853653,0.454096921141343,0.662185611761516,0.22007633457983392,0.6633205830450309,0.6694310454610756,conventional,Nashville
2016-04-03,0.24878048780487802,0.36351311094670724,0.634748465861422,0.13738814440513017,0.405326988227336,0.4049692276957331,conventional,Nashville
2016-03-27,0.23902439024390243,0.37664941523700163,0.6619393018685509,0.1425012292602192,0.4170387423414988,0.5142078797521289,conventional,Nashville
2016-03-20,0.23902439024390243,0.39364380606054805,0.6735209800725138,0.15294384795999486,0.4561625296924471,0.5422814266402403,conventional,Nashville
2016-03-13,0.20975609756097557,0.41379018070479234,0.6164928727564842,0.2273268443508585,0.5251048261608087,0.4250982903014767,conventional,Nashville
2016-03-06,0.2585365853658536,0.3507027323174677,0.5877728432073707,0.14710284267311316,0.4077927663898244,0.4584562010014625,conventional,Nashville
2016-02-28,0.21463414634146338,0.41771035982135873,0.667342712530587,0.22359655325353653,0.4687016578113653,0.4281897029266385,conventional,Nashville
2016-02-21,0.24390243902439018,0.39961692807673527,0.6851142976131287,0.18030122897681625,0.40392695423569674,0.514057165145645,conventional,Nashville
2016-02-14,0.21463414634146338,0.4461364850330847,0.695456016426939,0.30345772832711504,0.43207588977313394,0.4935333007986034,conventional,Nashville
2016-02-07,0.16097560975609754,0.5897897741048976,0.8378328900742025,0.42234943864964175,0.6850849670412386,0.6049783962953951,conventional,Nashville
2016-01-31,0.24878048780487802,0.3813085334340227,0.6087641513813471,0.23591494511193709,0.37418069744663485,0.42198679261685484,conventional,Nashville
2016-01-24,0.20975609756097557,0.3669649270471449,0.5254880616064034,0.23469305336902324,0.4432615147571138,0.39439544047685304,conventional,Nashville
2016-01-17,0.24878048780487802,0.3981572801401452,0.6653143731006185,0.21416547047012297,0.40919592625475454,0.4923107186296286,conventional,Nashville
2016-01-10,0.224390243902439,0.467107261170828,0.8281208391894447,0.2117476183526071,0.4661989050333794,0.48990373123675973,conventional,Nashville
2016-01-03,0.2634146341463414,0.4068454316606327,0.8832875272733879,0.07902520727381968,0.3142027804017747,0.40083814493164255,conventional,Nashville
2017-12-24,0.2926829268292683,0.3995676186145702,0.6476236578600172,0.04829752773451947,0.7031047334563378,0.9983703504045606,conventional,Nashville
2017-11-26,0.3121951219512195,0.35085810654257055,0.5598790047223413,0.04431004847607158,0.6267108016159157,0.9039656646675133,conventional,Nashville
2017-11-12,0.3073170731707317,0.444875546541576,0.8199946311036715,0.04984349073059859,0.6558618028197342,0.9717642394255611,conventional,Nashville
2017-11-05,0.28292682926829266,0.5033209648216632,0.9749325019393288,0.05840318034770706,0.6763926279047066,0.9785972993107758,conventional,Nashville
2017-10-22,0.473170731707317,0.3669135529571653,0.6587686927410235,0.06733065612029888,0.5310852469408641,0.7644678739473934,conventional,Nashville
2017-10-15,0.5512195121951219,0.353481479750383,0.5867414499653175,0.07246372088211997,0.56674261943359,0.8173533687167686,conventional,Nashville
2017-10-08,0.6439024390243901,0.30943822421625244,0.5188403183930449,0.028456346737819698,0.5334411729848455,0.7577781692575626,conventional,Nashville
2017-10-01,0.6146341463414633,0.3401629391092717,0.4962476931574829,0.15108734620077116,0.5339199674623384,0.8017483507636386,conventional,Nashville
2017-09-24,0.5951219512195121,0.34994894548804917,0.5014568681841761,0.1617607965889623,0.5534151460707192,0.8356246399829753,conventional,Nashville
2017-09-17,0.5073170731707317,0.36758211897892207,0.4769592266636346,0.2110892733407113,0.5955649573885418,0.863339875543159,conventional,Nashville
2017-09-10,0.4780487804878048,0.3865639776434194,0.4872906517288452,0.2652576345207444,0.5905373920982032,0.8724437737158939,conventional,Nashville
2017-09-03,0.43902439024390244,0.41428070552373825,0.5178178060321367,0.3028955986107589,0.6154274707639303,0.8874742976400362,conventional,Nashville
2017-08-27,0.4097560975609756,0.404976592062512,0.5548219484249556,0.2836759910954799,0.5524361225560247,0.7488939801703735,conventional,Nashville
