Practica_1/avocado_standarized.csv
Date,AveragePrice,Total Volume,4046,4225,Total Bags,Small Bags,type,region
2015-12-27,0.2292682926829268,0.4120024765869559,0.7102749103670158,0.13217643532957635,0.5640240027772044,0.8265342340639236,conventional,NewOrleansMobile
2015-12-20,0.23414634146341462,0.42138715446119834,0.7418693851133558,0.1319968287211868,0.5607288857753205,0.8754717114203189,conventional,NewOrleansMobile
2015-12-13,0.20487804878048776,0.4483594961578924,0.8052637386222121,0.22115553294629942,0.472234966358012,0.6832722578872572,conventional,NewOrleansMobile
2015-12-06,0.24390243902439018,0.40701861879166695,0.7929193138308287,0.15270486843727374,0.4078145581921949,0.6412316219789426,conventional,NewOrleansMobile
2015-11-29,0.224390243902439,0.38601726859096863,0.6503412074903505,0.16701452014923998,0.49388244269314163,0.7539152450354256,conventional,NewOrleansMobile
2015-11-22,0.24390243902439018,0.4216901715391627,0.7578273866190688,0.13335900491562386,0.5378715178553007,0.8247376178291547,conventional,NewOrleansMobile
2015-11-15,0.2634146341463414,0.429828429208975,0.7640960776781072,0.15408093137539694,0.5370017212844552,0.860115840197134,conventional,NewOrleansMobile
2015-11-08,0.25365853658536586,0.43407510505386404,0.8225959892056927,0.1527013259006191,0.4751605158262518,0.7544420562133285,conventional,NewOrleansMobile
2015-11-01,0.2585365853658536,0.44950371728550553,0.8725048592548538,0.11378408097388586,0.5225405383343257,0.772949441918991,conventional,NewOrleansMobile
2015-10-25,0.27804878048780485,0.41972565620955377,0.7921212455570366,0.1241066076810697,0.4937190041753629,0.7966426059920019,conventional,NewOrleansMobile
2015-10-18,0.28292682926829266,0.45351190665369584,0.840279572829617,0.12923903478629295,0.5575145949256717,0.8901839408143895,conventional,NewOrleansMobile
2015-10-11,0.27317073170731704,0.4781434216554023,0.9134517091995839,0.11425396303575554,0.5780723918316107,0.8651341919619592,conventional,NewOrleansMobile
2015-10-04,0.27317073170731704,0.48849021609119525,0.8961319053055864,0.1459654758547787,0.6030195400125624,0.9185009615530565,conventional,NewOrleansMobile
2015-09-27,0.3024390243902439,0.43889568153880315,0.8310951942995508,0.12481376884806628,0.5112797137700344,0.8143735738266223,conventional,NewOrleansMobile
2015-09-20,0.27317073170731704,0.49184905804760404,0.9082985106358645,0.1713683685485094,0.5645998779480446,0.8724206222351422,conventional,NewOrleansMobile
2015-09-13,0.28292682926829266,0.48253363306164954,0.9453422805968222,0.12828623412766452,0.5309188611711254,0.8330772104949495,conventional,NewOrleansMobile
2015-03-01,0.3121951219512195,0.4934627623617559,0.9346752658713793,0.11498818918279348,0.6181484094976176,0.9619460184129399,conventional,NewOrleansMobile
2015-01-04,0.24390243902439018,0.4890684875922568,0.9983201678755654,0.09979835881361865,0.5364261140456115,0.8344072707301962,conventional,NewOrleansMobile
2016-12-25,0.24390243902439018,0.495098760263479,0.7875360197101738,0.16413472125196082,0.7592978431206361,0.9193810244637557,conventional,NewOrleansMobile
2016-12-18,0.3121951219512195,0.4019844851126827,0.5631310892064327,0.14936744465494986,0.6956484539296737,0.7819547546471998,conventional,NewOrleansMobile
2016-12-11,0.3756097560975609,0.38985868435282495,0.6021937794809933,0.13385403898774142,0.6160531812860931,0.8255683113570585,conventional,NewOrleansMobile
2016-12-04,0.2975609756097561,0.5560372605578092,0.9653444469935863,0.17348602610991218,0.7605030012402572,0.963621970969883,conventional,NewOrleansMobile
2016-11-27,0.45853658536585357,0.3260651332529461,0.5153850501130631,0.1268286928464849,0.48213058809019055,0.6271135117101263,conventional,NewOrleansMobile
2016-11-20,0.44390243902439025,0.3671277251467297,0.5815041521483323,0.1672762427572838,0.5103341817548849,0.6772939629370858,conventional,NewOrleansMobile
2016-11-13,0.39999999999999997,0.4955918329210045,0.8988121821468723,0.2154000444942604,0.5503563450896237,0.691861917209385,conventional,NewOrleansMobile
2016-11-06,0.5121951219512194,0.4029489079074301,0.6657295542941415,0.16218873501684122,0.5502047848903502,0.6680503892745169,conventional,NewOrleansMobile
2016-10-30,0.5073170731707317,0.35895151346773196,0.47923670172147814,0.15644628309969125,0.6236145794659955,0.6682861970718437,conventional,NewOrleansMobile
2016-10-23,0.4878048780487804,0.44664855665932857,0.6886234566946033,0.21834297139472503,0.6253811444286532,0.7727938210384404,conventional,NewOrleansMobile
2016-10-16,0.44878048780487806,0.48898366213885736,0.7558619534305432,0.19337666091831052,0.7374447736336339,0.8351867550225297,conventional,NewOrleansMobile
2016-10-09,0.39512195121951216,0.5135525354541073,0.7697452599978875,0.29558897505912496,0.6909670567786304,0.7646337673392709,conventional,NewOrleansMobile
2016-10-02,0.4146341463414634,0.4713637769440244,0.7325402885882697,0.22855192437676153,0.6538749084454041,0.7843347575327022,conventional,NewOrleansMobile
2016-09-25,0.3658536585365853,0.5812626855180657,0.953994748169832,0.24778733160552016,0.7775830408334614,0.8895091748091651,conventional,NewOrleansMobile
2016-09-18,0.3609756097560975,0.5377463932873942,0.8480378971419037,0.23315743457997562,0.7637021092767792,0.8917415295094753,conventional,NewOrleansMobile
2016-09-11,0.33658536585365845,0.5499994102632253,0.950732168098933,0.2663604261813297,0.6370895940481943,0.8952387829925849,conventional,NewOrleansMobile
2016-08-14,0.32682926829268294,0.5830443275372129,0.9977538771437741,0.34153404590277303,0.6148407890025703,0.800071478280308,conventional,NewOrleansMobile
2016-07-31,0.3707317073170731,0.5596322827577199,0.9519313561711022,0.2831001163369038,0.6536891422612621,0.9012851524954306,conventional,NewOrleansMobile
2017-11-26,0.4048780487804878,0.38817735249568586,0.6461715665134267,0.08671421223195397,0.6018645744869259,0.8833286493748104,conventional,NewOrleansMobile
2017-11-19,0.4048780487804878,0.4551196147615354,0.7951819874200974,0.10176290794080847,0.6520839616710775,0.9758732439563519,conventional,NewOrleansMobile
2017-11-05,0.4292682926829268,0.4952445581297828,0.8822651494712849,0.14082341304985482,0.6489296875886129,0.9991495280547651,conventional,NewOrleansMobile
2017-10-01,0.6243902439024389,0.4995759056791915,0.8893306977748684,0.14958205152548715,0.6629480682594271,0.9419458988225096,conventional,NewOrleansMobile
2017-09-24,0.6146341463414633,0.4522236667539595,0.8736973866661644,0.1563868393346266,0.48248961696531106,0.6808620507520321,conventional,NewOrleansMobile
2017-09-17,0.5756097560975609,0.48143309858002586,0.9216009268410505,0.1778813221880407,0.5097815273570625,0.7173748489979165,conventional,NewOrleansMobile
2017-09-10,0.5756097560975609,0.47717456210726633,0.8280169597918107,0.17188990079480354,0.6237466699402002,0.9115176470245517,conventional,NewOrleansMobile
2017-09-03,0.5512195121951219,0.4987696026252577,0.8736722241695871,0.1894192223706939,0.6277226914554968,0.8627032864830156,conventional,NewOrleansMobile
2017-08-27,0.49756097560975604,0.504436325088125,0.8992244703260831,0.19623825117718494,0.6091596482624476,0.9029209349334533,conventional,NewOrleansMobile
2017-08-20,0.49756097560975604,0.4982824822457932,0.8631137983999613,0.17742986131677507,0.6567716998793681,0.9360622029691851,conventional,NewOrleansMobile
2017-08-13,0.4634146341463414,0.5197024467179413,0.8788600043462494,0.21651176334721536,0.6736580246392049,0.9348075766977126,conventional,NewOrleansMobile
2017-08-06,0.43414634146341463,0.5291134156506301,0.8746419221994445,0.24189481783568018,0.6858752771198311,0.8715046821953307,conventional,NewOrleansMobile
2017-07-30,0.4682926829268292,0.5402123276422892,0.9590771015226002,0.21336244826125217,0.6549146632126064,0.8552040465721933,conventional,NewOrleansMobile
2017-07-16,0.4292682926829268,0.5113859062399356,0.8115989017310318,0.20834472849290575,0.7398147214520914,0.990479375173732,conventional,NewOrleansMobile
2017-05-14,0.44390243902439025,0.5295767488819766,0.9357705745459146,0.17921657510390263,0.6829089126774792,0.7576220884138184,conventional,NewOrleansMobile
2017-04-23,0.44390243902439025,0.4997934823082372,0.9070736891112996,0.1539142904511633,0.6322095699771838,0.8016281470490064,conventional,NewOrleansMobile
2017-04-09,0.43902439024390244,0.5174797211267675,0.9064025097908351,0.18767905751520814,0.6629190422931549,0.8585165481724819,conventional,NewOrleansMobile
2017-04-02,0.45365853658536587,0.5338832550052344,0.9276582260170795,0.23605770933911854,0.6409290595560134,0.824314451690909,conventional,NewOrleansMobile
2017-03-26,0.45853658536585357,0.5192994050116029,0.8958783965165417,0.2060805516154676,0.6601382654136142,0.8169021448237045,conventional,NewOrleansMobile
2017-03-19,0.4292682926829268,0.5079518810813036,0.8813177209236924,0.23132169208554804,0.6021501899950441,0.7864971978275632,conventional,NewOrleansMobile
2017-03-12,0.4292682926829268,0.5249408687299312,0.9805290717662659,0.17867910144266264,0.6060067138399646,0.7871741103276916,conventional,NewOrleansMobile
2017-03-05,0.33658536585365845,0.5597065873949156,0.9039401509346118,0.355874163429969,0.6264545693167314,0.849815884399597,conventional,NewOrleansMobile
2017-02-19,0.32682926829268294,0.48376797299695246,0.8318384971396162,0.17504545074527889,0.6403865865740526,0.8363523017554803,conventional,NewOrleansMobile
2017-01-22,0.3024390243902439,0.5869840327615142,0.9329644852217428,0.24625780597951846,0.8362233520418338,0.8590373798288662,conventional,NewOrleansMobile
2017-01-08,0.32195121951219513,0.5069322624387073,0.8349947757543872,0.22173707576352295,0.6712926316646856,0.8034577273126604,conventional,NewOrleansMobile
2015-12-20,0.3756097560975609,0.4392610986978414,0.8823868579106113,0.11190561548740345,0.4733963622515612,0.5559119759236866,conventional,Orlando
2015-12-06,0.3707317073170731,0.43704054755511057,0.9097719968324857,0.152723431329344,0.3765629701369248,0.36948260733509436,conventional,Orlando
2015-11-15,0.39024390243902435,0.44066796684040804,0.8714908240986747,0.14653036874972547,0.4500481429142123,0.4253570962584908,conventional,Orlando
2015-11-08,0.39024390243902435,0.4455869206442948,0.890616676276408,0.1488382605294817,0.44190524299154643,0.48096725966654813,conventional,Orlando
2015-10-25,0.39512195121951216,0.4616446952562123,0.9291962331608066,0.17133180957023364,0.42764054350541325,0.45593667594719073,conventional,Orlando
2015-10-18,0.39024390243902435,0.4490387587088582,0.8822104513169607,0.1707105903424783,0.4397180247946056,0.504664103445109,conventional,Orlando
2015-09-27,0.4097560975609756,0.4444940516425355,0.7677054830694747,0.29753949574116245,0.4127285203160776,0.4469301366504652,conventional,Orlando
2015-09-13,0.38536585365853654,0.4864256322049608,0.762779419768976,0.3634073676260329,0.5076220847770775,0.5773137566865233,conventional,Orlando
2015-08-30,0.39512195121951216,0.5231531646120948,0.829793405138397,0.3647943415770524,0.5651005535385734,0.6852669649374658,conventional,Orlando
2015-08-23,0.3756097560975609,0.5026304346742205,0.7646808702456169,0.3674989974621268,0.5654914663212606,0.728532789472853,conventional,Orlando
2015-08-16,0.38536585365853654,0.5273611396675251,0.8663537725915824,0.33258467725365554,0.575008232210588,0.6939343580393363,conventional,Orlando
2015-08-02,0.39024390243902435,0.5287576846710192,0.881294173132778,0.35059011575592774,0.5381835693203931,0.6665311308455765,conventional,Orlando
2015-07-26,0.38048780487804873,0.5266061448111938,0.862555312078873,0.362609659222144,0.5393144209663574,0.6880850061044781,conventional,Orlando
2015-07-12,0.38048780487804873,0.5390970113040789,0.8953112984319189,0.38249958552321145,0.521531863678701,0.6398417665285091,conventional,Orlando
2015-06-28,0.34634146341463407,0.6100961574047646,0.9722585493618885,0.37173537534592876,0.7212468554831077,0.953453564645757,conventional,Orlando
2015-06-14,0.38048780487804873,0.5624248016974404,0.9550048138412569,0.2617675274086061,0.6713795309421712,0.8662923792838096,conventional,Orlando
2015-02-15,0.39999999999999997,0.449666537349216,0.9364562862173434,0.15027738062005727,0.39631947175242077,0.3178917556350474,conventional,Orlando
2015-02-08,0.38536585365853654,0.4487534447161968,0.9256772512865503,0.17229622974908923,0.3786072912691411,0.2794943348633242,conventional,Orlando
2015-01-25,0.4097560975609756,0.4654341658608212,0.8989624843323091,0.208431449790211,0.43641486983283095,0.3463769695815608,conventional,Orlando
2015-01-18,0.43414634146341463,0.4195012048091683,0.7583876894840276,0.2458752828715519,0.38911915659294455,0.2900043405193383,conventional,Orlando
2015-01-11,0.4146341463414634,0.4435655841215361,0.80288561357806,0.27799071571993555,0.387697777352262,0.2876678808161771,conventional,Orlando
2016-11-27,0.49756097560975604,0.4860428853507562,0.5163801797571079,0.3448123093229646,0.8558984916411022,0.6840624746541114,conventional,Orlando
2016-11-20,0.49756097560975604,0.5255792999712467,0.5628166252786209,0.35649269032986686,0.9405604476464897,0.7550680661200158,conventional,Orlando
2016-11-13,0.4682926829268292,0.5503219754130503,0.6548784631231502,0.35664827853973813,0.9180887231798955,0.7423741552200993,conventional,Orlando
2016-11-06,0.5024390243902439,0.5196976585385418,0.6278584495192551,0.3793705337469127,0.8009510871385408,0.5251297057876095,conventional,Orlando
2016-10-30,0.5365853658536585,0.49010789591209625,0.5543772988530881,0.3753353010943605,0.7833090155276416,0.46200052405139874,conventional,Orlando
2016-10-23,0.5268292682926828,0.5192667663208335,0.5636706700153868,0.4870731420458008,0.7487691873917275,0.4368876069203609,conventional,Orlando
2016-10-09,0.4878048780487804,0.5871336304215616,0.6158211552007987,0.574323481775066,0.8455665873081863,0.5988013972455257,conventional,Orlando
2016-08-07,0.38536585365853654,0.7184091243195212,0.9672041169612048,0.5998366890602217,0.8808839540975331,0.8093037061840979,conventional,Orlando
2016-07-31,0.39024390243902435,0.7026720698708709,0.9270525768347598,0.5697304413008761,0.9083565399654956,0.9066000271991569,conventional,Orlando
2016-07-24,0.38048780487804873,0.7386146263901123,0.9816283499255554,0.6523795927216459,0.8774195040739506,0.8205251215797712,conventional,Orlando
2016-06-12,0.39024390243902435,0.6451465750668911,0.9635936350993952,0.4598971389056963,0.763932798725644,0.6748406725827133,conventional,Orlando
2016-03-20,0.3170731707317073,0.6406290156599165,0.9180328310028869,0.39910976053869235,0.8831402987495346,0.6115307253113605,conventional,Orlando
2016-03-06,0.3121951219512195,0.6405786738838442,0.9617482956445333,0.3638763286283724,0.8697645083166538,0.7061767384040596,conventional,Orlando
2016-02-21,0.2975609756097561,0.6519996897786888,0.9785368613755006,0.3583688885928903,0.9004097662641642,0.6565962325028084,conventional,Orlando
2015-12-27,0.39512195121951216,0.160393774602429,0.008352603275564996,0.32489390102719395,0.22382136938078503,0.2684984547536506,conventional,Pittsburgh
2015-12-20,0.38048780487804873,0.1513069742007403,0.007913672452919556,0.28854960047271616,0.23280173541340252,0.26208748775922946,conventional,Pittsburgh
2015-12-13,0.3658536585365853,0.14331192263040085,0.00820741432472673,0.27408216417815273,0.21853033762736035,0.2380381588531952,conventional,Pittsburgh
2015-12-06,0.3756097560975609,0.135706822147491,0.011521866815040176,0.29390180655199244,0.15713586411775216,0.1340023038023164,conventional,Pittsburgh
2015-11-29,0.39999999999999997,0.1201328952603108,0.009714809340264906,0.25406576931851516,0.1475203206324338,0.12184087695969234,conventional,Pittsburgh
2015-11-22,0.4195121951219512,0.13894732139470353,0.0106630452406887,0.30035581238159076,0.16297704957036657,0.19245044011578194,conventional,Pittsburgh
2015-11-15,0.39024390243902435,0.1415242185125644,0.007938094876067977,0.3044229987147677,0.17319320728085552,0.21023752346003938,conventional,Pittsburgh
2015-11-08,0.23902439024390243,0.27104769999692724,0.009576213770882686,0.6037745728055048,0.30842732759893365,0.20591540264948,conventional,Pittsburgh
2015-11-01,0.3512195121951219,0.17898436433195553,0.010250824340880512,0.42870340324411343,0.15929289530977,0.18398635074554667,conventional,Pittsburgh
2015-10-25,0.38048780487804873,0.15178783480438432,0.015483681717293297,0.2903779744909021,0.2198540110000374,0.20832208340021963,conventional,Pittsburgh
2015-10-18,0.38536585365853654,0.15385494456507265,0.011440996973099677,0.306261575238519,0.21202718152240924,0.21386770630614138,conventional,Pittsburgh
2015-10-11,0.25365853658536586,0.18443056697293517,0.006602262337192256,0.42383638298505477,0.19394329004951474,0.22918954025298896,conventional,Pittsburgh
2015-10-04,0.26829268292682923,0.1964767038489297,0.007185709316649836,0.49280815463597605,0.14819363373928304,0.2039305081474047,conventional,Pittsburgh
2015-09-27,0.32682926829268294,0.20091510454693204,0.005483607709950422,0.44616286599717453,0.23148449240863808,0.22018576073542595,conventional,Pittsburgh
2015-09-20,0.3658536585365853,0.1641635214221719,0.007652224694366495,0.3123459527935736,0.2538830714402264,0.2973369204329603,conventional,Pittsburgh
2015-09-13,0.3512195121951219,0.1644627387063925,0.009015641788313433,0.30466162398382335,0.2645679315230121,0.3232133764656152,conventional,Pittsburgh
2015-09-06,0.33170731707317075,0.2506810910644292,0.0077976154834126,0.5567367002546376,0.2894008513628495,0.35446281588547285,conventional,Pittsburgh
2015-08-30,0.45365853658536587,0.16346901576797995,0.010048851574237102,0.28855980297828143,0.25593114362039177,0.30785443882113883,conventional,Pittsburgh
2015-08-23,0.3707317073170731,0.18254725301598745,0.009499380693098951,0.3614422516929783,0.2594922277839943,0.2848351208269647,conventional,Pittsburgh
2015-08-16,0.38536585365853654,0.19241250596024007,0.008842060929572595,0.38096006994384374,0.2788542441901849,0.3271152442381561,conventional,Pittsburgh
