Practica_1/avocado_standarized.csv
Date,AveragePrice,Total Volume,4046,4225,Total Bags,Small Bags,type,region
2015-08-09,0.25365853658536586,0.3203375262336772,0.008787833731066737,0.7071980093778031,0.3732060501545476,0.4081231953152442,conventional,Pittsburgh
2015-08-02,0.4829268292682926,0.1638438994651889,0.008807613875434876,0.30255586934558015,0.2636127539559936,0.36282310689498626,conventional,Pittsburgh
2015-07-26,0.4829268292682926,0.151227178532123,0.009565516345867262,0.28509236810073274,0.23388418067869138,0.31500824637345853,conventional,Pittsburgh
2015-07-19,0.4878048780487804,0.1608582280041856,0.008725667563052575,0.30959361436512783,0.23802935659435567,0.3633802756436763,conventional,Pittsburgh
2015-07-12,0.5073170731707317,0.1510302701453478,0.00827328085988459,0.29009634282685925,0.21452002081652988,0.33402941096653443,conventional,Pittsburgh
2015-07-05,0.38536585365853654,0.2536745378259254,0.011004219091337844,0.47556443236518176,0.3706912404367256,0.48278564749248765,conventional,Pittsburgh
2015-06-28,0.3707317073170731,0.24513167899685093,0.010415793436086923,0.4448740203114882,0.3887517325152714,0.48361082146206663,conventional,Pittsburgh
2015-06-21,0.43902439024390244,0.1935686975363521,0.011307783755926474,0.3067335828223815,0.34857934864124096,0.4591926020746487,conventional,Pittsburgh
2015-06-14,0.4195121951219512,0.20345134606814808,0.010865421683747786,0.3152191625726752,0.3881463848248318,0.5219294352065947,conventional,Pittsburgh
2015-06-07,0.43414634146341463,0.18553531856669056,0.01166645025125493,0.31044311465490737,0.3351213923961435,0.4359560281319622,conventional,Pittsburgh
2015-05-31,0.4292682926829268,0.18213388817057657,0.009904873652645864,0.3224727189252227,0.3088515532598348,0.3692440397586052,conventional,Pittsburgh
2015-05-24,0.27804878048780485,0.3977377214112908,0.014512974496396852,0.8328056606901713,0.5203748440077589,0.4029326639948938,conventional,Pittsburgh
2015-05-17,0.473170731707317,0.18740022658631342,0.012261200170351448,0.3568400714742196,0.2841114272014029,0.38306501380426206,conventional,Pittsburgh
2015-05-10,0.49756097560975604,0.18016181718173166,0.014126656166594564,0.3420697482956856,0.27195955012788836,0.3590704205182834,conventional,Pittsburgh
2015-04-26,0.4878048780487804,0.1754764518545157,0.012245254951932232,0.313899071713695,0.2906446810006117,0.3489910937326795,conventional,Pittsburgh
2015-04-19,0.5121951219512194,0.16624800480627783,0.011605225994877347,0.30840310949697397,0.2611002663154733,0.4447414784535608,conventional,Pittsburgh
2015-04-12,0.5170731707317072,0.15211301368516583,0.011667459442294121,0.27460008303705924,0.24709653259379338,0.42206161329637065,conventional,Pittsburgh
2015-04-05,0.4146341463414634,0.1670641038602676,0.01518321190522485,0.34288524023358075,0.213001739503831,0.36264326128623187,conventional,Pittsburgh
2015-03-29,0.39512195121951216,0.1530078980579913,0.01726739323936195,0.36509538634196254,0.1263444046108953,0.2151828943981236,conventional,Pittsburgh
2015-03-22,0.38536585365853654,0.1502682028405457,0.017523324086900768,0.3309508593485417,0.1591005201363845,0.15400273003487594,conventional,Pittsburgh
2015-03-15,0.38536585365853654,0.1577511608205156,0.016489306948145745,0.316000008502088,0.21044638274389335,0.27078692496359774,conventional,Pittsburgh
2015-03-08,0.24878048780487802,0.3506603415548936,0.014456661636409998,0.8229411839724305,0.3367376475088442,0.3026869056604757,conventional,Pittsburgh
2015-03-01,0.39512195121951216,0.14364496466817797,0.005661561729861088,0.27684413830629906,0.21740689876662864,0.3064204269041058,conventional,Pittsburgh
2015-02-22,0.39999999999999997,0.1543217700924033,0.010065469586682446,0.30344738412008354,0.22178026343252502,0.29385576566163174,conventional,Pittsburgh
2015-02-15,0.4829268292682926,0.13206859651235603,0.011934625950069265,0.2305786095968735,0.21735161546471332,0.3033199683361337,conventional,Pittsburgh
2015-02-08,0.45853658536585357,0.14556983475092364,0.012814909653854203,0.26466319687009804,0.23319684579736605,0.31047285596206586,conventional,Pittsburgh
2015-02-01,0.39512195121951216,0.245956849234749,0.01806788357164819,0.5338293829326253,0.28463523425428405,0.31525080029762687,conventional,Pittsburgh
2015-01-25,0.4292682926829268,0.2166502481166476,0.012430475147325072,0.4963831409263592,0.21806806562297626,0.2698415472793867,conventional,Pittsburgh
2015-01-18,0.5024390243902439,0.1300880473709963,0.014445425976173673,0.2602375766782059,0.17289946450218102,0.1889153163297206,conventional,Pittsburgh
2015-01-11,0.5365853658536585,0.11983574260390466,0.010037279516987714,0.23918584005588708,0.16136785000023668,0.18652948724376409,conventional,Pittsburgh
2015-01-04,0.5268292682926828,0.12052207760334138,0.020271553124825495,0.2512145941174053,0.13329777578039437,0.17271311283004467,conventional,Pittsburgh
2016-12-25,0.39999999999999997,0.1770400779621034,0.144779084717551,0.16910709655112804,0.3066930037865042,0.4669437484945788,conventional,Pittsburgh
2016-12-18,0.28292682926829266,0.27119356375560805,0.31666746280626423,0.27173955553918117,0.32294299005498944,0.427123508243537,conventional,Pittsburgh
2016-12-11,0.3756097560975609,0.18463138497408246,0.15196694697508442,0.15914045307626798,0.3385837882744206,0.5118087117335537,conventional,Pittsburgh
2016-12-04,0.4048780487804878,0.1771337110299029,0.14876989704233018,0.16060536283368926,0.3093443695118038,0.4622007613617425,conventional,Pittsburgh
2016-11-27,0.4048780487804878,0.14795979519507077,0.12091407141977706,0.1330340834536615,0.2642073843665788,0.39354021557861607,conventional,Pittsburgh
2016-11-20,0.4048780487804878,0.18700952871861048,0.1467474781997916,0.17210705829173215,0.34004008798529517,0.5111966540437435,conventional,Pittsburgh
2016-11-13,0.39999999999999997,0.18937833770972198,0.15427005548532333,0.18866983416677413,0.31889159033805065,0.4760301680659514,conventional,Pittsburgh
2016-11-06,0.39512195121951216,0.20332823714367793,0.16747363824807127,0.19437034244993334,0.3500454725253153,0.5251252594767367,conventional,Pittsburgh
2016-10-30,0.39512195121951216,0.19050801858613103,0.17046050732706333,0.15125044458835016,0.34818968620787,0.5172440967940413,conventional,Pittsburgh
2016-10-23,0.4195121951219512,0.19830154930330124,0.16970078831276042,0.18596765805735793,0.33680900673054104,0.4941490381939637,conventional,Pittsburgh
2016-10-16,0.4048780487804878,0.19200797069335498,0.15672333162219387,0.171344350149991,0.3485823852038663,0.5242327775598064,conventional,Pittsburgh
2016-10-09,0.4146341463414634,0.19640701167812794,0.16548297528356587,0.19299286249714828,0.3279264358765944,0.4955701711415719,conventional,Pittsburgh
2016-10-02,0.4195121951219512,0.20294700581414568,0.1865914168974911,0.22106789058946394,0.28739421933145426,0.4235796451567946,conventional,Pittsburgh
2016-09-25,0.27804878048780485,0.3626139874976243,0.4228430391720866,0.4772717224805126,0.28540553874381513,0.3574498168656544,conventional,Pittsburgh
2016-09-18,0.4048780487804878,0.20034372978133594,0.18853471516255715,0.28607981476784344,0.1926146152795723,0.30866673382129295,conventional,Pittsburgh
2016-09-11,0.43414634146341463,0.1759818244224253,0.15146645549904833,0.21710825566912142,0.2333290255822363,0.371122069478667,conventional,Pittsburgh
2016-09-04,0.38536585365853654,0.2060305713833316,0.12596816742344782,0.26805134977731615,0.3213571005685428,0.5344821374060315,conventional,Pittsburgh
2016-08-28,0.4682926829268292,0.1958393708138985,0.06989280372781714,0.31100928286304985,0.3031310265162473,0.46783239738489457,conventional,Pittsburgh
2016-08-21,0.4780487804878048,0.19738030797965253,0.012125026659463287,0.36637402952208353,0.316451801579209,0.39949689225868146,conventional,Pittsburgh
2016-08-14,0.4780487804878048,0.2049938646509515,0.010387199689976513,0.36921542732202656,0.34615206337556265,0.44529236103860304,conventional,Pittsburgh
2016-08-07,0.45365853658536587,0.2149738581877879,0.011293991478390867,0.3786292933772986,0.3736712694108916,0.42798271948945316,conventional,Pittsburgh
2016-07-31,0.4780487804878048,0.2074925475172444,0.00964140751201442,0.3740278216658708,0.3517588976420287,0.4250038445256944,conventional,Pittsburgh
2016-07-24,0.44390243902439025,0.22916492372177633,0.010421444905906392,0.3918673277512403,0.4137781885671452,0.4797060405892987,conventional,Pittsburgh
2016-07-17,0.39512195121951216,0.24944965039371686,0.00952945458606684,0.3891621050603011,0.5017456216116091,0.5990986867897498,conventional,Pittsburgh
2016-07-10,0.4146341463414634,0.2456250152238846,0.010340440505160668,0.40774207215722064,0.4602471529769343,0.5804457993937993,conventional,Pittsburgh
2016-07-03,0.44878048780487806,0.28120681097873307,0.009968116291101827,0.48318308254535514,0.5105826440261748,0.6204730230820263,conventional,Pittsburgh
2016-06-26,0.4634146341463414,0.24311585546963946,0.009521111940142862,0.4220470477208028,0.43310608829913283,0.5054245759254344,conventional,Pittsburgh
2016-06-19,0.4780487804878048,0.2285220776911979,0.013883441126149554,0.41981128198733475,0.37187764331660156,0.42573043305074726,conventional,Pittsburgh
2016-06-12,0.473170731707317,0.22475509835129148,0.022722945438422865,0.3984524782877929,0.37175778840356377,0.4408107863208786,conventional,Pittsburgh
2016-06-05,0.45853658536585357,0.24391910551010287,0.013592323151044278,0.4364055864386029,0.4128733822154421,0.47115977112844765,conventional,Pittsburgh
2016-05-29,0.4682926829268292,0.25786410694403084,0.00899135392397024,0.48477013896662796,0.4122749114462424,0.4483552559457526,conventional,Pittsburgh
2016-05-22,0.3560975609756097,0.24989262288055247,0.007286695699971541,0.4885785075718179,0.37759620522554915,0.336720962255267,conventional,Pittsburgh
2016-05-15,0.20975609756097557,0.36383394093060284,0.010121244211448397,0.8007430116379415,0.4311946614371104,0.2529929421714341,conventional,Pittsburgh
2016-05-08,0.2195121951219512,0.31788378196853784,0.012431618897169488,0.689798273792739,0.3821388136024787,0.3753825552212645,conventional,Pittsburgh
2016-05-01,0.23414634146341462,0.37206949967720426,0.013329058848620673,0.8108741705150424,0.4476130876206397,0.5498907510754323,conventional,Pittsburgh
2016-04-24,0.28292682926829266,0.24014867780246374,0.008752041088876764,0.3709347620619831,0.4869771206616562,0.6516155977198704,conventional,Pittsburgh
2016-04-17,0.3560975609756097,0.23542713756024292,0.008748138883525226,0.459910671395717,0.35061634629889005,0.4237679234241009,conventional,Pittsburgh
2016-04-10,0.3609756097560975,0.22535232489282003,0.011686095836817846,0.40615699955647444,0.37529717007546126,0.4325772918317743,conventional,Pittsburgh
2016-04-03,0.39999999999999997,0.19308047895060326,0.010707584205218326,0.40869820280030444,0.24096276540115538,0.23091302233995237,conventional,Pittsburgh
2016-03-27,0.34634146341463407,0.2054153562228662,0.008387857682534066,0.3791049143485488,0.3335637250799799,0.30834598615418796,conventional,Pittsburgh
2016-03-20,0.3560975609756097,0.19283792911065256,0.00980388726932416,0.36003614804402384,0.30708079069590066,0.35682595345387125,conventional,Pittsburgh
2016-03-13,0.3560975609756097,0.19993552650546126,0.010972934169122926,0.37359634070133724,0.3163251590555968,0.4103975599872498,conventional,Pittsburgh
2016-03-06,0.3609756097560975,0.2184638699027936,0.010463898208955023,0.412791107949594,0.3423044705971873,0.5125098489618861,conventional,Pittsburgh
2016-02-28,0.3756097560975609,0.21173254626792498,0.008143768009855088,0.4163732501640195,0.313681027494199,0.4557721624448945,conventional,Pittsburgh
2016-02-21,0.38536585365853654,0.18597200931358002,0.009104854276177911,0.4102448743037144,0.21548511186741368,0.28792285374657656,conventional,Pittsburgh
2016-02-14,0.34146341463414626,0.19140316652846476,0.016316668001041486,0.37474121769737956,0.2731034411310088,0.29253797111155166,conventional,Pittsburgh
2016-02-07,0.3609756097560975,0.23220616442076528,0.022864972257338335,0.5107186531559043,0.25527542471463677,0.33603117078571376,conventional,Pittsburgh
2016-01-31,0.38048780487804873,0.1943103821325176,0.015199493520657132,0.43657576989949115,0.207354090263253,0.2676073527263015,conventional,Pittsburgh
2016-01-24,0.3707317073170731,0.211741287989948,0.0007188131375143894,0.4509936106808898,0.2767301686337192,0.36954485568731454,conventional,Pittsburgh
2016-01-17,0.38048780487804873,0.20841009886777787,0.010531379449775589,0.40067102729311943,0.31794454004158834,0.35537246976163633,conventional,Pittsburgh
2016-01-10,0.38536585365853654,0.241761305874457,0.01189109617657883,0.48028776733752865,0.3482023683223643,0.35661268385303807,conventional,Pittsburgh
2016-01-03,0.4048780487804878,0.1986373588209148,0.010170492734160916,0.4324891704654469,0.23736818973800805,0.2566182187434695,conventional,Pittsburgh
2017-12-31,0.27804878048780485,0.3311807099099741,0.5159643930489612,0.2158033268670231,0.3701481422801066,0.431534861913683,conventional,Pittsburgh
2017-12-24,0.4146341463414634,0.19297841165854035,0.19997544301804637,0.1302786984436928,0.3467560714060205,0.49967534264574814,conventional,Pittsburgh
2017-12-17,0.27804878048780485,0.31147506741174547,0.4495143436322401,0.20848480039222966,0.3881689804231914,0.4677148001283604,conventional,Pittsburgh
2017-12-10,0.4048780487804878,0.20503952806825276,0.23036252160509818,0.13682757340490204,0.34216228801778636,0.4890984890055764,conventional,Pittsburgh
2017-12-03,0.3609756097560975,0.20605301871978274,0.24651173117303657,0.1462500832496114,0.31406095506503556,0.42595658162100536,conventional,Pittsburgh
2017-11-26,0.28292682926829266,0.27243080295550154,0.40464523907399325,0.18582021768179238,0.31769589914896756,0.3591392616762807,conventional,Pittsburgh
2017-11-19,0.5170731707317072,0.19547729220196444,0.18951262127953314,0.12420842018452366,0.37053208883088856,0.5493187101834778,conventional,Pittsburgh
2017-11-12,0.521951219512195,0.192698830302683,0.2022553401343839,0.1100524437126351,0.36671852341605077,0.5397361436471186,conventional,Pittsburgh
2017-11-05,0.5365853658536585,0.187455729931922,0.19933393391413398,0.12211350570844358,0.33494143140525595,0.5007360177705247,conventional,Pittsburgh
2017-10-29,0.5268292682926828,0.1983553174829806,0.20815924227245602,0.14297217408308524,0.34123006329178923,0.4965017499299706,conventional,Pittsburgh
2017-10-22,0.5365853658536585,0.2192847132079315,0.24086564370577643,0.15740673563749363,0.36453380591774254,0.5263582674781031,conventional,Pittsburgh
2017-10-15,0.5463414634146341,0.2149793492192094,0.23460132580790788,0.15239893497178017,0.3611710807421109,0.4971378790269203,conventional,Pittsburgh
2017-10-08,0.5658536585365853,0.18622529961099116,0.24097477089681424,0.0731896574933861,0.3347608452397102,0.4590467937422314,conventional,Pittsburgh
2017-10-01,0.43414634146341463,0.23212199789113644,0.29349542735540146,0.16187444116484276,0.3384169559513546,0.40720372889094747,conventional,Pittsburgh
2017-09-24,0.4292682926829268,0.22530551934098308,0.2961548475818774,0.1777076670412309,0.2858362840832943,0.35569919695026003,conventional,Pittsburgh
2017-09-17,0.4146341463414634,0.22958760135647804,0.2898633488053533,0.1732866521469898,0.3154847456936853,0.4206335809008563,conventional,Pittsburgh
2017-09-10,0.424390243902439,0.21961786506633704,0.2878293579055653,0.16847276993775057,0.28679315855295645,0.3663180605621272,conventional,Pittsburgh
2017-09-03,0.424390243902439,0.23030007366548114,0.29095859020048587,0.1981465448222993,0.28440043651480845,0.3599754747625095,conventional,Pittsburgh
2017-08-27,0.4097560975609756,0.23414291709550708,0.2894764249609275,0.18770449292838834,0.3163748157855887,0.4232937013713496,conventional,Pittsburgh
2017-08-20,0.4146341463414634,0.22849901535922756,0.2833006467568973,0.17789605914052395,0.31543124860507904,0.40941063229453717,conventional,Pittsburgh
2017-08-13,0.4048780487804878,0.23467370215683542,0.2997743448836369,0.1848242689267106,0.31259393807430663,0.4052614576448259,conventional,Pittsburgh
2017-08-06,0.4146341463414634,0.2317449177813589,0.27933600611973447,0.20066457987640798,0.30630941447838417,0.4112650505706533,conventional,Pittsburgh
2017-07-30,0.4146341463414634,0.22901291000790336,0.27761594091253744,0.19781156255623777,0.30100587923179606,0.40943363045422443,conventional,Pittsburgh
2017-07-23,0.4146341463414634,0.23046544156777116,0.28744048295846375,0.18181297106881167,0.31489556323369267,0.41383808467646416,conventional,Pittsburgh
2017-07-16,0.39999999999999997,0.23339165614054247,0.2998784261194788,0.18666730904664672,0.3026537503200671,0.39065057347444393,conventional,Pittsburgh
2017-07-09,0.39512195121951216,0.2558621208160015,0.3050414474759796,0.2190485738455936,0.34694916106472956,0.4613953658094946,conventional,Pittsburgh
2017-07-02,0.39512195121951216,0.27407754131468515,0.34262735486319074,0.21493072923825543,0.37356400730168277,0.5080019030210535,conventional,Pittsburgh
2017-06-25,0.39999999999999997,0.2638480353100556,0.3175697468747035,0.21233114499035724,0.36957289228392465,0.47190261168634623,conventional,Pittsburgh
2017-06-18,0.4146341463414634,0.26282127832661123,0.3219834775243064,0.23016604577807567,0.3381030289622877,0.42397751331938416,conventional,Pittsburgh
2017-06-11,0.43414634146341463,0.2576015697497058,0.3496740649340426,0.21182909669566352,0.30149172925185974,0.368810447787968,conventional,Pittsburgh
2017-06-04,0.43414634146341463,0.27119723176459765,0.344601534374056,0.19398696913316962,0.38437908233469864,0.5243404089471427,conventional,Pittsburgh
2017-05-28,0.4292682926829268,0.31538371536232673,0.4040926733403349,0.21049426888420017,0.4645314749093742,0.6800465360095219,conventional,Pittsburgh
2017-05-21,0.28292682926829266,0.4558888862995625,0.7093422160085957,0.34463829992248934,0.4438274764440887,0.5353404287255601,conventional,Pittsburgh
2017-05-14,0.43414634146341463,0.25867818529845743,0.34358864296772135,0.14368486160726304,0.39973194296870973,0.6338564188093668,conventional,Pittsburgh
