Practica_1/avocado_standarized.csv
Date,AveragePrice,Total Volume,4046,4225,Total Bags,Small Bags,type,region
2017-05-07,0.28780487804878047,0.4714676013661423,0.7239116379237845,0.35662496864855064,0.4744521036278796,0.5848298619144495,conventional,Pittsburgh
2017-04-30,0.2975609756097561,0.45130875109850827,0.685537619614368,0.38062671724464336,0.4135251714519172,0.4799257496748443,conventional,Pittsburgh
2017-04-23,0.43902439024390244,0.25806672600348435,0.32435110698165087,0.17279147637340603,0.38819872087478724,0.5478695194810512,conventional,Pittsburgh
2017-04-16,0.43414634146341463,0.2546226852035395,0.2997377448886156,0.16326042320559891,0.41970868468521244,0.616614238528633,conventional,Pittsburgh
2017-04-09,0.44878048780487806,0.26161909387131266,0.3268483165684275,0.1786337569734834,0.39240757529491943,0.557844741263804,conventional,Pittsburgh
2017-04-02,0.45365853658536587,0.2698521706717115,0.3388552005969029,0.1916344413915651,0.391579218872844,0.54190027047369,conventional,Pittsburgh
2017-03-26,0.43902439024390244,0.25830268660572925,0.2900808631140002,0.1922711769298677,0.40970151393188325,0.58938993701724,conventional,Pittsburgh
2017-03-19,0.43902439024390244,0.24203047623473917,0.25464863668382515,0.20358993579506568,0.37995088092021423,0.5428901112666298,conventional,Pittsburgh
2017-03-12,0.43902439024390244,0.23839793930815684,0.2516433330485172,0.20818070904579652,0.3615258227052897,0.5142046600097726,conventional,Pittsburgh
2017-03-05,0.28292682926829266,0.38323573171409114,0.5394270755191111,0.3355018853380076,0.39410546035584404,0.435761463701008,conventional,Pittsburgh
2017-02-26,0.43414634146341463,0.2280347157063508,0.25479907342806724,0.18759991724634376,0.33994416833059876,0.48049288429273224,conventional,Pittsburgh
2017-02-19,0.43414634146341463,0.20095993332745718,0.21861728717338372,0.17507981335082876,0.29617256463881736,0.4253908268926987,conventional,Pittsburgh
2017-02-12,0.4097560975609756,0.21992872333717128,0.20907430942739172,0.2000997578321943,0.3553062279631515,0.5249038638594806,conventional,Pittsburgh
2017-02-05,0.28292682926829266,0.34680715302166953,0.45740978336705157,0.3396717343834357,0.3494344982629522,0.42534253075735545,conventional,Pittsburgh
2017-01-29,0.39999999999999997,0.23532469687804333,0.23341761199833952,0.21497841178162672,0.3647055503274084,0.5425922084381474,conventional,Pittsburgh
2017-01-22,0.2926829268292683,0.34971070061673293,0.46242653930227223,0.32390418713662433,0.3728213891184421,0.47074212454852693,conventional,Pittsburgh
2017-01-15,0.3121951219512195,0.36912599933751805,0.5014811560485193,0.339717149703348,0.37736042506875356,0.45806845202913526,conventional,Pittsburgh
2017-01-08,0.28292682926829266,0.3353840505348847,0.4396301247561963,0.33509895721891036,0.3351316631226706,0.4266339540843275,conventional,Pittsburgh
2017-01-01,0.28292682926829266,0.309604888001958,0.3950921021382067,0.2990169460783411,0.3354747053886751,0.43387515464345877,conventional,Pittsburgh
2018-03-25,0.4097560975609756,0.28995569330674237,0.29687850483637984,0.09370285769346856,0.655187507295565,0.6001317641229016,conventional,Pittsburgh
2018-03-18,0.2634146341463414,0.43524583688118024,0.4937631320983975,0.1588659773362675,0.8916295454328267,0.5545469584857153,conventional,Pittsburgh
2018-03-11,0.38536585365853654,0.2955070162532554,0.27448724685283776,0.11001113773524215,0.6895765790281946,0.736295741614756,conventional,Pittsburgh
2018-03-04,0.38536585365853654,0.2647297851357209,0.24187173989244715,0.1016818547021506,0.6194309999641864,0.6623833360854465,conventional,Pittsburgh
2018-02-25,0.2634146341463414,0.4044519130281244,0.45238925978528455,0.15521624352247174,0.8302000621423609,0.5209484870354008,conventional,Pittsburgh
2018-02-18,0.3756097560975609,0.2655863421092242,0.22153862611423103,0.12950741736324747,0.6140858459474972,0.6148781841143738,conventional,Pittsburgh
2018-02-11,0.38048780487804873,0.25653576055079175,0.22567711672774513,0.14942589650975122,0.5461677641905492,0.5774092757097576,conventional,Pittsburgh
2018-02-04,0.2634146341463414,0.44481699018249704,0.5260570435142993,0.2158554730065792,0.8150846785677891,0.5940128737565087,conventional,Pittsburgh
2018-01-28,0.38536585365853654,0.26251916177780005,0.2527194670933078,0.13683309976208324,0.5476078986709768,0.6514970805369487,conventional,Pittsburgh
2018-01-21,0.27804878048780485,0.4025207392413068,0.5585346949787364,0.22901295009699466,0.5830668228650665,0.5596749348117164,conventional,Pittsburgh
2018-01-14,0.4195121951219512,0.25785721020856545,0.2710869458447905,0.16046663709829406,0.47318871495438325,0.6571317829813925,conventional,Pittsburgh
2018-01-07,0.4195121951219512,0.24346181241331996,0.27301577903829477,0.17087517659545226,0.401821812540307,0.5672618743714795,conventional,Pittsburgh
2015-12-27,0.25365853658536586,0.4576036695201214,0.31920409812297196,0.610821032465223,0.4742359718174836,0.8064185103907986,conventional,RaleighGreensboro
2015-12-20,0.2634146341463414,0.41621943496979175,0.2904422207854332,0.5571017940822635,0.41860757349084393,0.714744166171823,conventional,RaleighGreensboro
2015-12-13,0.2634146341463414,0.45585055890024045,0.3434121018152656,0.6136695861892083,0.41020084986243033,0.698742813266749,conventional,RaleighGreensboro
2015-12-06,0.2585365853658536,0.4618944054011367,0.36355938988346537,0.598818493174949,0.40478576559469154,0.6917985956097127,conventional,RaleighGreensboro
2015-11-29,0.2634146341463414,0.40776234605152123,0.3302395348571221,0.5161044424826664,0.37458188095584916,0.6379166672416205,conventional,RaleighGreensboro
2015-11-22,0.28292682926829266,0.3931544892685149,0.2968402228562932,0.5358480620198978,0.303346533151985,0.5147457300466817,conventional,RaleighGreensboro
2015-11-15,0.27317073170731704,0.5247357457601495,0.3524114619881467,0.7962137368235349,0.3197871976912121,0.5315860558171468,conventional,RaleighGreensboro
2015-11-08,0.3073170731707317,0.4908539513692733,0.41120477899052643,0.4856559856824839,0.3701678799371717,0.6064113349649761,conventional,RaleighGreensboro
2015-11-01,0.33170731707317075,0.5039575291122955,0.3810623283113745,0.427585236974447,0.4358340825753909,0.717689157180309,conventional,RaleighGreensboro
2015-10-25,0.38048780487804873,0.43738946965575864,0.35481797894020145,0.3554606077009079,0.41286025354762057,0.6888094481346269,conventional,RaleighGreensboro
2015-10-18,0.38536585365853654,0.4777122878323115,0.33508035515451057,0.45878853748499737,0.4461370502527,0.7454399632274759,conventional,RaleighGreensboro
2015-10-11,0.3560975609756097,0.4887506227653287,0.3221865940407942,0.3864595038464863,0.45330048010734425,0.745471394045715,conventional,RaleighGreensboro
2015-10-04,0.4146341463414634,0.4120648107756528,0.3257510567912166,0.402639969165761,0.3260777051017199,0.5259050504111994,conventional,RaleighGreensboro
2015-09-27,0.33170731707317075,0.4892845706607558,0.3167294944154732,0.5032543158724064,0.31642590148622773,0.5150627980082367,conventional,RaleighGreensboro
2015-09-20,0.38048780487804873,0.47538004911046716,0.33740095630942873,0.4519607231876029,0.49425808335203647,0.7988091859556065,conventional,RaleighGreensboro
2015-02-22,0.32682926829268294,0.5680887566804712,0.4434435212962858,0.48944628735073525,0.48553805790921406,0.8249599333727982,conventional,RaleighGreensboro
2015-02-15,0.3756097560975609,0.5063776023727582,0.44408307929752233,0.39057713590162524,0.5447671050242519,0.760755357689611,conventional,RaleighGreensboro
2015-02-08,0.34146341463414626,0.4884806616965218,0.4580255917391659,0.3377552929040157,0.652167288521945,0.9513752976153514,conventional,RaleighGreensboro
2015-02-01,0.26829268292682923,0.7560145628303254,0.5349244014992542,0.8170240141474745,0.5449235773101253,0.6315587493355449,conventional,RaleighGreensboro
2015-01-25,0.3512195121951219,0.5121872234373387,0.41147241645411986,0.42067445646860113,0.6848005125717711,0.9690849538219951,conventional,RaleighGreensboro
2015-01-18,0.38048780487804873,0.4489916017310103,0.3270689930089973,0.39592133584806205,0.5400300673286313,0.7098604303017005,conventional,RaleighGreensboro
2015-01-11,0.39024390243902435,0.45174959306515244,0.2959404281257506,0.3839055474706997,0.5922733235026106,0.7791500524128059,conventional,RaleighGreensboro
2015-01-04,0.3707317073170731,0.4854113508449061,0.35870793944046414,0.5113896804490237,0.4971373698955717,0.6752357809661405,conventional,RaleighGreensboro
2016-11-27,0.5121951219512194,0.3858583361775046,0.4324831683754514,0.29429509897138906,0.5627895507593148,0.9421981119737466,conventional,RaleighGreensboro
2016-11-20,0.5463414634146341,0.40247760169845953,0.4442244333224116,0.2893378857291036,0.5842712664993639,0.9702172298839313,conventional,RaleighGreensboro
2016-11-13,0.5024390243902439,0.4641549532167418,0.5907298402316026,0.28314028870256724,0.5424593174289496,0.902332335366524,conventional,RaleighGreensboro
2016-10-30,0.4780487804878048,0.4653576208828054,0.5673891353183896,0.3033766042377241,0.5443745846495864,0.9048921838607807,conventional,RaleighGreensboro
2016-02-28,0.3121951219512195,0.6171389103777353,0.4012351825525671,0.9685730945758096,0.5857078285531734,0.9802493337816441,conventional,RaleighGreensboro
2016-01-24,0.25365853658536586,0.5324727627819297,0.13598210098772892,0.9583575524755955,0.5380873817337004,0.9064601983882582,conventional,RaleighGreensboro
2016-01-17,0.27317073170731704,0.597785045316494,0.3202773391534502,0.9938585876048059,0.5070907756282983,0.8613111312166134,conventional,RaleighGreensboro
2016-01-10,0.26829268292682923,0.5664669915321926,0.2830429666448906,0.8529467528400517,0.5883367773014443,0.9873281673333834,conventional,RaleighGreensboro
2016-01-03,0.23414634146341462,0.6155473898305264,0.44360156061302297,0.9050744003548206,0.5118658596674017,0.8685014291823034,conventional,RaleighGreensboro
