Practica_1/avocado_standarized.csv
Date,AveragePrice,Total Volume,4046,4225,Total Bags,Small Bags,type,region
2015-12-27,0.2634146341463414,0.3547053427977337,0.3151209784578081,0.4816070788384448,0.3641980871263052,0.6250915135104222,conventional,RichmondNorfolk
2015-12-20,0.26829268292682923,0.3487589511225063,0.30678284025380487,0.5232398906631488,0.30361768033229997,0.5210240743202396,conventional,RichmondNorfolk
2015-12-13,0.2634146341463414,0.38282638630368077,0.38890636658258987,0.5321851499697469,0.30692351461403816,0.5269005640835287,conventional,RichmondNorfolk
2015-12-06,0.2634146341463414,0.3879889442255512,0.4405081209602924,0.5490540718624816,0.23876063232308384,0.40979086853469987,conventional,RichmondNorfolk
2015-11-29,0.26829268292682923,0.30937617556118946,0.31458005206080175,0.4636622885636998,0.20756155893910003,0.35632428693055984,conventional,RichmondNorfolk
2015-11-22,0.27804878048780485,0.3254168181550719,0.2991415821020642,0.4923635662858204,0.24776279015807182,0.42525743756651263,conventional,RichmondNorfolk
2015-11-15,0.24390243902439018,0.4367559144503455,0.3863281525950675,0.71892706483834,0.2688362668463359,0.45178550812363993,conventional,RichmondNorfolk
2015-11-08,0.24878048780487802,0.44531695957548795,0.5626964642655545,0.5400417169116449,0.2738149792026719,0.45663842645978137,conventional,RichmondNorfolk
2015-11-01,0.27317073170731704,0.46733050454430075,0.48455116901326006,0.6651512167196395,0.27294500401049543,0.455008776864342,conventional,RichmondNorfolk
2015-10-25,0.28292682926829266,0.3958628197144809,0.4616301530135454,0.4968883775040421,0.25351841599318237,0.4226808770762163,conventional,RichmondNorfolk
2015-10-18,0.27317073170731704,0.4769217110923689,0.47368332527101825,0.7514000813366417,0.2461102749151973,0.4178353181511749,conventional,RichmondNorfolk
2015-10-11,0.27804878048780485,0.4220338881420232,0.415496935759608,0.6028240393703354,0.26245082219845167,0.4406666645201718,conventional,RichmondNorfolk
2015-10-04,0.2926829268292683,0.4409006767520514,0.45257313439262514,0.6474456893705479,0.27520661799175855,0.4664816388059294,conventional,RichmondNorfolk
2015-09-27,0.2585365853658536,0.4471689746533331,0.416148065818094,0.7190285230881284,0.21350402268633797,0.3547780439942529,conventional,RichmondNorfolk
2015-09-20,0.2926829268292683,0.42974547070625885,0.5161177228075157,0.5145724370810064,0.3099988380682424,0.5223674734881047,conventional,RichmondNorfolk
2015-09-13,0.27804878048780485,0.5032774099604279,0.5800034850730553,0.6326310844838312,0.39495659099760994,0.6670634615818043,conventional,RichmondNorfolk
2015-09-06,0.2634146341463414,0.5551846790910551,0.4847758822179867,0.8003205287165106,0.4318696714466032,0.7406066699876009,conventional,RichmondNorfolk
2015-08-30,0.3024390243902439,0.4679155629601992,0.4752584706449875,0.6103949361564045,0.4087462470541993,0.7017012965289184,conventional,RichmondNorfolk
2015-08-23,0.2926829268292683,0.5095454882204528,0.5156996485996802,0.6823546957740373,0.4193989552974219,0.7199889731490352,conventional,RichmondNorfolk
2015-08-16,0.2975609756097561,0.4889475311521038,0.4735270352187489,0.6735889722250956,0.39897056954572396,0.6849192327629943,conventional,RichmondNorfolk
2015-08-09,0.3024390243902439,0.47551416206190605,0.4853099461159264,0.6188025092495633,0.39632581280966794,0.680378936077535,conventional,RichmondNorfolk
2015-08-02,0.2975609756097561,0.517081797061714,0.517239405007875,0.7220016324008905,0.3904028187874988,0.6702108363955384,conventional,RichmondNorfolk
2015-07-26,0.28780487804878047,0.48935698638314257,0.498928642792795,0.6157669095902135,0.44702131515134896,0.7674087252871359,conventional,RichmondNorfolk
2015-07-19,0.28292682926829266,0.4945780128075892,0.5040654924616793,0.5955211709075554,0.48122274517586205,0.8260620051850117,conventional,RichmondNorfolk
2015-07-12,0.28292682926829266,0.5150241318750706,0.5407634462932077,0.6417222254498668,0.45459780683371276,0.7779622741254912,conventional,RichmondNorfolk
2015-07-05,0.27804878048780485,0.6314409167105638,0.6383490576510473,0.8361986314472397,0.5310128159911818,0.9031486167143572,conventional,RichmondNorfolk
2015-06-28,0.27317073170731704,0.5186304875638352,0.5276013076424693,0.6444961025011726,0.495063397622425,0.8498152711153386,conventional,RichmondNorfolk
2015-06-21,0.27804878048780485,0.5816939730900365,0.6424268622434048,0.7063568694745285,0.5235326905168417,0.8987570414615422,conventional,RichmondNorfolk
2015-06-14,0.2634146341463414,0.6352166158083675,0.6878801538545379,0.8060837398984568,0.5562865732756946,0.9549861620073162,conventional,RichmondNorfolk
2015-06-07,0.28292682926829266,0.5459440199889358,0.5701079632573727,0.6446869035253908,0.5589365100303468,0.9460090603549904,conventional,RichmondNorfolk
2015-05-31,0.28292682926829266,0.5941659065065802,0.689524798851406,0.6949801547096608,0.5229728019551175,0.8216123212487203,conventional,RichmondNorfolk
2015-05-24,0.28780487804878047,0.615338467067001,0.612528299398724,0.8260446586340829,0.5318779684074239,0.8632734875221951,conventional,RichmondNorfolk
2015-05-17,0.2926829268292683,0.576393612243612,0.6141023683022514,0.7360196624954479,0.500821077602841,0.8066604510307085,conventional,RichmondNorfolk
2015-05-10,0.3024390243902439,0.5775315735954046,0.4859237361059624,0.8195980212807262,0.5723629396105394,0.8828176302665594,conventional,RichmondNorfolk
2015-05-03,0.26829268292682923,0.6428013555467664,0.6035817535568939,0.9099317849141786,0.47720840938508624,0.7956691705529724,conventional,RichmondNorfolk
2015-04-26,0.32682926829268294,0.517170707842491,0.516471881582869,0.69107004445175,0.44752297315919776,0.7604073188730105,conventional,RichmondNorfolk
2015-04-19,0.32195121951219513,0.5085939364033573,0.5106391610527612,0.6457565370428888,0.4799125577136684,0.8127250657402395,conventional,RichmondNorfolk
2015-04-12,0.32682926829268294,0.4677214000891348,0.4077770279862131,0.6823064464248012,0.41313068624261184,0.6824417176804178,conventional,RichmondNorfolk
2015-04-05,0.34146341463414626,0.4876872076561144,0.4704810275448602,0.6772333213831764,0.4177946678138919,0.702046728887421,conventional,RichmondNorfolk
2015-03-29,0.34634146341463407,0.45217431336354297,0.36799061317774745,0.6830408142733053,0.3867124127803205,0.6504353321647202,conventional,RichmondNorfolk
2015-03-22,0.33170731707317075,0.4678411924306264,0.4161465183918339,0.6516852555373391,0.436491587694455,0.7484803199381318,conventional,RichmondNorfolk
2015-03-15,0.3512195121951219,0.4613342103755147,0.44802349934974456,0.6214452415939148,0.39474537127381387,0.6776657665186965,conventional,RichmondNorfolk
2015-03-08,0.3658536585365853,0.38976836786800406,0.3411931598376952,0.46027937861073054,0.46055804340337575,0.7906474457247263,conventional,RichmondNorfolk
2015-03-01,0.33658536585365845,0.4276719034926189,0.36265515471235027,0.5950458333392376,0.4203759246668109,0.72121891472911,conventional,RichmondNorfolk
2015-02-22,0.32195121951219513,0.49583104421385094,0.5082998562239166,0.6367703968632964,0.38748816522044416,0.6599899942673253,conventional,RichmondNorfolk
2015-02-15,0.33658536585365845,0.45502020512868047,0.47686261344148273,0.551608595044133,0.42489325812541734,0.6399349857357748,conventional,RichmondNorfolk
2015-02-08,0.3024390243902439,0.4674038207958407,0.5018651195992301,0.574875550687323,0.44004597355814845,0.6588120285281439,conventional,RichmondNorfolk
2015-02-01,0.2585365853658536,0.6773221083179747,0.6689589656195525,0.9933515797587958,0.4210253918259842,0.6161846329056748,conventional,RichmondNorfolk
2015-01-25,0.3560975609756097,0.426107376855878,0.36362478546280497,0.5328363390576002,0.5018309132971166,0.7034102131147465,conventional,RichmondNorfolk
2015-01-18,0.3609756097560975,0.3930564414114525,0.3663995898647617,0.47444194420079666,0.4256289100767527,0.564200819317105,conventional,RichmondNorfolk
2015-01-11,0.34634146341463407,0.4269299553269451,0.4826833582379256,0.4736369381713993,0.401142426308207,0.5544172488650791,conventional,RichmondNorfolk
2015-01-04,0.33658536585365845,0.40109438891925675,0.3787409870830275,0.5696121914273448,0.3237129373018587,0.4872291985861958,conventional,RichmondNorfolk
2016-12-25,0.3707317073170731,0.38660966302484623,0.3848213630941528,0.4150358717261648,0.5192757869586958,0.8800178343062321,conventional,RichmondNorfolk
2016-12-18,0.34634146341463407,0.3824493281580289,0.43233488457209296,0.38471388348455243,0.4711852981069443,0.7909312430152672,conventional,RichmondNorfolk
2016-12-11,0.32195121951219513,0.409435792787539,0.45288450346791687,0.366474708413808,0.5766060893262055,0.9808020562194614,conventional,RichmondNorfolk
2016-12-04,0.3609756097560975,0.4036724281716533,0.5543394205494171,0.3489351134816192,0.44221506169000246,0.7585444679383422,conventional,RichmondNorfolk
2016-11-27,0.3756097560975609,0.3384991785526814,0.31885155405328125,0.34424592856262287,0.5010657888261819,0.8597394369835859,conventional,RichmondNorfolk
2016-11-20,0.4146341463414634,0.3888258872348169,0.4141086252866944,0.34954329617448554,0.5631716217861221,0.9668058361969875,conventional,RichmondNorfolk
2016-11-13,0.43414634146341463,0.3899878114477331,0.5478516004760691,0.3348888139445579,0.3927002463456085,0.6741548674608391,conventional,RichmondNorfolk
2016-11-06,0.4634146341463414,0.3725965069089146,0.4943715397362244,0.30679699422849926,0.4166240729218011,0.7152252876724805,conventional,RichmondNorfolk
2016-10-30,0.4097560975609756,0.38287022669855014,0.5442876759608677,0.3077159282367095,0.3942395156646888,0.6762391140127634,conventional,RichmondNorfolk
2016-10-23,0.43902439024390244,0.3919021607142751,0.4738859708316878,0.38876619116378003,0.42286840671826975,0.718321146608515,conventional,RichmondNorfolk
2016-10-16,0.4097560975609756,0.4458821404576406,0.5106275889955119,0.4786334735705511,0.488351611802976,0.8221501715432731,conventional,RichmondNorfolk
2016-10-09,0.39512195121951216,0.4686612450272396,0.6084987341380398,0.4701782887847541,0.4654829014284437,0.7902370052348411,conventional,RichmondNorfolk
2016-10-02,0.3658536585365853,0.5035375530650531,0.644085568635419,0.48181318362101094,0.5394145382223301,0.9122062119255884,conventional,RichmondNorfolk
2016-09-25,0.4048780487804878,0.4627988661327612,0.5928666340585829,0.4735916645529532,0.4575261249325816,0.785374427671631,conventional,RichmondNorfolk
2016-09-18,0.3609756097560975,0.5244248874893153,0.6691043564085986,0.5559296395539806,0.5066401140104231,0.838011848958513,conventional,RichmondNorfolk
2016-09-11,0.33658536585365845,0.5283422332336681,0.6477177144648697,0.5086409554079656,0.5948276978452283,0.9691824660190691,conventional,RichmondNorfolk
2016-08-21,0.32682926829268294,0.5189356790902424,0.5846598252484797,0.5987024396741434,0.5193943022117519,0.8862127719206576,conventional,RichmondNorfolk
2016-08-07,0.32195121951219513,0.584442410029505,0.6614417034068272,0.659318005013398,0.5941168742588889,0.9201615820035414,conventional,RichmondNorfolk
2016-07-31,0.3560975609756097,0.5387581927012464,0.5767306112535566,0.6140396395681507,0.5684033512576862,0.9242954245467944,conventional,RichmondNorfolk
2016-07-24,0.3073170731707317,0.5988375003269909,0.648559043394542,0.6488911151763688,0.6741860292933625,0.9882283153035427,conventional,RichmondNorfolk
2016-06-26,0.27317073170731704,0.5693042074676841,0.5002638025376446,0.7430895737478196,0.5930622939212213,0.9427327425259431,conventional,RichmondNorfolk
2016-05-15,0.27317073170731704,0.5496913414363532,0.42857948287705566,0.8606574381225124,0.531171788975688,0.9080893880205039,conventional,RichmondNorfolk
2016-04-03,0.28780487804878047,0.4171088942035728,0.3913592390430447,0.5260628672724877,0.4679306388365106,0.8033040996059495,conventional,RichmondNorfolk
2016-03-27,0.28292682926829266,0.5129052526701403,0.41061581510005457,0.778396832122022,0.5155170582924461,0.8847099188456272,conventional,RichmondNorfolk
2016-03-13,0.28292682926829266,0.5403753014548796,0.3610266567721092,0.8908949014395452,0.5334668051458304,0.9156682015638441,conventional,RichmondNorfolk
2016-03-06,0.26829268292682923,0.5608211130246014,0.46475918347025813,0.8341630190347581,0.5478271563546637,0.9403157892638764,conventional,RichmondNorfolk
2016-02-28,0.2926829268292683,0.5055608663591236,0.4576702219345654,0.7631497543605085,0.43045766982579325,0.7353971268552423,conventional,RichmondNorfolk
2016-02-21,0.2634146341463414,0.47122061477280297,0.3863950956006672,0.7183377992912093,0.4462598524176977,0.719688157220326,conventional,RichmondNorfolk
2016-02-14,0.23414634146341462,0.5590471145211929,0.4693104332188014,0.8378544839303452,0.5513663594052303,0.8927548284252961,conventional,RichmondNorfolk
2016-01-31,0.2634146341463414,0.4883275278122389,0.3559787504734788,0.8213943707675544,0.41274361381853913,0.6681276630910661,conventional,RichmondNorfolk
2016-01-24,0.2585365853658536,0.5979288005191089,0.5495766443590594,0.9310146958590582,0.4600101224708224,0.7818363907853427,conventional,RichmondNorfolk
2016-01-17,0.2585365853658536,0.5985444988903394,0.6868361120847937,0.8166045778075666,0.41787156429684685,0.7173668763025582,conventional,RichmondNorfolk
2016-01-10,0.2585365853658536,0.5350903594246866,0.5513898915388751,0.6873072328679385,0.4993052969887748,0.8570647510119573,conventional,RichmondNorfolk
2016-01-03,0.25365853658536586,0.5173306066774852,0.5328007271557834,0.7255947564789453,0.4079381641531817,0.6962531858200707,conventional,RichmondNorfolk
2017-11-26,0.39024390243902435,0.35860046084689234,0.29401098941762277,0.4510711922336261,0.49088714159518315,0.791152025348265,conventional,RichmondNorfolk
2017-11-19,0.38536585365853654,0.41118697056435966,0.32536319103515415,0.49605432267407673,0.6057138641679447,0.9898714571526653,conventional,RichmondNorfolk
2017-10-08,0.5756097560975609,0.3493021019865959,0.2919122084531187,0.35402630546018266,0.5737677963781131,0.9201146657577793,conventional,RichmondNorfolk
2017-01-29,0.3609756097560975,0.570159754091406,0.5913870927157263,0.7403199477404994,0.5702276109102266,0.9594467317391929,conventional,RichmondNorfolk
2015-12-27,0.25365853658536586,0.21634742871581447,0.22374101735875868,0.22445625604888136,0.29915857742756885,0.504076117162438,conventional,Roanoke
2015-12-20,0.27317073170731704,0.19350058678259976,0.1851029946734897,0.22589523443799073,0.25605814338666577,0.4275860778953801,conventional,Roanoke
2015-12-13,0.27804878048780485,0.21920529092945087,0.258207447964428,0.2433542720866533,0.24143396847208473,0.4144280641329748,conventional,Roanoke
2015-12-06,0.27804878048780485,0.2184012282163371,0.2771342203898303,0.2526699390258591,0.20153603627299088,0.34598017466642317,conventional,Roanoke
2015-11-29,0.28780487804878047,0.16176446782999074,0.16258632788347746,0.2135862657270915,0.17243746042979327,0.29602617865185094,conventional,Roanoke
2015-11-22,0.27317073170731704,0.18423374644266274,0.19481437276422137,0.2077649569440095,0.22792180065305745,0.39127704334432495,conventional,Roanoke
2015-11-15,0.27317073170731704,0.24126335718102923,0.2772846571340724,0.32170760185855646,0.20728603553617791,0.3558512914463251,conventional,Roanoke
2015-11-08,0.27804878048780485,0.25047897717986645,0.3578632465406613,0.25401433168629,0.2228024239986332,0.3813669830140192,conventional,Roanoke
2015-11-01,0.27317073170731704,0.2563529970609584,0.3689044693034362,0.283994606842197,0.19386380355726165,0.32097458228059256,conventional,Roanoke
2015-10-25,0.26829268292682923,0.24338869383891118,0.38518056782470217,0.23968725069398295,0.175605756286734,0.29486185848741714,conventional,Roanoke
2015-10-18,0.2634146341463414,0.25792914272018713,0.3265801408696132,0.3350546046599944,0.19264730298312804,0.3307207423928604,conventional,Roanoke
2015-10-11,0.27804878048780485,0.25901250125552433,0.3613838431205802,0.2680194669474245,0.2350295899631245,0.403431877381172,conventional,Roanoke
2015-10-04,0.2926829268292683,0.2512751108436076,0.34431600058936757,0.2720260050530743,0.22139113686314685,0.38006574713891395,conventional,Roanoke
2015-09-27,0.27804878048780485,0.23982721085892317,0.30264778088982397,0.3161801110656092,0.17487662401397674,0.300166614000881,conventional,Roanoke
2015-09-20,0.27317073170731704,0.2758659043562922,0.435491297745669,0.26254426399549957,0.21229270213080062,0.36444631700571317,conventional,Roanoke
2015-09-13,0.26829268292682923,0.32404359905305624,0.4669997221360673,0.3530583427446724,0.25180311535249444,0.43208712438830643,conventional,Roanoke
2015-09-06,0.3170731707317073,0.2879785705689897,0.28766856013332087,0.3914550473353748,0.2951742500203851,0.5059822046373182,conventional,Roanoke
2015-08-30,0.34146341463414626,0.2503239983090259,0.26791512568801595,0.30904331672119817,0.27108234077181026,0.4594000454750278,conventional,Roanoke
2015-08-23,0.33170731707317075,0.2537381020056607,0.26223385109318936,0.3331206630495006,0.2616441682680813,0.4268102733085965,conventional,Roanoke
2015-08-16,0.33658536585365845,0.2498000660549116,0.2736075013842737,0.3096076428102802,0.2593439720793425,0.44521999349612046,conventional,Roanoke
2015-08-09,0.3170731707317073,0.2552956660145591,0.3038619049893732,0.2902247243552229,0.2689529958860828,0.461715960155535,conventional,Roanoke
2015-08-02,0.2926829268292683,0.2690256825862723,0.32364776810673745,0.32535343888203216,0.25409062942673893,0.4362014951563576,conventional,Roanoke
2015-07-26,0.2926829268292683,0.259990827341831,0.3264387868447239,0.27486173479437,0.2775181566350099,0.47641991021211816,conventional,Roanoke
2015-07-19,0.2926829268292683,0.27271143858939184,0.3280647281676657,0.2944171747845075,0.30205242160957285,0.5185382799001756,conventional,Roanoke
2015-07-12,0.3024390243902439,0.28107458694210324,0.3407565837941412,0.2992410469471128,0.30750001495953644,0.5278902515554038,conventional,Roanoke
2015-07-05,0.2975609756097561,0.32433258105470725,0.36955761774400053,0.36318957247250644,0.3484655668534539,0.5982164773841464,conventional,Roanoke
