Practica_1/avocado_standarized.csv
Date,AveragePrice,Total Volume,4046,4225,Total Bags,Small Bags,type,region
2015-06-28,0.2926829268292683,0.2881509889556249,0.33675224830943684,0.3110742529852957,0.33267231532809477,0.5711039469288334,conventional,Roanoke
2015-06-21,0.2975609756097561,0.2982967896772651,0.3473093284910105,0.33726245520462406,0.3268638175790361,0.5611324048516304,conventional,Roanoke
2015-06-14,0.28292682926829266,0.3240790711160392,0.3920738135781945,0.360735373928914,0.34316319264551676,0.5890115406298522,conventional,Roanoke
2015-06-07,0.2975609756097561,0.3061366646996328,0.3955313020784626,0.29546505712694615,0.3470891108774943,0.5883350880929175,conventional,Roanoke
2015-05-31,0.3024390243902439,0.29381768945436654,0.3890054691426384,0.291355643756846,0.3115270328648066,0.5067287249007667,conventional,Roanoke
2015-05-24,0.3073170731707317,0.31230669510259523,0.3750725776555685,0.3574602987917116,0.32128091857091146,0.5334559595207858,conventional,Roanoke
2015-05-17,0.3121951219512195,0.29694792879063525,0.3707516925815712,0.32806007858763314,0.3019040765942556,0.49647798516496044,conventional,Roanoke
2015-05-10,0.3170731707317073,0.31139775368933065,0.3545516197852576,0.3701419423586776,0.3284238069725015,0.5276607299217251,conventional,Roanoke
2015-05-03,0.28780487804878047,0.3242033661032964,0.36341292262397745,0.432000017004176,0.29098138220936903,0.4956483648845086,conventional,Roanoke
2015-04-26,0.3170731707317073,0.3026678922941654,0.42414254083355146,0.3331995907661657,0.24768884092707685,0.4252114412471381,conventional,Roanoke
2015-04-19,0.3121951219512195,0.3175588886213902,0.4601345318934644,0.3182165028361549,0.27876788077669196,0.4695270551117166,conventional,Roanoke
2015-04-12,0.33658536585365845,0.28468649955466635,0.3380550466616297,0.34919258504567746,0.26825949856884124,0.43351193704146457,conventional,Roanoke
2015-04-05,0.3658536585365853,0.2668315542867417,0.32398678901650296,0.3179370675448379,0.25258449436454167,0.42698797242244674,conventional,Roanoke
2015-03-29,0.33658536585365845,0.25824926985206087,0.31312062725932643,0.3324016698100775,0.2152017291259317,0.3520536819976999,conventional,Roanoke
2015-03-22,0.3170731707317073,0.2777391587436757,0.34706073109835645,0.33058420680478784,0.25175738829178257,0.4319114184482958,conventional,Roanoke
2015-03-15,0.33170731707317075,0.2614607105609908,0.31882390221880746,0.30698163123893846,0.25305810882343827,0.4290797317065355,conventional,Roanoke
2015-03-08,0.3512195121951219,0.24515922201046123,0.29457532904673833,0.25711079212536614,0.2817576446133924,0.48216209072283367,conventional,Roanoke
2015-03-01,0.32682926829268294,0.24359632071902113,0.3065810693253692,0.27170193379990903,0.2410905689634184,0.41344113644026204,conventional,Roanoke
2015-02-22,0.3170731707317073,0.2806377204822083,0.3763060782230702,0.3245412060778593,0.2328711298004594,0.39683615850392984,conventional,Roanoke
2015-02-15,0.3073170731707317,0.3006151251075501,0.46413509973162254,0.27776123019544885,0.25608967005157063,0.40833217192626914,conventional,Roanoke
2015-02-08,0.28292682926829266,0.3197182477099598,0.5260964019648277,0.2746440104915766,0.25502339001672875,0.39835373040115996,conventional,Roanoke
2015-02-01,0.27317073170731704,0.3692897858227587,0.4835223323885063,0.46608651724719397,0.27214576286535763,0.4157736097957441,conventional,Roanoke
2015-01-25,0.34634146341463407,0.2701271615253005,0.3245846337881197,0.29340911055406693,0.29749391593419267,0.44710139627960305,conventional,Roanoke
2015-01-18,0.3609756097560975,0.24604540858951504,0.30058122675917137,0.26820134077927305,0.2630832310205235,0.3979066461768396,conventional,Roanoke
2015-01-11,0.3512195121951219,0.24852684961714444,0.30750965964023014,0.26660804949348815,0.2665217809511246,0.4071592657822188,conventional,Roanoke
2015-01-04,0.33658536585365845,0.23969547003305844,0.3248596047065979,0.2661350499993624,0.2083883077691973,0.3309123937235876,conventional,Roanoke
2016-12-25,0.3512195121951219,0.22781173590238632,0.18430021684151462,0.20024670225262822,0.42916195069140295,0.7286275418907645,conventional,Roanoke
2016-12-18,0.34634146341463407,0.20431521709550488,0.1991059912980821,0.18747656612002966,0.3297969584538395,0.5500310398495245,conventional,Roanoke
2016-12-11,0.2926829268292683,0.24887627689268332,0.2475853758799305,0.19668900354111965,0.43498304124429044,0.7346811174836456,conventional,Roanoke
2016-12-04,0.3560975609756097,0.23204844003421396,0.29088014241703947,0.1845496514852439,0.32410929803513855,0.5470596776179304,conventional,Roanoke
2016-11-27,0.424390243902439,0.18171924940587592,0.15952141469745462,0.1685322845535483,0.31469166698446377,0.5358410220014194,conventional,Roanoke
2016-11-20,0.43414634146341463,0.217772768688083,0.21249486153562544,0.1790183347527097,0.3777336543396811,0.6437995964896223,conventional,Roanoke
2016-11-13,0.473170731707317,0.21522747794708436,0.24650957823215297,0.18248137688480665,0.31746815695206276,0.5413230166655397,conventional,Roanoke
2016-11-06,0.4634146341463414,0.22861452469621033,0.2628286682916885,0.16930051905247065,0.3666488610969975,0.6249752961434692,conventional,Roanoke
2016-10-30,0.39999999999999997,0.2317737566783846,0.2953955995233927,0.15044614706628373,0.3597848899036168,0.6060835345289003,conventional,Roanoke
2016-10-23,0.39999999999999997,0.23533820481534026,0.2722123956916962,0.20742579448469556,0.33333357149510784,0.5475970679492893,conventional,Roanoke
2016-10-16,0.38048780487804873,0.26731957519535937,0.28715427637974916,0.23094859212508273,0.41426296685922337,0.6736288228882592,conventional,Roanoke
2016-10-09,0.38536585365853654,0.26104561054965075,0.3101811901591764,0.24299569652647196,0.34238556468141856,0.5440222340075014,conventional,Roanoke
2016-10-02,0.33658536585365845,0.2923372854190031,0.3274292742099884,0.251269432584819,0.4364303205779543,0.7019311248047264,conventional,Roanoke
2016-09-25,0.3073170731707317,0.3119916856120063,0.34223706704863427,0.27822799482506244,0.46330863327799343,0.7896654243060803,conventional,Roanoke
2016-09-18,0.3024390243902439,0.31669670883171125,0.3891481014761774,0.27346668385977796,0.42638563934513485,0.6636827321077767,conventional,Roanoke
2016-09-11,0.28292682926829266,0.34428444140187614,0.39790101719728815,0.27171057758934636,0.5285194408330685,0.8100123561445947,conventional,Roanoke
2016-09-04,0.27804878048780485,0.3564190497761339,0.34967224839017214,0.3042970969620623,0.601316385622376,0.9909701559014581,conventional,Roanoke
2016-08-28,0.28780487804878047,0.3403227500877632,0.3256738873164198,0.3071354481804824,0.5641285855664497,0.9092699602177834,conventional,Roanoke
2016-08-21,0.2926829268292683,0.3247982424833765,0.3048803805861247,0.32761131004422506,0.5031884354120003,0.8081763363962283,conventional,Roanoke
2016-08-14,0.2926829268292683,0.3189834378851341,0.28473699472327646,0.2945739674568413,0.5477105166255822,0.8872723737979821,conventional,Roanoke
2016-08-07,0.2926829268292683,0.31207387537032344,0.295165369407652,0.32583338174800097,0.46563883785032445,0.6462752717194237,conventional,Roanoke
2016-07-31,0.3073170731707317,0.31404882365963316,0.297970180423174,0.3109358106528329,0.48942798394301407,0.7636000767218607,conventional,Roanoke
2016-07-24,0.2926829268292683,0.32955490336256926,0.3041300806881876,0.29646709904507385,0.5628134860176561,0.754948475689642,conventional,Roanoke
2016-07-17,0.2926829268292683,0.3181804733783046,0.2874548134712202,0.319728032375951,0.5086847923853012,0.7605506740683944,conventional,Roanoke
2016-07-10,0.27804878048780485,0.34895990090840767,0.31051260849644663,0.3868545675342103,0.518600776949203,0.7229101993925112,conventional,Roanoke
2016-07-03,0.26829268292682923,0.36130795665608223,0.28576462031878325,0.3912069989188179,0.5960650971150779,0.9148169630132863,conventional,Roanoke
2016-06-26,0.28292682926829266,0.31040262504687416,0.24900638414251394,0.37376957074374856,0.4602285763585201,0.7384955922493749,conventional,Roanoke
2016-06-19,0.27317073170731704,0.3473408153834628,0.26108606448461624,0.4129732651843749,0.5447603174136775,0.8762918257947666,conventional,Roanoke
2016-06-12,0.26829268292682923,0.33399563225789436,0.2802213357787154,0.3728547460780577,0.515572252283696,0.8299467009983195,conventional,Roanoke
2016-06-05,0.25365853658536586,0.3322915894947959,0.2671387213818651,0.3973084515005477,0.4954677963155956,0.8171125013243107,conventional,Roanoke
2016-05-29,0.23902439024390243,0.35699053436235845,0.3468675719334553,0.3706095571970883,0.52294663393014,0.8602743741779115,conventional,Roanoke
2016-05-22,0.224390243902439,0.3758159864878456,0.3715606601185867,0.35460395148708607,0.586616653884822,0.9611294304229776,conventional,Roanoke
2016-05-15,0.24390243902439018,0.3110815142077034,0.27590738048318725,0.3960168426362708,0.3984371169409739,0.6505849735237519,conventional,Roanoke
2016-05-08,0.20975609756097557,0.4052623673018128,0.3143513693713211,0.54389762635874,0.5432595409914073,0.8655628776585297,conventional,Roanoke
2016-05-01,0.20975609756097557,0.39184665736866653,0.2865448595508831,0.5074187094113863,0.5676934207780012,0.9441104856122746,conventional,Roanoke
2016-04-24,0.2292682926829268,0.3609281529947196,0.288521192002632,0.40830462697797537,0.5698028493853327,0.9298214223564496,conventional,Roanoke
2016-04-17,0.23902439024390243,0.33127489208091576,0.25718668486798774,0.4195904402522853,0.47656715880713457,0.7832283927306803,conventional,Roanoke
2016-04-10,0.23902439024390243,0.292775206156931,0.2776133842952382,0.22665014899909172,0.5358056728527103,0.8911835941554623,conventional,Roanoke
2016-04-03,0.2585365853658536,0.24807137954279343,0.2507579361101337,0.23182501569343741,0.38285222719811635,0.6380471434675797,conventional,Roanoke
2016-03-27,0.25365853658536586,0.30658479875600464,0.3042039534722563,0.3543065201095636,0.3963073255019192,0.6619733555587548,conventional,Roanoke
2016-03-20,0.25365853658536586,0.3430783912604568,0.35000346488923456,0.3954777394081697,0.43139507457038667,0.7397535915842681,conventional,Roanoke
2016-03-13,0.26829268292682923,0.30656909440613916,0.2502785030871154,0.4046056519046803,0.40375136946741635,0.687978754606723,conventional,Roanoke
2016-03-06,0.2634146341463414,0.311763939592768,0.33236630405311307,0.36335734700846956,0.36822832021553165,0.6112550540372427,conventional,Roanoke
2016-02-28,0.26829268292682923,0.2976984429653265,0.35268152151023424,0.3414675170643991,0.3113193855676286,0.5168342695884142,conventional,Roanoke
2016-02-21,0.2634146341463414,0.25432500540811687,0.22149442354671448,0.3252875477002561,0.32991386611491724,0.516181428495425,conventional,Roanoke
2016-02-14,0.224390243902439,0.3507097608376871,0.3213223228348311,0.39446039373169395,0.5013745357966525,0.79807109835071,conventional,Roanoke
2016-02-07,0.2292682926829268,0.43472880136253134,0.4098670626283775,0.5635132186212731,0.5124344113636747,0.8257772879680835,conventional,Roanoke
2016-01-31,0.26829268292682923,0.26662972593581286,0.2203847170800201,0.36909951552268716,0.325901227226785,0.5238525413196435,conventional,Roanoke
2016-01-24,0.26829268292682923,0.31393518127333375,0.32052687845774086,0.3941716061436088,0.35330584767833795,0.598365812101049,conventional,Roanoke
2016-01-17,0.2634146341463414,0.3460085374117259,0.4352151157979438,0.3683791761193353,0.36472618109112803,0.6250070336038376,conventional,Roanoke
2016-01-10,0.2585365853658536,0.31544727954206203,0.3757167779355854,0.3046477372401372,0.3990665785110858,0.6837392738499732,conventional,Roanoke
2016-01-03,0.2292682926829268,0.34399031979481465,0.4001912080622254,0.4134048878503746,0.34550661519633474,0.5752851656810422,conventional,Roanoke
2017-12-31,0.18048780487804877,0.42729673426177595,0.42744986170718796,0.3174863151809032,0.7697170932843648,0.9859200666762645,conventional,Roanoke
2017-12-24,0.3170731707317073,0.30221604630055265,0.21891964080872534,0.25013560830313913,0.6230040517569596,0.8987259172854322,conventional,Roanoke
2017-12-17,0.3121951219512195,0.2721739983979806,0.20151136450029233,0.22185355436872709,0.5595550756992734,0.8598171707633288,conventional,Roanoke
2017-12-10,0.2975609756097561,0.30283352376596373,0.25890426073728806,0.2576877296449387,0.5629729055554895,0.8852500689561488,conventional,Roanoke
2017-12-03,0.26829268292682923,0.3656048205281639,0.37889068375384083,0.33489016010848666,0.5608799101106015,0.877149810472166,conventional,Roanoke
2017-11-26,0.3512195121951219,0.20220490389959214,0.17418637336435364,0.20864832388420726,0.3275468655484197,0.4997040136848249,conventional,Roanoke
2017-11-19,0.3170731707317073,0.24713691581548175,0.2085930598605029,0.22031035455123857,0.4496434762890454,0.7085426357516205,conventional,Roanoke
2017-11-12,0.3658536585365853,0.27765167563106835,0.2901155120063458,0.22668692052956674,0.4573331245845379,0.7199957192758769,conventional,Roanoke
2017-10-22,0.4780487804878048,0.25335173107071796,0.1798329317874321,0.248815517444159,0.47764370956850355,0.7689690737613842,conventional,Roanoke
2017-10-15,0.5121951219512194,0.2520210345160305,0.18259858619063352,0.26786451639415115,0.4444564914608733,0.689178951900269,conventional,Roanoke
2017-10-08,0.5951219512195121,0.19151404143492776,0.17583552608119682,0.11518210763926776,0.40022913544328587,0.58952915254388,conventional,Roanoke
2017-10-01,0.5609756097560975,0.24695066002966432,0.168326337396785,0.24964213294714965,0.46601135263592836,0.6946029912019773,conventional,Roanoke
2017-09-24,0.521951219512195,0.2591686002967749,0.1690393645056747,0.2797593625701245,0.476904663811881,0.7548198393164579,conventional,Roanoke
2017-09-17,0.5170731707317072,0.24851771254085905,0.17535346916147665,0.2548486699191877,0.4568520973404087,0.7230251901909476,conventional,Roanoke
2017-09-10,0.5317073170731706,0.2415978708152273,0.17328846245708415,0.20509190048589435,0.4937316862898572,0.7485911710678245,conventional,Roanoke
2017-09-03,0.49268292682926823,0.2535134309640184,0.18568368319744016,0.2653143859579515,0.4498473725382743,0.6741383087858642,conventional,Roanoke
2017-08-27,0.4829268292682926,0.2779829166105392,0.20388673108893732,0.2494363115675158,0.545099430010402,0.8357566494195802,conventional,Roanoke
2017-08-20,0.473170731707317,0.27056003051432054,0.18931926027642415,0.24850221550242385,0.53577307445982,0.8094266696778923,conventional,Roanoke
2017-08-13,0.45853658536585357,0.2407892834922222,0.17654532377876112,0.2853484935008623,0.38457672683734584,0.5634846566244436,conventional,Roanoke
2017-08-06,0.4146341463414634,0.2724327797268133,0.1888696320287633,0.30256564674674696,0.47490490870172564,0.7383783016349699,conventional,Roanoke
2017-07-30,0.4146341463414634,0.27101982752143167,0.17037223675083546,0.29284882295677117,0.5058385507879835,0.7612010620243501,conventional,Roanoke
2017-07-23,0.3560975609756097,0.3098343032947484,0.24565782099507585,0.28620614162494745,0.5708634135375855,0.8950169274121351,conventional,Roanoke
2017-06-25,0.34634146341463407,0.32078142121379166,0.18969017162302812,0.33440029813988487,0.630918494997397,0.9020565107713414,conventional,Roanoke
2017-06-04,0.38536585365853654,0.3316875760384304,0.24129784658816059,0.3662859620608495,0.5667462811708734,0.9028458076118082,conventional,Roanoke
2017-05-28,0.34634146341463407,0.36378432397067817,0.28721132931316473,0.3288655805721622,0.6832072996107572,0.9628403401826452,conventional,Roanoke
2017-04-09,0.39999999999999997,0.3202689322691597,0.2172502369916957,0.3338040183701781,0.5933802398902336,0.9988396661832454,conventional,Roanoke
2017-03-19,0.38536585365853654,0.3108662438118547,0.19416566476422942,0.36971627115425765,0.5402956772476881,0.9131963593606574,conventional,Roanoke
2017-03-12,0.39999999999999997,0.3153174935233834,0.21088271249021925,0.3586043964296899,0.5494848516161345,0.9189981817654951,conventional,Roanoke
2017-02-26,0.33658536585365845,0.3371134179348991,0.22556435644896625,0.44254125992441645,0.5126772470630411,0.868795958947365,conventional,Roanoke
2017-02-19,0.33170731707317075,0.3107357110129027,0.2209549772965656,0.3081798588369994,0.5818681844240234,0.9871377425711727,conventional,Roanoke
2017-02-12,0.28780487804878047,0.3493364099509174,0.3333786572242268,0.34421843847818295,0.5430850279511124,0.913232389810834,conventional,Roanoke
2017-02-05,0.2585365853658536,0.4657694043111669,0.5050991732034213,0.5387665454174454,0.543681891128334,0.9065820886346008,conventional,Roanoke
2017-01-29,0.33658536585365845,0.31572064505035025,0.25297842551396416,0.3608490185047945,0.49254340788600665,0.8264353419772682,conventional,Roanoke
2017-01-15,0.3024390243902439,0.3469867756415298,0.3394217604463047,0.3095859624859538,0.570018266710405,0.9665522431561693,conventional,Roanoke
2017-01-08,0.33658536585365845,0.32064910932065904,0.296129550526495,0.3438135265385591,0.47726137060969975,0.8062730087005104,conventional,Roanoke
2017-01-01,0.2585365853658536,0.3124689880272892,0.28938068637100955,0.3065003422090409,0.4996997821980801,0.848166303065762,conventional,Roanoke
2018-02-18,0.3024390243902439,0.34223984487001596,0.23510975625345226,0.24451636581083708,0.7697190581190048,0.8940414987992661,conventional,Roanoke
2018-01-28,0.34146341463414626,0.34967902834749365,0.2103135960235182,0.34983201291183763,0.6999284889501718,0.9460064538968925,conventional,Roanoke
2018-01-21,0.32682926829268294,0.3863857826917287,0.22112492506756537,0.3713009186506053,0.8078771292444112,0.9379009824967139,conventional,Roanoke
2018-01-14,0.3170731707317073,0.41641129160765916,0.23972996738967356,0.41637055783616195,0.8492353801343249,0.9545792479019163,conventional,Roanoke
