Practica_1/avocado_standarized.csv
Date,AveragePrice,Total Volume,4046,4225,Total Bags,Small Bags,type,region
2015-12-27,0.2634146341463414,0.5520870125531787,0.9226237755989718,0.3465195994382954,0.5113013269510741,0.7387289469096683,conventional,SouthCarolina
2015-12-20,0.2926829268292683,0.46340239637836167,0.7764200495310962,0.2829176756991905,0.4419804425718578,0.6842524394531283,conventional,SouthCarolina
2015-12-06,0.28780487804878047,0.5121810954462722,0.8773964082218122,0.3338411441543186,0.4136593160714274,0.6147012516058464,conventional,SouthCarolina
2015-11-29,0.2585365853658536,0.4785561495411683,0.8439557193883764,0.2994827896484245,0.3822592043795092,0.511431388593618,conventional,SouthCarolina
2015-11-22,0.26829268292682923,0.4759261870956501,0.8289417824601253,0.2982763433653248,0.38712315253073826,0.5249595194059239,conventional,SouthCarolina
2015-11-15,0.3073170731707317,0.4926302121776273,0.7808407099591681,0.4364422871183449,0.3138698302409664,0.4509025321127137,conventional,SouthCarolina
2015-11-08,0.3121951219512195,0.4853974036250955,0.796265925875591,0.33488838884015937,0.3547302634816459,0.5272053663599172,conventional,SouthCarolina
2015-11-01,0.27317073170731704,0.616757613155826,0.9631929862568365,0.42466221912998137,0.5246204051113923,0.6863182874773027,conventional,SouthCarolina
2015-10-25,0.32682926829268294,0.4909483531814718,0.7205878335965079,0.3315270175100502,0.4690488976786461,0.6734610896436067,conventional,SouthCarolina
2015-10-18,0.33170731707317075,0.4967446859500123,0.7079232934074932,0.3899539328533433,0.44092041428359763,0.6285614758440362,conventional,SouthCarolina
2015-10-11,0.28780487804878047,0.5883701008770561,0.8205799619064023,0.45810957490977167,0.5461125701992994,0.6594260793917937,conventional,SouthCarolina
2015-10-04,0.2926829268292683,0.5882770169123988,0.8321958853262951,0.5007106328529182,0.5238058918424621,0.5941251047757825,conventional,SouthCarolina
2015-09-27,0.3121951219512195,0.5564357117618793,0.7471701274070047,0.51206063689141,0.4584261085083502,0.6473774968527019,conventional,SouthCarolina
2015-09-20,0.28292682926829266,0.6854843727771619,1.0,0.5501147073368768,0.6383692372628031,0.7604304703537623,conventional,SouthCarolina
2015-09-13,0.34146341463414626,0.5923074779040346,0.8395221413150028,0.4326662972981782,0.6248754674408591,0.8469501603814996,conventional,SouthCarolina
2016-12-18,0.3073170731707317,0.5921668855355186,0.6962576505090696,0.403674389868912,0.9527378675703239,0.9595120465127047,conventional,SouthCarolina
2016-12-11,0.3707317073170731,0.5347621055663091,0.7173954932219365,0.29794306151685757,0.8244251452035126,0.9347948510493523,conventional,SouthCarolina
2016-11-13,0.473170731707317,0.5605329876238522,0.8600935587372732,0.2888648862349779,0.7003641463762509,0.6497259155989005,conventional,SouthCarolina
2016-11-06,0.5170731707317072,0.4882482812467637,0.6531331681399735,0.3019985574790743,0.6547541719467875,0.6070555900783486,conventional,SouthCarolina
2016-10-30,0.4829268292682926,0.5005829388777698,0.6669218798672443,0.32122921770871565,0.6647517864589133,0.6172385619036098,conventional,SouthCarolina
2016-10-23,0.4682926829268292,0.571862149545078,0.8655414410844364,0.37367122992621604,0.6457837193980355,0.6513825497017063,conventional,SouthCarolina
2016-10-16,0.4195121951219512,0.6175335837521874,0.7936166648389096,0.4536427195912196,0.8318567749865118,0.7622793690715536,conventional,SouthCarolina
2016-10-09,0.4292682926829268,0.5769539829822394,0.7346381276411371,0.39997895733227157,0.8295436287512823,0.8790729165852148,conventional,SouthCarolina
2016-10-02,0.4195121951219512,0.660938715542762,0.8667248857763943,0.46882992848327004,0.8824083978461482,0.9765263916914702,conventional,SouthCarolina
2016-05-22,0.2926829268292683,0.7544495529828193,0.9085033764168201,0.698363702319228,0.9204703706955273,0.9102923050764145,conventional,SouthCarolina
2016-03-27,0.3073170731707317,0.691736834543824,0.9176069523843484,0.6517952867258318,0.7083190473481387,0.9414988145981892,conventional,SouthCarolina
2016-02-21,0.2926829268292683,0.6645676064244804,0.9807602437936433,0.5851321153619977,0.5977704842719005,0.7636129556912856,conventional,SouthCarolina
2016-01-24,0.24878048780487802,0.6961480216901013,0.9797015351141294,0.6587061380824109,0.614169797973023,0.666217895910636,conventional,SouthCarolina
2017-10-22,0.5512195121951219,0.6045977899652806,0.8805408456617232,0.40036998252820927,0.7650692769435319,0.9704965808635992,conventional,SouthCarolina
2017-10-15,0.6097560975609755,0.605600276589842,0.8433154213137111,0.42709608351317613,0.7890096259928331,0.9610983062468674,conventional,SouthCarolina
2017-10-01,0.5853658536585364,0.6503550599755711,0.9085806131710196,0.5305995105631359,0.75622118000645,0.9409839624633237,conventional,SouthCarolina
2017-09-24,0.5512195121951219,0.6593642391570853,0.9910088479142377,0.4736845498640375,0.7555740349245784,0.93626382016911,conventional,SouthCarolina
2015-12-27,0.2975609756097561,0.14719219293059577,0.13844190322665287,0.1529840203256583,0.1968390097554933,0.33577451132360386,conventional,Spokane
2015-12-20,0.33170731707317075,0.13501580878928315,0.11988691678008852,0.11744748897916847,0.2188043427489698,0.3756249558243683,conventional,Spokane
2015-12-13,0.26829268292682923,0.14792096262085785,0.1495569987734965,0.14693506813715002,0.19892762897777422,0.34143665823860775,conventional,Spokane
2015-12-06,0.19999999999999996,0.2199687639382969,0.12635071810670379,0.27797852939384365,0.3524243514103181,0.597136330484168,conventional,Spokane
2015-11-29,0.3560975609756097,0.11278036025866447,0.11354697683368331,0.11921939496307969,0.1357921333558277,0.2331165526801212,conventional,Spokane
2015-11-22,0.33170731707317075,0.12284287301570324,0.11797786373095236,0.15449753368598107,0.12503591405134523,0.2146511769461541,conventional,Spokane
2015-11-15,0.27317073170731704,0.1851891419817532,0.1151956585947082,0.2753822042796677,0.23573764491883492,0.4046946296690672,conventional,Spokane
2015-11-08,0.3121951219512195,0.13999200110470766,0.12995104077871872,0.18568368831912305,0.14393601569581357,0.24709728727507224,conventional,Spokane
2015-11-01,0.33658536585365845,0.13193217732772017,0.13632475498523552,0.16863785214585617,0.12198506171947501,0.20941372938004169,conventional,Spokane
2015-10-25,0.3121951219512195,0.14665009634453913,0.11180544949705284,0.23656549654319275,0.1319249815417182,0.22569995282310842,conventional,Spokane
2015-10-18,0.33658536585365845,0.13320882016909433,0.1114284157248111,0.21918772468538733,0.10091069192455641,0.17323501773388095,conventional,Spokane
2015-10-11,0.24390243902439018,0.1943726504288375,0.07595676356470496,0.4029874211608468,0.1650376252436953,0.2833227618459304,conventional,Spokane
2015-10-04,0.26829268292682923,0.1700686425052352,0.12333592807562745,0.33633565676504057,0.08979892686090604,0.1541592708418139,conventional,Spokane
2015-09-27,0.3170731707317073,0.14017140408331108,0.17110181459276785,0.16816924539718214,0.11199039445930921,0.19225572236376312,conventional,Spokane
2015-09-20,0.2975609756097561,0.17443583550776348,0.13939431045003867,0.30000042510439856,0.10819656670153652,0.18574279686139514,conventional,Spokane
2015-09-13,0.28780487804878047,0.17282854471831197,0.26623906121012775,0.17050420215697973,0.11142300380168708,0.19128167364047527,conventional,Spokane
2015-09-06,0.3121951219512195,0.14719689325349258,0.2168801329979231,0.12862050788639512,0.11449957760520774,0.19656327767318726,conventional,Spokane
2015-08-30,0.32682926829268294,0.1341840053854279,0.21041525520086604,0.11797858607443011,0.08421817130875223,0.14454680669786135,conventional,Spokane
2015-08-23,0.3121951219512195,0.18504593588228035,0.23171867252356293,0.2511989361053919,0.1066368452400675,0.1819827510735924,conventional,Spokane
2015-08-16,0.34634146341463407,0.15881716769656085,0.22446669299533956,0.1840012668111077,0.088867505930898,0.15256028545929087,conventional,Spokane
2015-08-09,0.3756097560975609,0.15433472892655803,0.21672962897427842,0.16376785615600767,0.10504390021105002,0.18033056328165953,conventional,Spokane
2015-08-02,0.3658536585365853,0.1641932169200994,0.23710660892299806,0.17325618633176,0.10676652432630508,0.18328781997531224,conventional,Spokane
2015-07-26,0.3609756097560975,0.15608955274824257,0.22600624756532664,0.1579520737301069,0.10771652187472731,0.18491869613926826,conventional,Spokane
2015-07-19,0.3512195121951219,0.16960869174924428,0.26744006582616753,0.1641566141284864,0.10248657861647241,0.17594036791842585,conventional,Spokane
2015-07-12,0.2975609756097561,0.18940618822109184,0.3037439641965931,0.16794046838002633,0.1228449448064553,0.20843538766694555,conventional,Spokane
2015-07-05,0.38048780487804873,0.20011828999529466,0.29011638663857975,0.21297482390050293,0.10353713997419457,0.17241168361707696,conventional,Spokane
2015-06-28,0.3707317073170731,0.17833093159279645,0.25770433259169007,0.1888914552598876,0.08881686678358622,0.15247335241567303,conventional,Spokane
2015-06-21,0.33170731707317075,0.18593675689185393,0.22547460572588082,0.2394042020152783,0.1140531135886088,0.1957968256713431,conventional,Spokane
2015-06-14,0.33658536585365845,0.1943705638368973,0.248803805861247,0.25186174471347256,0.11272300984801915,0.1935134150565272,conventional,Spokane
2015-06-07,0.3658536585365853,0.17494270163621975,0.2727169912112916,0.18613699130944908,0.08201067959075352,0.14078906072602734,conventional,Spokane
2015-05-31,0.3121951219512195,0.1809517569620293,0.28276180602137196,0.17241008687716894,0.1142917516866989,0.19620649955590555,conventional,Spokane
2015-05-24,0.3073170731707317,0.20334361203165813,0.27623637676196344,0.2386248439512604,0.12826869220874296,0.22020093952081954,conventional,Spokane
2015-05-17,0.3170731707317073,0.1711273792556784,0.2481261677181316,0.17082473087349034,0.11352216168249148,0.19488533194240465,conventional,Spokane
2015-05-10,0.28780487804878047,0.209824764274963,0.312631842399345,0.22461928358572728,0.12836112874748667,0.18693808788087443,conventional,Spokane
2015-05-03,0.2634146341463414,0.23714003186599283,0.2966646908948766,0.3437065419315894,0.10996286373219803,0.18593598140276815,conventional,Spokane
2015-04-26,0.3121951219512195,0.1765023522370583,0.2772514883885843,0.17070811056682003,0.11202951253077756,0.1923228769900499,conventional,Spokane
2015-04-19,0.28780487804878047,0.20052098027562212,0.21506157074530105,0.29808894317629503,0.13001659124232118,0.2232015860757489,conventional,Spokane
2015-04-12,0.3756097560975609,0.1415482033378135,0.18631092906799862,0.16495127595085227,0.0937658386883264,0.1609693325673413,conventional,Spokane
2015-04-05,0.34634146341463407,0.1616482776051117,0.20540193051517858,0.2118635301519465,0.09087485244761682,0.15471168663750196,conventional,Spokane
2015-03-29,0.33170731707317075,0.16454369847367117,0.24524331259557883,0.18988329467245,0.08659571053377323,0.14375398347290916,conventional,Spokane
2015-03-22,0.32195121951219513,0.16394192535812563,0.22175862976077462,0.20162559922007514,0.09740489106286924,0.16721655266478908,conventional,Spokane
2015-03-15,0.3658536585365853,0.1574421036079876,0.21884980478881333,0.18698436607723581,0.07929492087566248,0.13612687379422564,conventional,Spokane
2015-03-08,0.3609756097560975,0.15323057036419618,0.2367172630200782,0.1731091002098599,0.06714599105410789,0.11520866766907979,conventional,Spokane
2015-03-01,0.28780487804878047,0.19376718734017667,0.18031061554598246,0.31675761539104647,0.1243783196216157,0.21166187615000379,conventional,Spokane
2015-02-22,0.28780487804878047,0.1871581819212535,0.17069450508935044,0.3208962901139138,0.10802294676789613,0.18544474071184824,conventional,Spokane
2015-02-15,0.39024390243902435,0.1269197442049137,0.1615270809687427,0.1610006390736125,0.07549734206994078,0.1275574528526227,conventional,Spokane
2015-02-08,0.28780487804878047,0.1626546518799194,0.19444426877044874,0.26028100817759164,0.047564627653565,0.07873373972614711,conventional,Spokane
2015-02-01,0.2585365853658536,0.29777160546798664,0.2415145535439762,0.6003983936721794,0.10996920478944519,0.18822598482336111,conventional,Spokane
2015-01-25,0.3756097560975609,0.14064101905460386,0.16041851825189274,0.20965157026479753,0.07154105821170932,0.12281569228830308,conventional,Spokane
2015-01-18,0.3609756097560975,0.1526848936256527,0.19146365667589965,0.21056533216949197,0.07581859253357477,0.12244250881711112,conventional,Spokane
2015-01-11,0.3073170731707317,0.15509420446452923,0.14783686628689688,0.25503925839120656,0.07676296351007347,0.10577773566559204,conventional,Spokane
2015-01-04,0.27317073170731704,0.18565798820864698,0.17901225763436202,0.31416575387305534,0.08933335036190021,0.1465145292407035,conventional,Spokane
2016-12-25,0.34634146341463407,0.151487475385628,0.08837122621420819,0.1621679757520451,0.2946172193999556,0.5051403186716998,conventional,Spokane
2016-12-18,0.2585365853658536,0.17196366334117358,0.07716113215087542,0.17235021800770572,0.38006689547463746,0.6468068358503286,conventional,Spokane
2016-12-11,0.25365853658536586,0.20061720511025255,0.0815261525129866,0.19667603785696372,0.4600566533275233,0.7800745784322338,conventional,Spokane
2016-12-04,0.4682926829268292,0.13052480401026278,0.07314414813847986,0.13762166842140316,0.25812773943720524,0.44276210350981043,conventional,Spokane
2016-11-27,0.5121951219512194,0.10911259287448181,0.05430490621587673,0.12601674344524444,0.21319482916254015,0.36571075582531887,conventional,Spokane
2016-11-20,0.34146341463414626,0.17776390572408618,0.06291512232404586,0.1809907483112728,0.41169921489673317,0.704798228712405,conventional,Spokane
2016-11-13,0.3073170731707317,0.21827104684339604,0.08233619652044387,0.2212144807562324,0.49982490644037963,0.8518849521661277,conventional,Spokane
2016-11-06,0.5073170731707317,0.1345986221860029,0.07610639295611567,0.15129628501266104,0.25613682608292976,0.43910232969824425,conventional,Spokane
2016-10-30,0.4634146341463414,0.11249120254400805,0.05487866496135808,0.11151636155979307,0.24369183140539888,0.4165682728734713,conventional,Spokane
2016-10-23,0.38536585365853654,0.1743806616240402,0.06042578442737491,0.2443017589402998,0.3214862437907876,0.5502154850902163,conventional,Spokane
2016-10-16,0.43414634146341463,0.15103775991220678,0.08829123100450166,0.13902585910056414,0.322035147140661,0.5348065647786865,conventional,Spokane
2016-10-09,0.3658536585365853,0.16727296073141595,0.09271175687376837,0.13579010612022804,0.3860507100599801,0.5066218601187532,conventional,Spokane
2016-10-02,0.20975609756097557,0.2888299220447055,0.08639031876308165,0.20403317798129258,0.8019668173367362,0.6990969849259329,conventional,Spokane
2016-09-25,0.3170731707317073,0.19058061002152332,0.11783933544097275,0.14055949406908513,0.440971767916233,0.5985179065971141,conventional,Spokane
2016-09-18,0.2975609756097561,0.16399248677545486,0.11456518331282434,0.14957475389997862,0.3235741485277449,0.498240257481263,conventional,Spokane
2016-09-11,0.2634146341463414,0.18232778747213274,0.16928076300224917,0.10428859487409117,0.37191997657202625,0.6383321673266372,conventional,Spokane
2016-09-04,0.33170731707317075,0.18338131872478836,0.18444513667474244,0.10913662713668099,0.3504376356573189,0.6009314867957599,conventional,Spokane
2016-08-28,0.33170731707317075,0.18349572985548682,0.16189180261030628,0.1302713299674512,0.35117409140464334,0.6027924978776531,conventional,Spokane
2016-08-21,0.3170731707317073,0.191450016008553,0.18279221631135292,0.09940449958835725,0.39340856923331524,0.6751302960737082,conventional,Spokane
2016-08-14,0.34146341463414626,0.184166711931069,0.16561383372164765,0.11502375625080594,0.3640452765777153,0.6249259267606739,conventional,Spokane
2016-08-07,0.3512195121951219,0.19646159253045772,0.18940335952969006,0.14992085973113564,0.34298126681998925,0.5886561424021517,conventional,Spokane
2016-07-31,0.34146341463414626,0.1840996774194753,0.16978885705078048,0.10990705800832921,0.37498395757171804,0.6437410278429521,conventional,Spokane
2016-07-24,0.3121951219512195,0.18127632084729164,0.1681800046961023,0.1100239617179319,0.3740396759058847,0.6421199642271291,conventional,Spokane
2016-07-17,0.2634146341463414,0.20273404165149406,0.17295980257532098,0.10837831174039159,0.45747771855190617,0.7852862680594965,conventional,Spokane
2016-07-10,0.3024390243902439,0.19914029337087324,0.1921753381967371,0.11570392328849427,0.3988383897608537,0.6832955626890737,conventional,Spokane
2016-07-03,0.3170731707317073,0.2136690353731585,0.19811960797637687,0.13672965769176815,0.40379557824681556,0.6874324716536183,conventional,Spokane
2016-06-26,0.28292682926829266,0.19815432376882786,0.16288437563705185,0.12810939069786556,0.39328540982565574,0.6751221700572854,conventional,Spokane
2016-06-19,0.25365853658536586,0.20090636282490898,0.18558774276931442,0.14063941369601352,0.3672612643300079,0.6292468210027168,conventional,Spokane
2016-06-12,0.26829268292682923,0.20588213782194548,0.21094252387914197,0.12078477106002616,0.37748822863101666,0.5797386826439481,conventional,Spokane
2016-06-05,0.20975609756097557,0.2764178189065305,0.19574336675549792,0.21259116718080684,0.5490240085823977,0.9211897530626266,conventional,Spokane
2016-05-29,0.20975609756097557,0.24055053344601518,0.19779653228503055,0.15483053213151599,0.49424048915094226,0.8465515256135872,conventional,Spokane
2016-05-22,0.2195121951219512,0.2206691559781727,0.19347221596150002,0.1660636324604051,0.40324292384899313,0.5574905696046202,conventional,Spokane
2016-05-15,0.19999999999999996,0.24579853181680417,0.16669306261895842,0.16202825810638663,0.5443257317155837,0.9324942684753033,conventional,Spokane
2016-05-08,0.19512195121951215,0.2796443489698067,0.21839324676268335,0.2475455180534753,0.5075501896913879,0.8459974232861887,conventional,Spokane
2016-05-01,0.20487804878048776,0.25536201963825655,0.2054998220459801,0.20508127287593048,0.4769773626935596,0.8181575377004999,conventional,Spokane
