Practica_1/avocado_standarized.csv
Date,AveragePrice,Total Volume,4046,4225,Total Bags,Small Bags,type,region
2016-04-24,0.24878048780487802,0.209924239800195,0.17861752937923314,0.15045904189970655,0.40125415395068853,0.6787561859300019,conventional,Spokane
2016-04-10,0.25365853658536586,0.22823896011110512,0.20918861713243078,0.18835405244938072,0.3835324172262054,0.6565951592553564,conventional,Spokane
2016-04-03,0.23414634146341462,0.2159378417000216,0.15601763796818896,0.15779846934076228,0.44357696002749336,0.7470878580296004,conventional,Spokane
2016-03-27,0.18048780487804877,0.2427731492165605,0.14666062049101855,0.15902815466431633,0.564946671261998,0.9685653487341276,conventional,Spokane
2016-03-20,0.28292682926829266,0.1831215050820484,0.16218870661403625,0.1389045626455097,0.32735118588041245,0.561757188189801,conventional,Spokane
2016-03-13,0.23902439024390243,0.20744343573221047,0.152049364243285,0.12509214137838684,0.45668374673603007,0.7830085303240701,conventional,Spokane
2016-03-06,0.2292682926829268,0.2235615457973875,0.15880482178022645,0.15995977095375005,0.46938274094610893,0.8046318600252275,conventional,Spokane
2016-02-28,0.24878048780487802,0.2031942559769932,0.1475308795638142,0.14144526993420803,0.4270700269745003,0.73211896917342,conventional,Spokane
2016-02-21,0.18536585365853653,0.24597780301065347,0.11379106650636228,0.19412158552604544,0.5789336145785728,0.9931942312642809,conventional,Spokane
2016-02-14,0.24878048780487802,0.17909961009943007,0.1526138384312058,0.1516080990890013,0.3136798664555482,0.5374286616251635,conventional,Spokane
2016-01-31,0.27317073170731704,0.19318849852072714,0.1318680327973632,0.13483447143227592,0.4100484858671677,0.7025393494679222,conventional,Spokane
2016-01-24,0.2585365853658536,0.19647551778614264,0.09501533633982558,0.21205064693804387,0.3812915233193273,0.6537185494416737,conventional,Spokane
2016-01-17,0.2634146341463414,0.22111219435738536,0.1401642559335387,0.1694716235728891,0.4686531621200244,0.8025121963073848,conventional,Spokane
2016-01-10,0.21463414634146338,0.24494456661013175,0.17446497737057293,0.2316029694959254,0.4444961453963344,0.7600022446203855,conventional,Spokane
2016-01-03,0.224390243902439,0.24811728456547724,0.17038549079315016,0.2678538179334542,0.4045306050234927,0.6695687277770699,conventional,Spokane
2017-12-31,0.24390243902439018,0.2152523413373609,0.2040251248201117,0.25679989910855605,0.2769922061261579,0.3741886440913665,conventional,Spokane
2017-12-24,0.4292682926829268,0.1467443883361092,0.11601505443912863,0.14836129339430276,0.2516485185905955,0.311380823306519,conventional,Spokane
2017-12-17,0.43902439024390244,0.13440197736873596,0.10876670799864634,0.1257578548665243,0.241424948094874,0.3078164151971226,conventional,Spokane
2017-12-10,0.3707317073170731,0.16372408515957168,0.1376587709802407,0.1429943503625432,0.29995790788337207,0.4072104750177891,conventional,Spokane
2017-12-03,0.3512195121951219,0.17654641227318443,0.1579249417528572,0.12670945106269016,0.34589127623244026,0.5115097356576194,conventional,Spokane
2017-11-26,0.5121951219512194,0.10710902532940314,0.08738248811341155,0.11048463318449957,0.17876422797047495,0.22403273956684652,conventional,Spokane
2017-11-19,0.4195121951219512,0.14088985063450077,0.11627899153557836,0.11840574514424501,0.26636905971320024,0.2607991308535491,conventional,Spokane
2017-11-12,0.3560975609756097,0.1907440231166273,0.15666681692399917,0.14163770052528735,0.38575955729060374,0.5824207280266767,conventional,Spokane
2017-11-05,0.4292682926829268,0.17229916536102752,0.15033966006409036,0.13536953616859074,0.32859162171288747,0.48573815123313835,conventional,Spokane
2017-10-29,0.473170731707317,0.15547477687029088,0.13744327505367215,0.15365200103725477,0.2543385558340361,0.3542691713809061,conventional,Spokane
2017-10-22,0.424390243902439,0.16992941191251154,0.14243325378665297,0.22715496047237604,0.21431505283931557,0.2653789843736704,conventional,Spokane
2017-10-15,0.5658536585365853,0.13881081435356493,0.10656384579830039,0.18735342754591483,0.18667956431756694,0.20945926573622245,conventional,Spokane
2017-10-08,0.673170731707317,0.12350719996120257,0.09314927482895893,0.15706303873126176,0.18097600660041543,0.2096832678115764,conventional,Spokane
2017-10-01,0.6780487804878048,0.12154018072126543,0.09375600048172053,0.14813768848066272,0.18353180991368034,0.20418272129864168,conventional,Spokane
2017-09-24,0.6829268292682926,0.11918595590960947,0.09011349362426742,0.14385043977050033,0.1833300571204223,0.21041399600537297,conventional,Spokane
2017-09-17,0.5951219512195121,0.14306249801911042,0.11086192315481193,0.2000989076233972,0.18277025786936366,0.19587363952469855,conventional,Spokane
2017-09-10,0.7073170731707316,0.12609468378764407,0.10483059382819128,0.1525325594543927,0.18120660673861474,0.17682518378212708,conventional,Spokane
2017-09-03,0.5560975609756097,0.1663918039371442,0.13999511551537033,0.161711555329463,0.2867381431830375,0.3738919678314008,conventional,Spokane
2017-08-27,0.4780487804878048,0.19083486674046468,0.16310249546032232,0.15622919645349573,0.36264033049947614,0.5319857638325115,conventional,Spokane
2017-08-20,0.5902439024390242,0.15814133154920204,0.13189830852853893,0.1679493247216629,0.25529900273031636,0.3049352057515024,conventional,Spokane
2017-08-13,0.5999999999999999,0.14947947108716075,0.10964282037946929,0.18500918934008212,0.22891493525289341,0.25045946490028537,conventional,Spokane
2017-08-06,0.5414634146341463,0.17076681616841669,0.13793004153157526,0.21130338425611692,0.24458529530258943,0.26815286907408337,conventional,Spokane
2017-07-30,0.5463414634146341,0.16469430648350022,0.12374942728408526,0.20975883827469965,0.24095883573187543,0.25375464122027624,conventional,Spokane
2017-07-23,0.4878048780487804,0.17040524273137345,0.11471736932153433,0.25445268517193353,0.21983516644962686,0.2102458027975268,conventional,Spokane
2017-07-16,0.44390243902439025,0.18895293652343514,0.17807054783599166,0.18297641095692418,0.29988779901099155,0.3539820010269445,conventional,Spokane
2017-07-02,0.3707317073170731,0.22452179540825457,0.12908320376441715,0.24607975808725693,0.4308184849142229,0.737367609177247,conventional,Spokane
2017-06-25,0.33170731707317075,0.22807776539269542,0.14886785585253434,0.19757959725609284,0.4808718435712977,0.8197327583180127,conventional,Spokane
2017-06-18,0.32682926829268294,0.2267332753670771,0.1459627312477167,0.20167363601711188,0.4739699153450995,0.8134163904204386,conventional,Spokane
2017-06-11,0.3512195121951219,0.20755773704228053,0.11403656904649613,0.19342420176021563,0.4489712349101816,0.7697942477309632,conventional,Spokane
2017-06-04,0.3512195121951219,0.21452730554846544,0.12141442833700791,0.20589945714168306,0.4518771360320218,0.775586564229797,conventional,Spokane
2017-05-28,0.34634146341463407,0.225026970299033,0.13634379505617494,0.22242957082876938,0.4529936086608482,0.7769437622934746,conventional,Spokane
2017-05-21,0.34146341463414626,0.20248406793706147,0.14052137500260709,0.1846153301148207,0.40308957743641055,0.6886432481006203,conventional,Spokane
2017-05-14,0.3121951219512195,0.23792988378978777,0.1602317506302398,0.2225128204401531,0.4744262928455637,0.8128399032176112,conventional,Spokane
2017-05-07,0.27317073170731704,0.3094914432927897,0.23597792966476694,0.3137647387237516,0.5498289656101244,0.8769348543396225,conventional,Spokane
2017-04-30,0.28292682926829266,0.2518610038962822,0.14957543332981238,0.20309121748482734,0.5697359556969085,0.9674793756336951,conventional,Spokane
2017-04-23,0.28292682926829266,0.2197940612825903,0.14140064951535283,0.22626280804127483,0.42099895586901015,0.7217860493469979,conventional,Spokane
2017-04-16,0.3170731707317073,0.22357902924143358,0.15010310568450402,0.17045134751009272,0.494577279670365,0.8488288033858198,conventional,Spokane
2017-04-09,0.23902439024390243,0.27721039438191053,0.21317821842796295,0.3004035657756951,0.4660374313502406,0.7950016106377834,conventional,Spokane
2017-04-02,0.33170731707317075,0.20859615697646416,0.13973568613889564,0.18908367329876763,0.42499676918667717,0.728444476539654,conventional,Spokane
2017-03-26,0.3170731707317073,0.2045399979577756,0.13885728625838387,0.17090514645555038,0.4325080640832604,0.7422652972642463,conventional,Spokane
2017-03-19,0.23414634146341462,0.24350945260193294,0.1498668204225281,0.17280472546049436,0.5735651504782006,0.967722082878928,conventional,Spokane
2017-03-05,0.19999999999999996,0.2830204108007534,0.14905347972434285,0.2219815816434253,0.6734074189119442,0.6620426566799458,conventional,Spokane
2017-02-26,0.15121951219512192,0.2690762659677272,0.13241548529642297,0.18743405568017413,0.6780844398403804,0.892268034045249,conventional,Spokane
2017-02-19,0.19999999999999996,0.2227120393082293,0.1280088862634971,0.13577579427214334,0.5624568685305028,0.8272816742537595,conventional,Spokane
2017-02-12,0.16097560975609754,0.2425007281656768,0.1460378150610325,0.19756705667633545,0.5435311347250495,0.679235620898949,conventional,Spokane
2017-02-05,0.15609756097560973,0.3639485936666839,0.20481774346229226,0.33521316860065553,0.7814966341936064,0.9749821419290028,conventional,Spokane
2017-01-29,0.19512195121951215,0.24623627684172653,0.14039677354896832,0.17881648101412906,0.5899817904484208,0.859887851774101,conventional,Spokane
2017-01-22,0.21463414634146338,0.24895444721599985,0.12787170356156974,0.27457103423649126,0.4958286114040253,0.7627718363309901,conventional,Spokane
2017-01-15,0.23902439024390243,0.23565793659295162,0.10099351493838216,0.2255927726584187,0.5366337613427894,0.8892913055763945,conventional,Spokane
2017-01-08,0.16585365853658535,0.31814320025701537,0.11205566159536957,0.4206502255178835,0.6147846125940005,0.9449003957369998,conventional,Spokane
2017-01-01,0.20975609756097557,0.2524931094694001,0.07876514038856547,0.3096180578680448,0.5280349304729866,0.8989376536756195,conventional,Spokane
2018-03-25,0.34634146341463407,0.21941755224008055,0.15663385001671892,0.2092903732274918,0.4163462274415772,0.34506852761642015,conventional,Spokane
2018-03-18,0.3560975609756097,0.21578468585161298,0.14226559351534207,0.18902996844308348,0.4457406895194202,0.4649556342501473,conventional,Spokane
2018-03-11,0.4195121951219512,0.1809914022088926,0.14001011882215297,0.16207048514330977,0.3419951877627241,0.3974385569666715,conventional,Spokane
2018-03-04,0.3658536585365853,0.2080433858253241,0.14513458908095664,0.18737489531804188,0.4128549842183588,0.3188313071188043,conventional,Spokane
2018-02-25,0.3512195121951219,0.21313168303825009,0.14667326901870972,0.17295209498532682,0.4497188544906876,0.3358715635574841,conventional,Spokane
2018-02-18,0.4097560975609756,0.17382244336973002,0.14572442760366242,0.1575922228567299,0.3110306441862195,0.37300132576724543,conventional,Spokane
2018-02-11,0.3512195121951219,0.2084982189400302,0.17202710821690073,0.1702899495401079,0.4014881478941751,0.32903605053523616,conventional,Spokane
2018-02-04,0.2634146341463414,0.31030523611358235,0.24357202495527602,0.3511626605300486,0.491525087678513,0.33435629147622276,conventional,Spokane
2018-01-28,0.3512195121951219,0.1935329179756096,0.16962119677946955,0.2028948192526948,0.30314424449473426,0.3586121438562486,conventional,Spokane
2018-01-21,0.3073170731707317,0.23044914418651213,0.1644015934453715,0.2366096365499094,0.41669462834750887,0.34464735465201407,conventional,Spokane
2018-01-14,0.3707317073170731,0.22502991349187493,0.16865371896989853,0.2169574853091005,0.4140917583135503,0.34383705282569954,conventional,Spokane
2018-01-07,0.3609756097560975,0.18657059763090109,0.18316514604003528,0.15482344705820672,0.3167255387688221,0.4181129825991324,conventional,Spokane
