Practica_1/avocado_standarized.csv
Date,AveragePrice,Total Volume,4046,4225,Total Bags,Small Bags,type,region
2015-12-27,0.32195121951219513,0.33393556037414307,0.3396382655639124,0.17859238014535736,0.682412702620223,0.895862339762239,conventional,StLouis
2015-12-20,0.33658536585365845,0.2972692859135474,0.2713584182343328,0.16910369571593958,0.6357711900047789,0.9070529376239314,conventional,StLouis
2015-12-13,0.26829268292682923,0.3646022021188484,0.4351166187525188,0.17345031734043354,0.6864206973537518,0.8567323509439441,conventional,StLouis
2015-12-06,0.3170731707317073,0.32388194308800716,0.40691861008827734,0.17870623727343707,0.5520477997826357,0.8239828182282186,conventional,StLouis
2015-11-29,0.3512195121951219,0.28419533777607564,0.25653912061784023,0.18793886715345845,0.5778721573196655,0.8870246069576179,conventional,StLouis
2015-11-22,0.34634146341463407,0.29630615900221546,0.26989589858033736,0.1913251779416162,0.6059375873849042,0.9250036145440975,conventional,StLouis
2015-11-15,0.3073170731707317,0.3516479145381141,0.4225877138391713,0.20192451846299256,0.6149917240271858,0.9472600069209128,conventional,StLouis
2015-11-08,0.3609756097560975,0.3249505417308834,0.3651778631927171,0.20921966419586543,0.5733572352490263,0.9087244438700015,conventional,StLouis
2015-11-01,0.3756097560975609,0.3338388084004962,0.32974072536615134,0.2448548906135532,0.6114562720245683,0.986975988848039,conventional,StLouis
2015-10-25,0.3756097560975609,0.33206182277599444,0.35235104508460047,0.26242898985275803,0.5521127286364199,0.8674760179023808,conventional,StLouis
2015-10-18,0.39999999999999997,0.31597492373341723,0.35936438457175657,0.24725758067418724,0.49662642357851583,0.7867239596820796,conventional,StLouis
2015-10-11,0.34634146341463407,0.3490686013664278,0.5224101634956763,0.18157207857629704,0.4975316764835462,0.8014887782013017,conventional,StLouis
2015-10-04,0.38536585365853654,0.33195444016551556,0.434647344919295,0.2596186955246426,0.44585304233655987,0.7186167496210286,conventional,StLouis
2015-09-27,0.33170731707317075,0.3862908757046393,0.6662085836407441,0.24253552101503598,0.38084764931202647,0.6224269467290561,conventional,StLouis
2015-09-20,0.39024390243902435,0.36278249626988746,0.5245710433487919,0.26405976117634894,0.4461717921015612,0.7294967190058785,conventional,StLouis
2015-09-13,0.34634146341463407,0.43935591782842803,0.732397925372341,0.2366817625961976,0.5146580683121204,0.8554533466232033,conventional,StLouis
2015-09-06,0.4195121951219512,0.3967183004458256,0.5764089484296652,0.2591483175076413,0.5214271022681247,0.8937566282612732,conventional,StLouis
2015-08-30,0.4292682926829268,0.36160027720483745,0.5029245683521727,0.24363328227357167,0.49622872318525413,0.8456155005143156,conventional,StLouis
2015-08-23,0.32682926829268294,0.4453822149929011,0.7474826402321408,0.2487151928061,0.5057048527218005,0.8678988773984971,conventional,StLouis
2015-08-09,0.34634146341463407,0.44084291110149715,0.6224123164365599,0.33919405874092584,0.5374540798049741,0.9225874278873537,conventional,StLouis
2015-08-02,0.39999999999999997,0.40505491613470834,0.5334708300058063,0.3099426250763417,0.5488983484761055,0.942268333021325,conventional,StLouis
2015-07-26,0.3024390243902439,0.4764204458159626,0.808192411017944,0.27426474651733224,0.5192175564048206,0.8913491809052106,conventional,StLouis
2015-07-19,0.3707317073170731,0.44890359147938647,0.6663656137664423,0.2955362621137041,0.5684773897993466,0.9759143340016598,conventional,StLouis
2015-07-12,0.33658536585365845,0.5128516602034665,0.8913874291127396,0.31318992672617185,0.5059639429622793,0.8651288257246988,conventional,StLouis
2015-06-07,0.4195121951219512,0.4273847225492742,0.6254595351396957,0.2724226274569263,0.5645422725688275,0.969092006590966,conventional,StLouis
2015-05-31,0.3512195121951219,0.5427578380245448,0.9897135175757349,0.2759305889538039,0.5460147750206285,0.9369979214263274,conventional,StLouis
2015-05-24,0.3609756097560975,0.518583769868501,0.9093913972519057,0.27470983082261957,0.5558787807772367,0.9541685007699017,conventional,StLouis
2015-05-17,0.4292682926829268,0.4104028952056201,0.649454061287499,0.2660663956389957,0.47169195751205845,0.8097612162408097,conventional,StLouis
2015-05-10,0.39512195121951216,0.47986865979978777,0.8466845719583487,0.23416868709340535,0.5324976058043358,0.9141144458953728,conventional,StLouis
2015-04-26,0.45365853658536587,0.39121591357134117,0.5851153740835704,0.2998439158349972,0.4367011105156074,0.74965951224583,conventional,StLouis
2015-04-19,0.43902439024390244,0.406106558472555,0.6825444262715303,0.2704322178121577,0.40482461573416356,0.694896754361716,conventional,StLouis
2015-04-12,0.3756097560975609,0.4701213542104691,0.9299026668882402,0.26527768527820955,0.3422691928843335,0.5875790619234649,conventional,StLouis
2015-04-05,0.44878048780487806,0.3500578216590748,0.5245840955528988,0.24475180279690356,0.4186703588886574,0.7169664016818708,conventional,StLouis
2015-03-29,0.3756097560975609,0.4355732121745304,0.753002444260697,0.28039177621370853,0.4183562532782596,0.7158138872394098,conventional,StLouis
2015-03-22,0.43902439024390244,0.35854423268513613,0.52476541354294,0.2670808364354146,0.42504088865541095,0.7284821935215411,conventional,StLouis
2015-03-15,0.43414634146341463,0.34640648344090524,0.47658239472960073,0.25895326543943753,0.4496261500199475,0.7695296155734952,conventional,StLouis
2015-03-08,0.44878048780487806,0.3238413314196137,0.49757753782952613,0.22570712574163007,0.372100384116241,0.6387907506308012,conventional,StLouis
2015-03-01,0.39024390243902435,0.39358142794359974,0.6307234756001154,0.27917746549923556,0.41106287640538147,0.7055760264730283,conventional,StLouis
2015-02-22,0.4292682926829268,0.34270210185920397,0.5094218748212891,0.25979291747731714,0.3900164608487496,0.6694112670437445,conventional,StLouis
2015-02-15,0.38536585365853654,0.3712685997981892,0.5922099870890827,0.23756512953639536,0.4244456330701675,0.7281757047134421,conventional,StLouis
2015-02-08,0.3170731707317073,0.47142575970671036,0.9472370031332018,0.22669088817061994,0.37406012804827343,0.6421210374745813,conventional,StLouis
2015-01-25,0.3560975609756097,0.3881850179755503,0.6662058924646397,0.22234051145727207,0.41418312312430855,0.7110348696563968,conventional,StLouis
2015-01-18,0.4097560975609756,0.374502158381685,0.5296568279510934,0.3592244820457157,0.3663429720678214,0.6288388336498647,conventional,StLouis
2015-01-11,0.4146341463414634,0.36204138274098974,0.5334758086815996,0.29084495167271496,0.39753891957851434,0.6824274588214118,conventional,StLouis
2015-01-04,0.34634146341463407,0.4363188942415708,0.8457955419322241,0.24482988030477157,0.34306102124423865,0.5887680667792963,conventional,StLouis
2016-12-25,0.28292682926829266,0.28981644074989305,0.39365777255390594,0.0647241285005576,0.5745169342399318,0.7283356185838009,conventional,StLouis
2016-12-18,0.2585365853658536,0.302666662303127,0.3929698406621908,0.054958346854014906,0.6400811440982038,0.8093216447486539,conventional,StLouis
2016-12-11,0.32682926829268294,0.25805229557290865,0.26097888839625416,0.04925259561660685,0.6402188611443321,0.8750232473064172,conventional,StLouis
2016-12-04,0.32195121951219513,0.25937846751770477,0.2743690369424472,0.04692642434771273,0.6317422965755343,0.6192873912896156,conventional,StLouis
2016-11-27,0.3512195121951219,0.2203871146402385,0.22986028086459415,0.045866213977716036,0.5338027025585986,0.623485628679993,conventional,StLouis
2016-11-20,0.4146341463414634,0.21930351449951874,0.27543030223926035,0.062246761767244016,0.4476300566470757,0.5409889300658162,conventional,StLouis
2016-11-13,0.43902439024390244,0.28116209201883635,0.4029332473951098,0.07813808524476804,0.5097696490385573,0.6225079002511552,conventional,StLouis
2016-11-06,0.39512195121951216,0.30664816525860883,0.43219675995852896,0.07725818999049185,0.5756615397283759,0.692356377642661,conventional,StLouis
2016-10-30,0.27804878048780485,0.2830777371687939,0.3490573819296944,0.042582069946677736,0.6342403158882514,0.6990178712566086,conventional,StLouis
2016-10-23,0.24878048780487802,0.4048481238913745,0.6086338984578888,0.05982600476967136,0.7631633873427675,0.9399182277434159,conventional,StLouis
2016-10-16,0.4146341463414634,0.2726110844991324,0.3625962179556615,0.08901480638620168,0.5152909236875195,0.6570342707843184,conventional,StLouis
2016-10-09,0.4195121951219512,0.275682921225202,0.3362643380816893,0.1400749459054653,0.49767073318965627,0.5981582153796053,conventional,StLouis
2016-10-02,0.3512195121951219,0.3073787360071772,0.34890445584755564,0.10160519420894448,0.659066001564187,0.6295703284489842,conventional,StLouis
2016-09-25,0.3024390243902439,0.36417196882491076,0.5990197391039326,0.08958288756413763,0.5732282706481122,0.5876190787213208,conventional,StLouis
2016-09-18,0.3560975609756097,0.3238245727917153,0.31615297721448476,0.16342437180197503,0.6912847348156462,0.7813068198282773,conventional,StLouis
2016-09-11,0.2975609756097561,0.4010462874840044,0.6589535092600006,0.14576241765373546,0.5727311674842016,0.7784866321663607,conventional,StLouis
2016-09-04,0.3512195121951219,0.33247430905637787,0.28062205190067674,0.19238956850486533,0.7364570869843905,0.9196534759955175,conventional,StLouis
2016-08-28,0.34634146341463407,0.29235180370608166,0.2951141025028611,0.15588599550239546,0.6003794274311101,0.6676896248095561,conventional,StLouis
2016-03-13,0.2195121951219512,0.37891226928580374,0.4517328146539921,0.06462904681674743,0.8597512644380738,0.9979224995749173,conventional,StLouis
2016-01-17,0.34634146341463407,0.36812895981612687,0.3756867713220201,0.23221837896356717,0.7059885748438113,0.9802468806446109,conventional,StLouis
2017-12-24,0.45853658536585357,0.3291457336651644,0.4838972132198644,0.09016053359104108,0.5802523758646501,0.8046261871458379,conventional,StLouis
2017-12-17,0.3560975609756097,0.3387772883121178,0.47601563304199107,0.04174929042990808,0.6913300153230308,0.9139192681801601,conventional,StLouis
2017-12-10,0.3609756097560975,0.3433564131633905,0.40260014707277414,0.04659958991595686,0.802368268777947,0.9462900978663688,conventional,StLouis
2017-12-03,0.45365853658536587,0.29010313848247266,0.41522156116471415,0.0461521675364775,0.5681587293450108,0.6323727308674093,conventional,StLouis
2017-11-26,0.424390243902439,0.27709817966378064,0.40035281318730115,0.07329508338422779,0.4987554112215814,0.5677785663591199,conventional,StLouis
2017-11-19,0.38536585365853654,0.33412144276982386,0.4756317367706829,0.047902180643863125,0.6642480743057592,0.8952110318798956,conventional,StLouis
2017-11-12,0.4195121951219512,0.3715592950016437,0.602534145978811,0.05415121530262474,0.6422776506043518,0.7822287393896074,conventional,StLouis
2017-11-05,0.5414634146341463,0.27587137342358803,0.391197095682748,0.11428060291139834,0.453891270159315,0.6838182341982328,conventional,StLouis
2017-10-29,0.43902439024390244,0.294987564680781,0.5639990607795395,0.08257879664280887,0.3464024904814925,0.5247260114245658,conventional,StLouis
2017-10-22,0.5707317073170731,0.2639674542614105,0.48511591231879136,0.06282327418241797,0.35021373381902854,0.5214069170185002,conventional,StLouis
2017-10-15,0.6390243902439023,0.27532022761774877,0.37845827903324886,0.12685660803532336,0.45751862283668354,0.6295928666454778,conventional,StLouis
2017-10-08,0.6780487804878048,0.2800569450708186,0.3382810381750058,0.04597695367353967,0.6318216937571219,0.7897574169448294,conventional,StLouis
2017-10-01,0.6780487804878048,0.28441785633340066,0.3581290001809816,0.04509805032952677,0.6237621206853236,0.739889280726423,conventional,StLouis
2017-09-24,0.6780487804878048,0.31805431144036406,0.37006786473341546,0.055240332771723195,0.7320195972606989,0.9033890241436213,conventional,StLouis
2017-09-17,0.6243902439024389,0.26939039689328864,0.3530150255089855,0.06511770432288663,0.544786664059986,0.7153261729329753,conventional,StLouis
2017-09-10,0.5024390243902439,0.4337078648723938,0.7387102807636751,0.10918799391817308,0.645558031346436,0.9444473319911607,conventional,StLouis
2017-09-03,0.6097560975609755,0.3419544210567262,0.48083687503321926,0.10715925402680142,0.6165268850556552,0.8180422402599343,conventional,StLouis
2017-08-27,0.6195121951219511,0.33714175165703403,0.4612901901921433,0.13111707516837676,0.5921045263449046,0.8196948880150611,conventional,StLouis
2017-08-20,0.5658536585365853,0.3689316827175738,0.5231207012666693,0.14637407203252334,0.6198926467939123,0.93344853878126,conventional,StLouis
2017-08-13,0.5121951219512194,0.3721644505925449,0.5488912690846436,0.11505684354316015,0.638143191968542,0.9220593901409343,conventional,StLouis
2017-08-06,0.5121951219512194,0.35965963687984925,0.49752189776356537,0.1297423583941823,0.6376591281617873,0.8849835969459058,conventional,StLouis
2017-07-30,0.5268292682926828,0.34003038561075655,0.4470755325669313,0.1356699432769031,0.617487064019939,0.9622606332374617,conventional,StLouis
2017-04-30,0.45365853658536587,0.4407304547779848,0.7939344927368521,0.15891302222304096,0.5368059523057825,0.9115053813393852,conventional,StLouis
2017-04-16,0.5268292682926828,0.3178285641565632,0.44223807623967354,0.14853934128656432,0.5166997101243731,0.8571828082316852,conventional,StLouis
2017-04-09,0.4048780487804878,0.3187258865473398,0.52010712226484,0.08689055970662128,0.4960666243274572,0.8512790273189006,conventional,StLouis
2017-04-02,0.43414634146341463,0.2559082235158165,0.4272685437171466,0.05935846078199371,0.3986553028966753,0.6839691021257812,conventional,StLouis
2017-03-26,0.43414634146341463,0.24352919835092465,0.31011088318344604,0.06321614149741608,0.4990035162502095,0.8497387639041124,conventional,StLouis
2017-03-19,0.3609756097560975,0.2991778805791597,0.43246237904004403,0.06898764221513401,0.555390340747875,0.7863147457607109,conventional,StLouis
2017-03-12,0.44878048780487806,0.22591295920095567,0.32525305465307713,0.07316011273768651,0.3949371212725412,0.6730609216650484,conventional,StLouis
2017-03-05,0.45853658536585357,0.24694516899824281,0.3263622228845506,0.05847041769341189,0.4974044087852758,0.7485372020530917,conventional,StLouis
2017-02-26,0.4146341463414634,0.3122614709678077,0.3586574798885046,0.09107783803239013,0.6784620453339152,0.9459196741743392,conventional,StLouis
2017-02-19,0.3170731707317073,0.31725152264654005,0.5117093072307193,0.061834127097713076,0.5321050854296705,0.8028749539461852,conventional,StLouis
2017-01-29,0.27317073170731704,0.42232098122886513,0.5399386680965783,0.10685679224722938,0.8651260695956933,0.9730469234518521,conventional,StLouis
2017-01-22,0.34146341463414626,0.34119158500752506,0.42398746181052915,0.05891521859576681,0.7500788389899284,0.8333015192124326,conventional,StLouis
2017-01-08,0.32682926829268294,0.3350187212323491,0.4410339767711135,0.07279721528278653,0.6846031360011203,0.8894225484076764,conventional,StLouis
2017-01-01,0.32682926829268294,0.3168086599803329,0.6067374266570412,0.07245443943608486,0.39031216846206407,0.6073878368252972,conventional,StLouis
2018-02-18,0.38048780487804873,0.37945820959385546,0.6790902344619902,0.05487679766022539,0.5696033293587109,0.7052919225403583,conventional,StLouis
2018-01-07,0.43902439024390244,0.37731156773405805,0.626064376969184,0.09747934346876688,0.5761974930317585,0.8144462480112341,conventional,StLouis
2015-12-27,0.44878048780487806,0.0928196483688441,0.005575107697503732,0.1669279405534009,0.1602291390157125,0.2750679557288493,conventional,Syracuse
2015-12-20,0.44878048780487806,0.08627638157809915,0.004350824408159915,0.15751060281220733,0.1471326230337029,0.25258495481858206,conventional,Syracuse
2015-12-13,0.4292682926829268,0.1104795741648026,0.00520614745357553,0.234868975739292,0.14696275414801152,0.2522933381537476,conventional,Syracuse
2015-12-06,0.3560975609756097,0.11102463590782685,0.005886274934587601,0.24400687818916864,0.1367020304154616,0.23467858768608002,conventional,Syracuse
2015-11-29,0.473170731707317,0.07856154832326194,0.004839811106349225,0.15080826516311965,0.12359774440555758,0.21218224784319425,conventional,Syracuse
2015-11-22,0.45853658536585357,0.08569499117119021,0.005696479739817095,0.158099159852007,0.14204843478146706,0.24385684657513704,conventional,Syracuse
2015-11-15,0.3756097560975609,0.11342575412782248,0.006138370856177494,0.24256960021765347,0.14786193392779107,0.2509068557667349,conventional,Syracuse
2015-11-08,0.38536585365853654,0.12184715134185323,0.0043453074971456715,0.2677353555077235,0.15283501971220353,0.2559008294822915,conventional,Syracuse
2015-11-01,0.3512195121951219,0.12082698359611471,0.007150724027291217,0.2570574415233475,0.15827252095697092,0.266393816500137,conventional,Syracuse
2015-10-25,0.39999999999999997,0.10737610909774513,0.006295804658291279,0.21572971295533996,0.15690901502750187,0.25901048731413845,conventional,Syracuse
2015-10-18,0.39999999999999997,0.10668112023278811,0.005038487182264612,0.19948420666308636,0.17620172635730108,0.29690072200422524,conventional,Syracuse
2015-10-11,0.4292682926829268,0.09902732528323235,0.007093940211486075,0.19619148969334388,0.14646252511080998,0.24318928665994816,conventional,Syracuse
2015-10-04,0.43902439024390244,0.09185287541264826,0.011958375579191558,0.16082259118135098,0.1555563156885526,0.2588689719715295,conventional,Syracuse
2015-09-27,0.3512195121951219,0.11884869675970064,0.006228727093886388,0.30564602406941105,0.09029352932618406,0.15303220769607348,conventional,Syracuse
2015-09-20,0.4878048780487804,0.08118202226648384,0.005217854069630145,0.19341647903030856,0.07985472012672111,0.13020546095901406,conventional,Syracuse
2015-09-13,0.4878048780487804,0.09439311440473915,0.00593606169252102,0.21748829900142977,0.10213692736122439,0.16804877940333882,conventional,Syracuse
2015-09-06,0.44878048780487806,0.10602999372682607,0.0045431762202297055,0.2657251076576889,0.09003783289099249,0.15456940468957006,conventional,Syracuse
