Practica_1/avocado_standarized.csv
Date,AveragePrice,Total Volume,4046,4225,Total Bags,Small Bags,type,region
2015-08-30,0.3707317073170731,0.11776090147097484,0.004044501288064163,0.31126179487579164,0.08095163371981332,0.13897097954221702,conventional,Syracuse
2015-08-23,0.4878048780487804,0.0941146312551661,0.0038960829259004847,0.21691695868977157,0.10414302352862688,0.17878401370322347,conventional,Syracuse
2015-08-16,0.4780487804878048,0.09699553383664714,0.0041673534772350045,0.22872543782210517,0.10057559830777722,0.1726597570995702,conventional,Syracuse
2015-08-09,0.44390243902439025,0.1120399276176631,0.003437237400081677,0.2805484271845761,0.0969887926725243,0.16650222982490273,conventional,Syracuse
2015-08-02,0.5073170731707317,0.0898681530874082,0.004861475073990523,0.18890059500445652,0.11964235365398065,0.20539196453499792,conventional,Syracuse
2015-07-26,0.38536585365853654,0.13148320863457222,0.005907266108202772,0.2943242894734232,0.1535506660744774,0.2636029131615555,conventional,Syracuse
2015-07-19,0.45853658536585357,0.13034230408993766,0.00399114872179227,0.24407985444425398,0.20860086715297513,0.3581084841590976,conventional,Syracuse
2015-07-12,0.39512195121951216,0.16486340828715687,0.003885049103871997,0.30570532613300955,0.2555199573166468,0.4371560721044435,conventional,Syracuse
2015-07-05,0.49268292682926823,0.1511963408996598,0.005367214343430402,0.24854869358333254,0.2595674273643056,0.4422645766552427,conventional,Syracuse
2015-06-28,0.4634146341463414,0.14025027725864958,0.00508430445544388,0.2142970402814758,0.2676789792433975,0.45905185333736265,conventional,Syracuse
2015-06-21,0.4682926829268292,0.13241229115109085,0.0042011950167492075,0.2303445896254689,0.21489387526211562,0.36891179301165655,conventional,Syracuse
2015-06-14,0.44390243902439025,0.1429864582159854,0.0036844219252808413,0.19370973021457855,0.30865078288389675,0.5298657934725397,conventional,Syracuse
2015-06-07,0.38048780487804873,0.15307227491037703,0.004252125524527043,0.29633595433811954,0.24370415627723138,0.4183708686297589,conventional,Syracuse
2015-05-31,0.44878048780487806,0.14222873980806913,0.005005722113192212,0.24787568246968655,0.2595851108760653,0.44563396037049113,conventional,Syracuse
2015-05-24,0.44390243902439025,0.1350787140452479,0.003766368237663144,0.24494855528270154,0.23592019591902058,0.4050080179250723,conventional,Syracuse
2015-05-17,0.4878048780487804,0.15279407729443792,0.005001819907840675,0.29880687365472175,0.23839856688533786,0.40667323800749466,conventional,Syracuse
2015-05-10,0.43902439024390244,0.17269034643949555,0.006049292927118242,0.31805737208962903,0.29377368016475314,0.4992411373908527,conventional,Syracuse
2015-05-03,0.4682926829268292,0.11093381424811516,0.004269618169206352,0.17146911829096698,0.2298543941427922,0.3895228970444452,conventional,Syracuse
2015-04-26,0.4682926829268292,0.1070234750598561,0.00516766363528105,0.16596210335988346,0.21969869975281486,0.3735486819678023,conventional,Syracuse
2015-04-19,0.4682926829268292,0.11578667799781268,0.004851585001806452,0.17630942782364972,0.24244023173974227,0.4141120694188718,conventional,Syracuse
2015-04-12,0.44878048780487806,0.10266981195875041,0.0045088637248972135,0.15559933343630308,0.21587075532083919,0.3671220762247938,conventional,Syracuse
2015-04-05,0.45853658536585357,0.10966962506600494,0.0048237313291247825,0.17483119812840706,0.21972558226311617,0.3731860776500664,conventional,Syracuse
2015-03-29,0.4146341463414634,0.11494958123966711,0.006868150536317758,0.2044631710804312,0.20093024202922405,0.3430939056256718,conventional,Syracuse
2015-03-22,0.43414634146341463,0.10563958139275709,0.013660477185890972,0.15505279088122725,0.21633418836387414,0.37138440182016635,conventional,Syracuse
2015-03-15,0.44878048780487806,0.09223619333412068,0.017051426356975093,0.14511880959432288,0.17007403228991386,0.29162816391432356,conventional,Syracuse
2015-03-08,0.4097560975609756,0.10128677489255314,0.005358938976909036,0.1687761527768528,0.19251771320755592,0.32685260525452753,conventional,Syracuse
2015-03-01,0.4292682926829268,0.10500066694067646,0.004902044553765999,0.1613743766906756,0.21730151218139424,0.3722273610332368,conventional,Syracuse
2015-02-22,0.43414634146341463,0.09351905202306401,0.007391382450436946,0.1519114110773704,0.1793473373052168,0.3038340538656763,conventional,Syracuse
2015-02-15,0.44390243902439025,0.08492688373182444,0.0059242205176611796,0.13902160805657857,0.1629112276099278,0.2777984505679856,conventional,Syracuse
2015-02-08,0.39512195121951216,0.11305473611673424,0.007358751940169773,0.18680844370696706,0.21508303525154482,0.36272896776133307,conventional,Syracuse
2015-02-01,0.39999999999999997,0.12594139615448136,0.00889077121706421,0.2142801069562667,0.23081948519367598,0.39546792132360237,conventional,Syracuse
2015-01-25,0.45365853658536587,0.0975938146562086,0.005450640802670185,0.1595997783789069,0.18884829520675908,0.31775943955631336,conventional,Syracuse
2015-01-18,0.4682926829268292,0.08853077943851217,0.005313996335963734,0.17539424890429342,0.13234375925202674,0.22719667305555544,conventional,Syracuse
2015-01-11,0.49268292682926823,0.09210201449030478,0.0066222443197682355,0.15286959639171388,0.173637617152149,0.2980865071177004,conventional,Syracuse
2015-01-04,0.43414634146341463,0.09018239383359808,0.016864322338309094,0.14811352838067815,0.15821571937374287,0.27161148564891835,conventional,Syracuse
2016-12-25,0.49756097560975604,0.10092840821786006,0.005033239388860819,0.2086753888642486,0.1414042369515555,0.22793062099170824,conventional,Syracuse
2016-12-18,0.4780487804878048,0.0921284153693794,0.005185896353389099,0.19886823038957985,0.117756916195605,0.1881278593420288,conventional,Syracuse
2016-12-11,0.5170731707317072,0.09186857976251378,0.005129718052207471,0.22237806234581112,0.0870481583649575,0.13528882085522181,conventional,Syracuse
2016-12-04,0.5853658536585364,0.11146093130045394,0.005358669859298585,0.3042518941943493,0.06330545381830334,0.10489491297573035,conventional,Syracuse
2016-11-27,0.5414634146341463,0.07396065702343442,0.0046484012059160125,0.17563790457539866,0.07386188516416772,0.12679989347252432,conventional,Syracuse
2016-11-20,0.5707317073170731,0.08459355616041342,0.005481118372053751,0.19750995098546287,0.08847462831357081,0.15188582609619578,conventional,Syracuse
2016-11-13,0.5756097560975609,0.08607059968454683,0.00851864884121321,0.1939940542064789,0.09458749681049286,0.16237988636149336,conventional,Syracuse
2016-11-06,0.5609756097560975,0.08518606041491947,0.0062055829793876095,0.18918555665295472,0.1001461926282798,0.1719225894210612,conventional,Syracuse
2016-10-30,0.5463414634146341,0.073832672063062,0.006508474849950112,0.18368775231717324,0.06067811266201066,0.10413306060582365,conventional,Syracuse
2016-10-23,0.45853658536585357,0.12375374727202813,0.0074738669980401505,0.262530802356212,0.1627435021802073,0.27938440366001915,conventional,Syracuse
2016-10-16,0.44878048780487806,0.12073466837585635,0.009043562740397717,0.22361858783152833,0.197607081478388,0.33923527439334306,conventional,Syracuse
2016-10-09,0.38536585365853654,0.15267059497983113,0.006596341749762336,0.32859379716001924,0.19807899903464102,0.340045422898593,conventional,Syracuse
2016-10-02,0.4829268292682926,0.11797355813586688,0.006641889905331153,0.22822246846788125,0.18362371058843135,0.31522979531177914,conventional,Syracuse
2016-09-25,0.5365853658536585,0.13456912436520657,0.02201388781428732,0.27404907688579855,0.17305245367210176,0.2968093426497345,conventional,Syracuse
2016-09-18,0.49756097560975604,0.12264260411769812,0.016221938602162766,0.2562573950452665,0.15474412449692418,0.26173346942111025,conventional,Syracuse
2016-09-11,0.44390243902439025,0.13378080993020966,0.012614282475263047,0.2812333412213816,0.1733935311034663,0.28574247488715954,conventional,Syracuse
2016-09-04,0.5317073170731706,0.11357284787754175,0.023857141607668237,0.2546242147967505,0.10972440425543886,0.18596204598374705,conventional,Syracuse
2016-08-28,0.45853658536585357,0.15732303608264372,0.039959793828998634,0.321306019903388,0.18225305980572606,0.2960114598296511,conventional,Syracuse
2016-08-21,0.4878048780487804,0.12829992593477177,0.01953975506260685,0.2635045748318358,0.1641793497486932,0.2672071847477432,conventional,Syracuse
2016-08-14,0.44390243902439025,0.1320653238576288,0.03324652047749538,0.278226861213333,0.1426513710839394,0.23515602948118758,conventional,Syracuse
2016-08-07,0.5317073170731706,0.13274913298261165,0.018328120300954223,0.2946286642227887,0.1447996498307429,0.23792408798114642,conventional,Syracuse
2016-07-31,0.5658536585365853,0.14985352014759368,0.013258280917072082,0.3373170811198384,0.16719537092103678,0.2786710007465203,conventional,Syracuse
2016-07-24,0.5170731707317072,0.12490455763734712,0.013056846385649573,0.2514634927427594,0.17415079623584123,0.2546577022906627,conventional,Syracuse
2016-07-17,0.424390243902439,0.14677037189679576,0.01487641782931081,0.2772834128514728,0.2282683260350146,0.37508327250320095,conventional,Syracuse
2016-07-10,0.4146341463414634,0.18516126950625766,0.023570060396719727,0.3481668789826969,0.28336523659154417,0.4408702748939363,conventional,Syracuse
2016-07-03,0.45365853658536587,0.18696061461070776,0.013258280917072082,0.3368095773186966,0.31880040414862326,0.5033633275331975,conventional,Syracuse
2016-06-26,0.4829268292682926,0.18506073970299275,0.013136101521927367,0.37208799944453025,0.266662266627882,0.4347086079505251,conventional,Syracuse
2016-06-19,0.44390243902439025,0.17159949813729938,0.01399922897804606,0.3254648162344536,0.269528692435592,0.4369463288880957,conventional,Syracuse
2016-06-12,0.4146341463414634,0.1748009232049165,0.02344559350188618,0.3093636328855095,0.28962886149175066,0.4792719886554678,conventional,Syracuse
2016-06-05,0.424390243902439,0.17556059642001884,0.011006372032221452,0.33268053829552974,0.2790537642168066,0.4544480817311666,conventional,Syracuse
2016-05-29,0.44878048780487806,0.18030183848298004,0.008474917229514937,0.37050016366519345,0.25172407541356867,0.4273858405850364,conventional,Syracuse
2016-05-22,0.4048780487804878,0.15935309236329973,0.006400289570548845,0.2881668648125502,0.27161311405659666,0.4490340082986559,conventional,Syracuse
2016-05-15,0.38536585365853654,0.15672598525412065,0.006831752379504272,0.29496180436978986,0.2509429643335178,0.4307978475562385,conventional,Syracuse
2016-05-08,0.38536585365853654,0.18787941791640528,0.007696359982480444,0.36300330589520613,0.2932396916960104,0.503409323852572,conventional,Syracuse
2016-05-01,0.424390243902439,0.18301196998725225,0.006675731444845355,0.38932817917867,0.23842285938634106,0.409304380796782,conventional,Syracuse
2016-04-24,0.38048780487804873,0.15096918791181502,0.0067312369520008564,0.2831177581694438,0.24357108338570657,0.4180870713392181,conventional,Syracuse
2016-04-17,0.3756097560975609,0.1547560008572159,0.005923480444232439,0.2775453480117159,0.2722761564369188,0.4674208836475572,conventional,Syracuse
2016-04-10,0.4097560975609756,0.1379518193621104,0.006642697258162506,0.23106081968630132,0.2615970122367222,0.4490878239923241,conventional,Syracuse
2016-04-03,0.28780487804878047,0.129100320638896,0.004386213373934211,0.22549556545261576,0.2355977844167357,0.40445452888193223,conventional,Syracuse
2016-03-27,0.4146341463414634,0.15889483284498662,0.005867974937076938,0.30593842504488394,0.2532771878857941,0.43480504690014704,conventional,Syracuse
2016-03-20,0.39024390243902435,0.1591871094654905,0.005275579797071866,0.3277338109617421,0.22782007580510663,0.3911024106517663,conventional,Syracuse
2016-03-13,0.3609756097560975,0.1562514503186742,0.005886207655184988,0.30191226128616755,0.24752602758395623,0.42486386239373125,conventional,Syracuse
2016-03-06,0.44878048780487806,0.14228824062455256,0.006886585092633646,0.2731095253142584,0.22557605602493766,0.3857200746796241,conventional,Syracuse
2016-02-28,0.4048780487804878,0.141124317676199,0.005797533402541412,0.2778718281898063,0.2165579115808336,0.36116294640769514,conventional,Syracuse
2016-02-21,0.43902439024390244,0.1434444541647903,0.006179276732966033,0.2863526609409828,0.2146831914023123,0.34024903327235756,conventional,Syracuse
2016-02-14,0.4097560975609756,0.1442629473084798,0.007324977680058183,0.26700240467388114,0.24069929893806938,0.3961084967314249,conventional,Syracuse
2016-02-07,0.4097560975609756,0.19954546559740324,0.009841765572995124,0.43011567090684694,0.25669501774201026,0.42980371377349047,conventional,Syracuse
2016-01-31,0.3707317073170731,0.1539470621081998,0.007945966566173666,0.29171932056981,0.2481645988419443,0.4177269201585156,conventional,Syracuse
2016-01-24,0.4292682926829268,0.14100061572033537,0.00048481537522732034,0.2470490669666959,0.26174866174666117,0.44792933002834445,conventional,Syracuse
2016-01-17,0.45365853658536587,0.15385964488796947,0.007255881733574911,0.29213422246279985,0.24841243593857604,0.4264536485123793,conventional,Syracuse
2016-01-10,0.44878048780487806,0.12649616604105882,0.005098769527005616,0.2252180431310923,0.2244305574298391,0.3852835696087599,conventional,Syracuse
2016-01-03,0.43902439024390244,0.1518076244816274,0.005647163937701965,0.33595334620927325,0.18683478625412403,0.32074230086775124,conventional,Syracuse
2017-12-31,0.4634146341463414,0.1295717805967464,0.017469971520628874,0.29540596761554694,0.13184987127207234,0.17700594931726898,conventional,Syracuse
2017-12-24,0.424390243902439,0.12673188503792118,0.018087394598405884,0.24376095529460445,0.1843869595353916,0.26988616370918,conventional,Syracuse
2017-12-17,0.4195121951219512,0.1079211488766437,0.016724986695498135,0.21313948100420996,0.14830973760437177,0.2119081097797221,conventional,Syracuse
2017-12-10,0.39024390243902435,0.1315230076303153,0.017028618639489377,0.24331409972098983,0.20595289523296284,0.30424081465001174,conventional,Syracuse
2017-12-03,0.39512195121951216,0.17736787057384157,0.018777681269212476,0.404763153084345,0.1864002898666958,0.29673758839151027,conventional,Syracuse
2017-11-26,0.4146341463414634,0.09821355442656533,0.01363753490960003,0.18411271501426227,0.14959536463356593,0.21300895502341902,conventional,Syracuse
2017-11-19,0.4829268292682926,0.13407218602156037,0.021468857373721607,0.2754818204103958,0.16967240222737226,0.23011958583074182,conventional,Syracuse
2017-11-12,0.4292682926829268,0.13665077437709905,0.027402900684164247,0.2675819636705781,0.18214910219113892,0.26262365152207184,conventional,Syracuse
2017-11-05,0.4878048780487804,0.11408946607780261,0.02185187901279587,0.2085093147458797,0.1722215072407282,0.11414323959130124,conventional,Syracuse
2017-10-29,0.49756097560975604,0.11758909807985879,0.027087562124118388,0.21362657979422114,0.17338647556089554,0.07825246490442501,conventional,Syracuse
2017-10-22,0.521951219512195,0.09646527591433526,0.06132537731970971,0.16503509236810074,0.10313935027026745,0.14050802321464903,conventional,Syracuse
2017-10-15,0.5512195121951219,0.0958315889241679,0.0653509730956397,0.180153292646119,0.07602061325882918,0.09372440017349812,conventional,Syracuse
2017-10-08,0.5512195121951219,0.09964664773520103,0.06049407302102683,0.13379331990948112,0.1568710579946844,0.16126723539582363,conventional,Syracuse
2017-10-01,0.5560975609756097,0.10312062563845595,0.06028866900485018,0.18984163444139157,0.10049298594223331,0.10896650716676318,conventional,Syracuse
2017-09-24,0.5024390243902439,0.1181320732309429,0.030113184139015394,0.20492200042793846,0.18255555502961496,0.2621144722665959,conventional,Syracuse
2017-09-17,0.45853658536585357,0.13676707442260652,0.024266604051969305,0.2577215962953569,0.19964131050540818,0.2739756964647689,conventional,Syracuse
2017-09-10,0.5609756097560975,0.15901706320442935,0.015039301263036224,0.32184533568368834,0.2214486529316985,0.32297787531041766,conventional,Syracuse
2017-09-03,0.5853658536585364,0.13068327517708742,0.014225893285448338,0.25617889243300007,0.19021010423358456,0.2785159931502281,conventional,Syracuse
2017-08-27,0.473170731707317,0.1382946134716921,0.008858611662615326,0.26319722435168036,0.21943960951233607,0.3655227842001416,conventional,Syracuse
2017-08-20,0.4780487804878048,0.13304373780043824,0.0053616301530135455,0.25903736525961835,0.20791960539690063,0.3318036490720012,conventional,Syracuse
2017-08-13,0.49268292682926823,0.17220957369235426,0.006695915265629173,0.34759369655197825,0.2530958872349248,0.41030050775336957,conventional,Syracuse
2017-08-06,0.4682926829268292,0.15207468628584375,0.008606515741025432,0.29304614224843384,0.23780375785342173,0.38066139947481403,conventional,Syracuse
2017-07-30,0.4829268292682926,0.14139383946249218,0.007548345296732442,0.2605138945372668,0.2369568248129321,0.38804150891845635,conventional,Syracuse
2017-07-23,0.45853658536585357,0.14923793159699159,0.008027711040348131,0.28369710461394143,0.237088736665806,0.3824796339796889,conventional,Syracuse
2017-07-16,0.45853658536585357,0.15266442306051337,0.007250095704950216,0.30293159078316984,0.22193691433972937,0.35054622929073215,conventional,Syracuse
2017-07-09,0.45853658536585357,0.1701011933395019,0.006740857906574476,0.32007824754962744,0.2765918264129327,0.4109450695088712,conventional,Syracuse
2017-07-02,0.4780487804878048,0.15745165800266106,0.010249949708646547,0.33622314580088963,0.2012894495256755,0.2931241175414477,conventional,Syracuse
2017-06-25,0.5073170731707317,0.12759030896210785,0.010618708114366911,0.31226893804670197,0.11082676579912369,0.13964283244721426,conventional,Syracuse
2017-06-18,0.5365853658536585,0.13482443536218086,0.009472065255638182,0.31088571918453645,0.14139155483706117,0.2004652987667927,conventional,Syracuse
2017-06-11,0.5951219512195121,0.128397007370304,0.0072132938717210555,0.3044796084505087,0.12844499146234692,0.14660268885283798,conventional,Syracuse
