Practica_1/avocado_standarized.csv
Date,AveragePrice,Total Volume,4046,4225,Total Bags,Small Bags,type,region
2017-06-04,0.5902439024390242,0.14094649611464502,0.006567007930223186,0.2984067087142151,0.18880399711669446,0.26626962643782576,conventional,Syracuse
2017-05-28,0.6195121951219511,0.19163820463743084,0.0061369579887226265,0.38920319848549473,0.28072941092203346,0.44567183067344285,conventional,Syracuse
2017-05-21,0.5658536585365853,0.14376899608592691,0.0064212807441640166,0.280125731710946,0.2234907412972785,0.3406266630544224,conventional,Syracuse
2017-05-14,0.5951219512195121,0.1644390394147773,0.0069474056725955515,0.3058658030434641,0.27424259866886025,0.4373583025886269,conventional,Syracuse
2017-05-07,0.5804878048780486,0.19552726058790015,0.006949154937063484,0.3716147165474722,0.31776288214805726,0.4477533174462046,conventional,Syracuse
2017-04-30,0.44878048780487806,0.2117387840796198,0.010441965123703274,0.42453908055586653,0.3125374937337404,0.466740598084008,conventional,Syracuse
2017-04-23,0.5170731707317072,0.13918336985345117,0.013882230096902523,0.257957529236555,0.22294710727666683,0.3236428287675087,conventional,Syracuse
2017-04-16,0.5658536585365853,0.16488983113035716,0.014532418243751932,0.28586492449437373,0.29142704242997886,0.44764399952715783,conventional,Syracuse
2017-04-09,0.5707317073170731,0.17504389036325524,0.008225983439847841,0.3304079301808536,0.2850131076798152,0.2199300211997036,conventional,Syracuse
2017-04-02,0.5658536585365853,0.1651020485127355,0.01710834473158546,0.28384135670651783,0.291516799648759,0.3469611228376172,conventional,Syracuse
2017-03-26,0.45365853658536587,0.1937107175730379,0.010616891570496367,0.40106021036999673,0.2686763114445098,0.4104611882290512,conventional,Syracuse
2017-03-19,0.5609756097560975,0.15015269350356292,0.007297124007376514,0.28984850696250153,0.23619920243789536,0.34916434653565687,conventional,Syracuse
2017-03-12,0.5317073170731706,0.1619962332842296,0.006397060159223435,0.3084259942837629,0.26210769062178174,0.2487781461060819,conventional,Syracuse
2017-03-05,0.4780487804878048,0.1595989807503547,0.006658171520763433,0.3589795510614148,0.1882829586944424,0.3215429434669971,conventional,Syracuse
2017-02-26,0.5512195121951219,0.13252463765397485,0.007457921779620935,0.2902710607346654,0.16378897282999866,0.27857609500754416,conventional,Syracuse
2017-02-19,0.6195121951219511,0.13513114241326044,0.005597377179768546,0.3169319790451872,0.14323483766134307,0.24039531690007498,conventional,Syracuse
2017-02-12,0.5170731707317072,0.14894985012449377,0.008982069366409683,0.3192619054029352,0.19145616663798304,0.31996802949161346,conventional,Syracuse
2017-02-05,0.5121951219512194,0.2283007232325342,0.008181444475318215,0.5550493900460388,0.21815380386181105,0.37398380714908525,conventional,Syracuse
2017-01-29,0.44878048780487806,0.15753795505248142,0.008548184498960196,0.3133624482612522,0.23407959241470228,0.3893726424011551,conventional,Syracuse
2017-01-22,0.5268292682926828,0.17521916408622967,0.009022167890366868,0.3724625872703905,0.23160407938967947,0.38110204421442195,conventional,Syracuse
2017-01-15,0.4682926829268292,0.15048426394491907,0.007461823984972473,0.26499159001798195,0.26852814505052347,0.4517660363484381,conventional,Syracuse
2017-01-08,0.4829268292682926,0.14775008172302068,0.0082173043969108,0.29319797536945114,0.22093431280935538,0.379213435340904,conventional,Syracuse
2017-01-01,0.5414634146341463,0.14100852280558232,0.00574101870434672,0.3342929592792497,0.14504954107268003,0.24800908764613988,conventional,Syracuse
2018-03-25,0.45853658536585357,0.20619244698963757,0.06730887099107269,0.40446565085608943,0.23906134133366364,0.18147265189172898,conventional,Syracuse
2018-03-18,0.3707317073170731,0.15736872146407066,0.06023329805649989,0.23741457172857372,0.260678184110543,0.14083965667733936,conventional,Syracuse
2018-03-11,0.33170731707317075,0.19929968703097667,0.06609508328853646,0.3247495072331514,0.3130864863942792,0.3091424890846901,conventional,Syracuse
2018-03-04,0.32195121951219513,0.19683307178818538,0.04955289472993712,0.3606331363210616,0.2800196590636795,0.15271008013938725,conventional,Syracuse
2018-02-25,0.39024390243902435,0.15112109180505953,0.05164784076849225,0.22663569544954085,0.2601571456882909,0.31839035573706725,conventional,Syracuse
2018-02-18,0.4195121951219512,0.1442444754787779,0.03648636011031131,0.23815715826211656,0.23797389467110944,0.2456186589282459,conventional,Syracuse
2018-02-11,0.4195121951219512,0.17162398813743932,0.05961325108202099,0.32945399591049573,0.20340798782088318,0.19882016374383055,conventional,Syracuse
2018-02-04,0.34634146341463407,0.24806017783869358,0.038988682931686516,0.5464517952867259,0.268054351970296,0.11818171643238441,conventional,Syracuse
2015-12-20,0.34634146341463407,0.524648899607187,0.9848145678744888,0.1687010509997747,0.6138268450176839,0.7775806579957472,conventional,Tampa
2015-12-06,0.3560975609756097,0.4986881157189626,0.9782707040587646,0.21202804555418736,0.46224672946575873,0.5098178377099598,conventional,Tampa
2015-11-15,0.38048780487804873,0.5185600705768858,0.9317033328197674,0.2297398786185241,0.5824712100371613,0.667318281191139,conventional,Tampa
2015-11-08,0.3756097560975609,0.5018819192349666,0.9132632595928655,0.23629909778676483,0.5309634271931863,0.6248532525760622,conventional,Tampa
2015-10-25,0.33170731707317075,0.5138273066664394,0.7336748884339307,0.3679996995928917,0.6518930154683392,0.5518078776669624,conventional,Tampa
2015-10-18,0.32682926829268294,0.5634357005821394,0.7541759988804707,0.3852726123657202,0.80463184759385,0.756995771865002,conventional,Tampa
2015-09-27,0.33658536585365845,0.55359232390707,0.6665881067508825,0.49995918997773875,0.7357924370120902,0.6549472644532318,conventional,Tampa
2015-09-13,0.32195121951219513,0.5651155388787318,0.6570083271716615,0.49580195236280117,0.800586699623493,0.7683073400466495,conventional,Tampa
2015-08-30,0.3707317073170731,0.5765380263699975,0.8481279842620022,0.3802257020953396,0.7385983101886231,0.9918568116179343,conventional,Tampa
2015-01-18,0.4048780487804878,0.5026183983333445,0.8890475187692715,0.23858325457093507,0.5632517334530334,0.38339986700930856,conventional,Tampa
2015-01-11,0.39024390243902435,0.5164787719910042,0.9569668157802493,0.255189674497562,0.5083490735938638,0.3005919266340307,conventional,Tampa
2016-11-27,0.49268292682926823,0.58316093508048,0.6252531219324797,0.43463651448401536,0.9937576310381712,0.8013725608343487,conventional,Tampa
2016-11-06,0.49756097560975604,0.6243166987954236,0.7453164453062189,0.4800404982790357,0.9435642332576663,0.6722339078426944,conventional,Tampa
2016-10-30,0.5268292682926828,0.5825930526108679,0.6268185117930701,0.48183812307905954,0.928901744067606,0.655173719665619,conventional,Tampa
2016-10-23,0.5317073170731706,0.6187983659656912,0.6140743800707645,0.6561634469731858,0.8734706330009517,0.5413835784860495,conventional,Tampa
2016-06-12,0.38536585365853654,0.6830491223058501,0.9206193876363333,0.5448085542341107,0.8688831906699648,0.8787906525053198,conventional,Tampa
2016-03-20,0.32195121951219513,0.7165750319682358,0.998299916775379,0.48947909124015715,0.9717770259209023,0.8010050502425462,conventional,Tampa
2016-02-21,0.2975609756097561,0.7070501790438651,0.9867211988651311,0.47921225320918404,0.9611892465314639,0.8539150763822545,conventional,Tampa
